Component: Arm Compiler for Embedded 6.19 Tool: armlink [5e73cb00]

==============================================================================

Section Cross References

    startup_stm32f411xe.o(STACK) refers (Special) to heapauxi.o(.text) for __use_two_region_memory
    startup_stm32f411xe.o(HEAP) refers (Special) to heapauxi.o(.text) for __use_two_region_memory
    startup_stm32f411xe.o(RESET) refers (Special) to heapauxi.o(.text) for __use_two_region_memory
    startup_stm32f411xe.o(RESET) refers to startup_stm32f411xe.o(STACK) for __initial_sp
    startup_stm32f411xe.o(RESET) refers to startup_stm32f411xe.o(.text) for Reset_Handler
    startup_stm32f411xe.o(RESET) refers to stm32f4xx_it.o(.text.NMI_Handler) for NMI_Handler
    startup_stm32f411xe.o(RESET) refers to stm32f4xx_it.o(.text.HardFault_Handler) for HardFault_Handler
    startup_stm32f411xe.o(RESET) refers to stm32f4xx_it.o(.text.MemManage_Handler) for MemManage_Handler
    startup_stm32f411xe.o(RESET) refers to stm32f4xx_it.o(.text.BusFault_Handler) for BusFault_Handler
    startup_stm32f411xe.o(RESET) refers to stm32f4xx_it.o(.text.UsageFault_Handler) for UsageFault_Handler
    startup_stm32f411xe.o(RESET) refers to stm32f4xx_it.o(.text.SVC_Handler) for SVC_Handler
    startup_stm32f411xe.o(RESET) refers to stm32f4xx_it.o(.text.DebugMon_Handler) for DebugMon_Handler
    startup_stm32f411xe.o(RESET) refers to stm32f4xx_it.o(.text.PendSV_Handler) for PendSV_Handler
    startup_stm32f411xe.o(RESET) refers to stm32f4xx_it.o(.text.SysTick_Handler) for SysTick_Handler
    startup_stm32f411xe.o(RESET) refers to main.o(.text.EXTI0_IRQHandler) for EXTI0_IRQHandler
    startup_stm32f411xe.o(RESET) refers to main.o(.text.EXTI1_IRQHandler) for EXTI1_IRQHandler
    startup_stm32f411xe.o(RESET) refers to main.o(.text.EXTI2_IRQHandler) for EXTI2_IRQHandler
    startup_stm32f411xe.o(RESET) refers to main.o(.text.EXTI3_IRQHandler) for EXTI3_IRQHandler
    startup_stm32f411xe.o(RESET) refers to main.o(.text.EXTI4_IRQHandler) for EXTI4_IRQHandler
    startup_stm32f411xe.o(RESET) refers to main.o(.text.EXTI9_5_IRQHandler) for EXTI9_5_IRQHandler
    startup_stm32f411xe.o(RESET) refers to main.o(.text.TIM2_IRQHandler) for TIM2_IRQHandler
    startup_stm32f411xe.o(RESET) refers to stm32f4xx_it.o(.text.TIM3_IRQHandler) for TIM3_IRQHandler
    startup_stm32f411xe.o(RESET) refers to stm32f4xx_it.o(.text.TIM4_IRQHandler) for TIM4_IRQHandler
    startup_stm32f411xe.o(RESET) refers to main.o(.text.EXTI15_10_IRQHandler) for EXTI15_10_IRQHandler
    startup_stm32f411xe.o(RESET) refers to main.o(.text.DMA2_Stream0_IRQHandler) for DMA2_Stream0_IRQHandler
    startup_stm32f411xe.o(RESET) refers to stm32f4xx_it.o(.text.OTG_FS_IRQHandler) for OTG_FS_IRQHandler
    startup_stm32f411xe.o(.text) refers (Special) to heapauxi.o(.text) for __use_two_region_memory
    startup_stm32f411xe.o(.text) refers to system_stm32f4xx.o(.text.SystemInit) for SystemInit
    startup_stm32f411xe.o(.text) refers to __main.o(!!!main) for __main
    startup_stm32f411xe.o(.text) refers to startup_stm32f411xe.o(HEAP) for Heap_Mem
    startup_stm32f411xe.o(.text) refers to startup_stm32f411xe.o(STACK) for Stack_Mem
    main.o(.text.main) refers to stm32f4xx_hal.o(.text.HAL_Init) for HAL_Init
    main.o(.text.main) refers to main.o(.text.SystemClock_Config) for SystemClock_Config
    main.o(.text.main) refers to usb_device.o(.text.MX_USB_DEVICE_Init) for MX_USB_DEVICE_Init
    main.o(.text.main) refers to stm32f4xx_hal_tim.o(.text.HAL_TIM_Base_Init) for HAL_TIM_Base_Init
    main.o(.text.main) refers to stm32f4xx_hal_tim.o(.text.HAL_TIM_ConfigClockSource) for HAL_TIM_ConfigClockSource
    main.o(.text.main) refers to stm32f4xx_hal_tim_ex.o(.text.HAL_TIMEx_MasterConfigSynchronization) for HAL_TIMEx_MasterConfigSynchronization
    main.o(.text.main) refers to stm32f4xx_hal_cortex.o(.text.HAL_NVIC_SetPriority) for HAL_NVIC_SetPriority
    main.o(.text.main) refers to stm32f4xx_hal_cortex.o(.text.HAL_NVIC_EnableIRQ) for HAL_NVIC_EnableIRQ
    main.o(.text.main) refers to lpp_sdk.o(.text.Lpp_Init) for Lpp_Init
    main.o(.text.main) refers to stm32f4xx_hal_tim.o(.text.HAL_TIM_Base_Start_IT) for HAL_TIM_Base_Start_IT
    main.o(.text.main) refers to lpp_sdk.o(.text.Lpp_MainLoop) for Lpp_MainLoop
    main.o(.text.main) refers to main.o(.bss.htim3) for htim3
    main.o(.text.main) refers to main.o(.bss..L_MergedGlobals) for [Anonymous Symbol]
    main.o(.text.main) refers to stm32f4xx_hal.o(.text.HAL_Delay) for HAL_Delay
    main.o(.text.main) refers to lpp_core_gpio.o(.data.g_pins) for g_pins
    main.o(.ARM.exidx.text.main) refers to main.o(.text.main) for [Anonymous Symbol]
    main.o(.text.SystemClock_Config) refers to rt_memclr_w.o(.text) for __aeabi_memclr4
    main.o(.text.SystemClock_Config) refers to stm32f4xx_hal_rcc.o(.text.HAL_RCC_OscConfig) for HAL_RCC_OscConfig
    main.o(.text.SystemClock_Config) refers to stm32f4xx_hal_rcc.o(.text.HAL_RCC_ClockConfig) for HAL_RCC_ClockConfig
[...]
    HAL_IncTick                              0x08000fd1   Thumb Code    16  stm32f4xx_hal.o(.text.HAL_IncTick)
    HAL_Init                                 0x08000fe5   Thumb Code    48  stm32f4xx_hal.o(.text.HAL_Init)
    HAL_InitTick                             0x08001019   Thumb Code    56  stm32f4xx_hal.o(.text.HAL_InitTick)
    HAL_MspDeInit                            0x08001059   Thumb Code     2  stm32f4xx_hal.o(.text.HAL_MspDeInit)
    HAL_MspInit                              0x0800105d   Thumb Code    52  stm32f4xx_hal_msp.o(.text.HAL_MspInit)
    HAL_NVIC_EnableIRQ                       0x08001095   Thumb Code    32  stm32f4xx_hal_cortex.o(.text.HAL_NVIC_EnableIRQ)
    HAL_NVIC_SetPriority                     0x080010b9   Thumb Code    72  stm32f4xx_hal_cortex.o(.text.HAL_NVIC_SetPriority)
    HAL_NVIC_SetPriorityGrouping             0x08001105   Thumb Code    24  stm32f4xx_hal_cortex.o(.text.HAL_NVIC_SetPriorityGrouping)
    HAL_NVIC_SystemReset                     0x08001125   Thumb Code     4  stm32f4xx_hal_cortex.o(.text.HAL_NVIC_SystemReset)
    HAL_PCDEx_LPM_Callback                   0x08001129   Thumb Code     2  stm32f4xx_hal_pcd_ex.o(.text.HAL_PCDEx_LPM_Callback)
    HAL_PCDEx_SetRxFiFo                      0x0800112b   Thumb Code     8  stm32f4xx_hal_pcd_ex.o(.text.HAL_PCDEx_SetRxFiFo)
    HAL_PCDEx_SetTxFiFo                      0x08001133   Thumb Code    64  stm32f4xx_hal_pcd_ex.o(.text.HAL_PCDEx_SetTxFiFo)
    HAL_PCD_ConnectCallback                  0x08001173   Thumb Code     8  usbd_conf.o(.text.HAL_PCD_ConnectCallback)
    HAL_PCD_DataInStageCallback              0x0800117b   Thumb Code    18  usbd_conf.o(.text.HAL_PCD_DataInStageCallback)
    HAL_PCD_DataOutStageCallback             0x0800118d   Thumb Code    20  usbd_conf.o(.text.HAL_PCD_DataOutStageCallback)
    HAL_PCD_DisconnectCallback               0x080011a1   Thumb Code     8  usbd_conf.o(.text.HAL_PCD_DisconnectCallback)
    HAL_PCD_EP_Abort                         0x080011a9   Thumb Code    34  stm32f4xx_hal_pcd.o(.text.HAL_PCD_EP_Abort)
    HAL_PCD_EP_Close                         0x080011cb   Thumb Code    60  stm32f4xx_hal_pcd.o(.text.HAL_PCD_EP_Close)
    HAL_PCD_EP_ClrStall                      0x08001207   Thumb Code    78  stm32f4xx_hal_pcd.o(.text.HAL_PCD_EP_ClrStall)
    HAL_PCD_EP_Open                          0x08001255   Thumb Code    82  stm32f4xx_hal_pcd.o(.text.HAL_PCD_EP_Open)
    HAL_PCD_EP_Receive                       0x080012a7   Thumb Code    56  stm32f4xx_hal_pcd.o(.text.HAL_PCD_EP_Receive)
    HAL_PCD_EP_SetStall                      0x080012df   Thumb Code   108  stm32f4xx_hal_pcd.o(.text.HAL_PCD_EP_SetStall)
    HAL_PCD_EP_Transmit                      0x0800134b   Thumb Code    52  stm32f4xx_hal_pcd.o(.text.HAL_PCD_EP_Transmit)
    HAL_PCD_IRQHandler                       0x08001381   Thumb Code  1762  stm32f4xx_hal_pcd.o(.text.HAL_PCD_IRQHandler)
    HAL_PCD_ISOINIncompleteCallback          0x08001a63   Thumb Code     8  usbd_conf.o(.text.HAL_PCD_ISOINIncompleteCallback)
    HAL_PCD_ISOOUTIncompleteCallback         0x08001a6b   Thumb Code     8  usbd_conf.o(.text.HAL_PCD_ISOOUTIncompleteCallback)
    HAL_PCD_Init                             0x08001a73   Thumb Code   184  stm32f4xx_hal_pcd.o(.text.HAL_PCD_Init)
    HAL_PCD_MspInit                          0x08001b2d   Thumb Code   112  usbd_conf.o(.text.HAL_PCD_MspInit)
    HAL_PCD_ResetCallback                    0x08001ba5   Thumb Code    36  usbd_conf.o(.text.HAL_PCD_ResetCallback)
    HAL_PCD_ResumeCallback                   0x08001bc9   Thumb Code     8  usbd_conf.o(.text.HAL_PCD_ResumeCallback)
    HAL_PCD_SOFCallback                      0x08001bd1   Thumb Code     8  usbd_conf.o(.text.HAL_PCD_SOFCallback)
    HAL_PCD_SetAddress                       0x08001bd9   Thumb Code    26  stm32f4xx_hal_pcd.o(.text.HAL_PCD_SetAddress)
    HAL_PCD_SetupStageCallback               0x08001bf3   Thumb Code    14  usbd_conf.o(.text.HAL_PCD_SetupStageCallback)
    HAL_PCD_Start                            0x08001c01   Thumb Code    46  stm32f4xx_hal_pcd.o(.text.HAL_PCD_Start)
    HAL_PCD_SuspendCallback                  0x08001c31   Thumb Code    44  usbd_conf.o(.text.HAL_PCD_SuspendCallback)
    HAL_PWR_EnableBkUpAccess                 0x08001c61   Thumb Code    20  stm32f4xx_hal_pwr.o(.text.HAL_PWR_EnableBkUpAccess)
    HAL_RCC_ClockConfig                      0x08001c7d   Thumb Code   264  stm32f4xx_hal_rcc.o(.text.HAL_RCC_ClockConfig)
    HAL_RCC_GetHCLKFreq                      0x08001d91   Thumb Code     8  stm32f4xx_hal_rcc.o(.text.HAL_RCC_GetHCLKFreq)
    HAL_RCC_GetPCLK2Freq                     0x08001d99   Thumb Code    20  stm32f4xx_hal_rcc.o(.text.HAL_RCC_GetPCLK2Freq)
    HAL_RCC_GetSysClockFreq                  0x08001db9   Thumb Code    80  stm32f4xx_hal_rcc.o(.text.HAL_RCC_GetSysClockFreq)
    HAL_RCC_OscConfig                        0x08001e15   Thumb Code   796  stm32f4xx_hal_rcc.o(.text.HAL_RCC_OscConfig)
    HAL_SYSTICK_Config                       0x0800213d   Thumb Code    32  stm32f4xx_hal_cortex.o(.text.HAL_SYSTICK_Config)
    HAL_TIMEx_BreakCallback                  0x08002165   Thumb Code     2  stm32f4xx_hal_tim_ex.o(.text.HAL_TIMEx_BreakCallback)
    HAL_TIMEx_CommutCallback                 0x08002167   Thumb Code     2  stm32f4xx_hal_tim_ex.o(.text.HAL_TIMEx_CommutCallback)
    HAL_TIMEx_MasterConfigSynchronization    0x08002169   Thumb Code    96  stm32f4xx_hal_tim_ex.o(.text.HAL_TIMEx_MasterConfigSynchronization)
    HAL_TIM_Base_Init                        0x080021c9   Thumb Code    30  stm32f4xx_hal_tim.o(.text.HAL_TIM_Base_Init)
    HAL_TIM_Base_MspInit                     0x080021e9   Thumb Code    96  stm32f4xx_hal_msp.o(.text.HAL_TIM_Base_MspInit)
    HAL_TIM_Base_Start_IT                    0x0800224d   Thumb Code    88  stm32f4xx_hal_tim.o(.text.HAL_TIM_Base_Start_IT)
    HAL_TIM_Base_Stop_IT                     0x080022b5   Thumb Code    46  stm32f4xx_hal_tim.o(.text.HAL_TIM_Base_Stop_IT)
    HAL_TIM_ConfigClockSource                0x080022e3   Thumb Code   180  stm32f4xx_hal_tim.o(.text.HAL_TIM_ConfigClockSource)
    HAL_TIM_IC_CaptureCallback               0x08002397   Thumb Code     2  stm32f4xx_hal_tim.o(.text.HAL_TIM_IC_CaptureCallback)
    HAL_TIM_IRQHandler                       0x08002399   Thumb Code   266  stm32f4xx_hal_tim.o(.text.HAL_TIM_IRQHandler)
    HAL_TIM_OC_ConfigChannel                 0x080024a5   Thumb Code    74  stm32f4xx_hal_tim.o(.text.HAL_TIM_OC_ConfigChannel)
    HAL_TIM_OC_DelayElapsedCallback          0x080024ef   Thumb Code     2  stm32f4xx_hal_tim.o(.text.HAL_TIM_OC_DelayElapsedCallback)
    HAL_TIM_OnePulse_Init                    0x080024f1   Thumb Code    52  stm32f4xx_hal_tim.o(.text.HAL_TIM_OnePulse_Init)
    HAL_TIM_OnePulse_MspInit                 0x08002525   Thumb Code     2  stm32f4xx_hal_tim.o(.text.HAL_TIM_OnePulse_MspInit)
    HAL_TIM_PWM_PulseFinishedCallback        0x08002527   Thumb Code     2  stm32f4xx_hal_tim.o(.text.HAL_TIM_PWM_PulseFinishedCallback)
    HAL_TIM_PeriodElapsedCallback            0x08002529   Thumb Code    48  main.o(.text.HAL_TIM_PeriodElapsedCallback)
    HAL_TIM_TriggerCallback                  0x0800255d   Thumb Code     2  stm32f4xx_hal_tim.o(.text.HAL_TIM_TriggerCallback)
    HardFault_Handler                        0x0800255f   Thumb Code     2  stm32f4xx_it.o(.text.HardFault_Handler)
    Hardware_Init_System_Pins                0x08002561   Thumb Code    36  lpp_sdk.o(.text.Hardware_Init_System_Pins)
    InitPin                                  0x0800258d   Thumb Code     6  lpp_core_gpio.o(.text.InitPin)
    InitPinEx                                0x08002595   Thumb Code   304  lpp_core_gpio.o(.text.InitPinEx)
    JumpToApplication                        0x08002729   Thumb Code    80  lpp_sdk.o(.text.JumpToApplication)
    LPP_BootFlag_Read                        0x08002781   Thumb Code    20  lpp_sdk.o(.text.LPP_BootFlag_Read)
    LPP_BootFlag_Write                       0x08002795   Thumb Code    20  lpp_sdk.o(.text.LPP_BootFlag_Write)
    Laser_Off                                0x080027b1   Thumb Code    40  main.o(.text.Laser_Off)
    Laser_Ready                              0x080027e1   Thumb Code    28  main.o(.text.Laser_Ready)
    Lpp_Init                                 0x0800280d   Thumb Code    84  lpp_sdk.o(.text.Lpp_Init)
    Lpp_MainLoop                             0x08002869   Thumb Code   296  lpp_sdk.o(.text.Lpp_MainLoop)
    MX_USB_DEVICE_Init                       0x080029ad   Thumb Code    64  usb_device.o(.text.MX_USB_DEVICE_Init)
    MemManage_Handler                        0x080029fd   Thumb Code     2  stm32f4xx_it.o(.text.MemManage_Handler)
    NMI_Handler                              0x080029ff   Thumb Code     2  stm32f4xx_it.o(.text.NMI_Handler)
    OTG_FS_IRQHandler                        0x08002a01   Thumb Code     8  stm32f4xx_it.o(.text.OTG_FS_IRQHandler)
    PWM_LaserLight_LinkHardware              0x08002c75   Thumb Code   180  main.o(.text.PWM_LaserLight_LinkHardware)
    PacketReceive                            0x08002d51   Thumb Code  1224  lpp_sdk.o(.text.PacketReceive)
    PacketSend                               0x08003261   Thumb Code    12  main.o(.text.PacketSend)
    PendSV_Handler                           0x08003271   Thumb Code     2  stm32f4xx_it.o(.text.PendSV_Handler)
    PrintStopJob                             0x08003275   Thumb Code    40  lpp_sdk.o(.text.PrintStopJob)
    SVC_Handler                              0x080032a5   Thumb Code     2  stm32f4xx_it.o(.text.SVC_Handler)
    SetLaserLightPWMFrequency                0x080032a9   Thumb Code   192  main.o(.text.SetLaserLightPWMFrequency)
    SetLaserPWM                              0x08003381   Thumb Code    60  main.o(.text.SetLaserPWM)
    SetLight1PWM                             0x080033c9   Thumb Code    60  main.o(.text.SetLight1PWM)
    SetLight2PWM                             0x08003409   Thumb Code    60  main.o(.text.SetLight2PWM)
    SetPinConfiguration                      0x0800344d   Thumb Code   256  lpp_core_gpio.o(.text.SetPinConfiguration)
    SysTick_Handler                          0x08003555   Thumb Code     4  stm32f4xx_it.o(.text.SysTick_Handler)
    SystemClock_Config                       0x08003559   Thumb Code   148  main.o(.text.SystemClock_Config)
    SystemInit                               0x080035f5   Thumb Code    12  system_stm32f4xx.o(.text.SystemInit)
    TIM2_IRQHandler                          0x08003605   Thumb Code   316  main.o(.text.TIM2_IRQHandler)
    TIM3_IRQHandler                          0x08003759   Thumb Code     8  stm32f4xx_it.o(.text.TIM3_IRQHandler)
    TIM4_IRQHandler                          0x08003765   Thumb Code     8  stm32f4xx_it.o(.text.TIM4_IRQHandler)
    TIM_Base_SetConfig                       0x08003771   Thumb Code   132  stm32f4xx_hal_tim.o(.text.TIM_Base_SetConfig)
    TIM_OC2_SetConfig                        0x08003859   Thumb Code    88  stm32f4xx_hal_tim.o(.text.TIM_OC2_SetConfig)
    USBD_CUSTOM_HID_ReceivePacket            0x08003b63   Thumb Code    32  usbd_customhid.o(.text.USBD_CUSTOM_HID_ReceivePacket)
    USBD_CUSTOM_HID_RegisterInterface        0x08003b83   Thumb Code    22  usbd_customhid.o(.text.USBD_CUSTOM_HID_RegisterInterface)
    USBD_CUSTOM_HID_SendReport               0x08003b99   Thumb Code    56  usbd_customhid.o(.text.USBD_CUSTOM_HID_SendReport)
    USBD_ClrClassConfig                      0x08003cc5   Thumb Code    18  usbd_core.o(.text.USBD_ClrClassConfig)
    USBD_CoreFindEP                          0x08003cd7   Thumb Code     4  usbd_core.o(.text.USBD_CoreFindEP)
    USBD_CoreFindIF                          0x08003cdb   Thumb Code     4  usbd_core.o(.text.USBD_CoreFindIF)
    USBD_CtlContinueRx                       0x08003cdf   Thumb Code    16  usbd_ioreq.o(.text.USBD_CtlContinueRx)
    USBD_CtlContinueSendData                 0x08003cef   Thumb Code    16  usbd_ioreq.o(.text.USBD_CtlContinueSendData)
    USBD_CtlError                            0x08003cff   Thumb Code    22  usbd_ctlreq.o(.text.USBD_CtlError)
    USBD_CtlPrepareRx                        0x08003d15   Thumb Code    30  usbd_ioreq.o(.text.USBD_CtlPrepareRx)
    USBD_CtlReceiveStatus                    0x08003d33   Thumb Code    22  usbd_ioreq.o(.text.USBD_CtlReceiveStatus)
    USBD_CtlSendData                         0x08003d49   Thumb Code    28  usbd_ioreq.o(.text.USBD_CtlSendData)
    USBD_CtlSendStatus                       0x08003d65   Thumb Code    22  usbd_ioreq.o(.text.USBD_CtlSendStatus)
    USBD_FS_ConfigStrDescriptor              0x08003d7d   Thumb Code    16  usbd_desc.o(.text.USBD_FS_ConfigStrDescriptor)
    USBD_FS_DeviceDescriptor                 0x08003da1   Thumb Code     8  usbd_desc.o(.text.USBD_FS_DeviceDescriptor)
    USBD_FS_InterfaceStrDescriptor           0x08003dad   Thumb Code    16  usbd_desc.o(.text.USBD_FS_InterfaceStrDescriptor)
    USBD_FS_LangIDStrDescriptor              0x08003dd5   Thumb Code     8  usbd_desc.o(.text.USBD_FS_LangIDStrDescriptor)
    USBD_FS_ManufacturerStrDescriptor        0x08003de1   Thumb Code    16  usbd_desc.o(.text.USBD_FS_ManufacturerStrDescriptor)
    USBD_FS_ProductStrDescriptor             0x08003e05   Thumb Code    16  usbd_desc.o(.text.USBD_FS_ProductStrDescriptor)
    USBD_FS_SerialStrDescriptor              0x08003e39   Thumb Code    44  usbd_desc.o(.text.USBD_FS_SerialStrDescriptor)
    USBD_GetEpDesc                           0x08003e6d   Thumb Code    42  usbd_core.o(.text.USBD_GetEpDesc)
    USBD_GetString                           0x08003ea7   Thumb Code    52  usbd_ctlreq.o(.text.USBD_GetString)
    USBD_Get_USB_Status                      0x08003edd   Thumb Code    20  usbd_conf.o(.text.USBD_Get_USB_Status)
    USBD_Init                                0x08003ef5   Thumb Code    38  usbd_core.o(.text.USBD_Init)
    USBD_LL_ClearStallEP                     0x08003f1b   Thumb Code    18  usbd_conf.o(.text.USBD_LL_ClearStallEP)
    USBD_LL_CloseEP                          0x08003f2d   Thumb Code    18  usbd_conf.o(.text.USBD_LL_CloseEP)
    USBD_LL_DataInStage                      0x08003f3f   Thumb Code   164  usbd_core.o(.text.USBD_LL_DataInStage)
    USBD_LL_DataOutStage                     0x08003fe3   Thumb Code   110  usbd_core.o(.text.USBD_LL_DataOutStage)
    USBD_LL_DevConnected                     0x08004051   Thumb Code     4  usbd_core.o(.text.USBD_LL_DevConnected)
    USBD_LL_DevDisconnected                  0x08004055   Thumb Code    32  usbd_core.o(.text.USBD_LL_DevDisconnected)
    USBD_LL_Init                             0x08004075   Thumb Code    88  usbd_conf.o(.text.USBD_LL_Init)
    USBD_LL_IsStallEP                        0x080040d1   Thumb Code    34  usbd_conf.o(.text.USBD_LL_IsStallEP)
    USBD_LL_IsoINIncomplete                  0x080040f3   Thumb Code    30  usbd_core.o(.text.USBD_LL_IsoINIncomplete)
    USBD_LL_IsoOUTIncomplete                 0x08004111   Thumb Code    30  usbd_core.o(.text.USBD_LL_IsoOUTIncomplete)
    USBD_LL_OpenEP                           0x0800412f   Thumb Code    24  usbd_conf.o(.text.USBD_LL_OpenEP)
    USBD_LL_PrepareReceive                   0x08004147   Thumb Code    18  usbd_conf.o(.text.USBD_LL_PrepareReceive)
    USBD_LL_Reset                            0x08004159   Thumb Code    98  usbd_core.o(.text.USBD_LL_Reset)
    USBD_LL_Resume                           0x080041bb   Thumb Code    20  usbd_core.o(.text.USBD_LL_Resume)
    USBD_LL_SOF                              0x080041cf   Thumb Code    26  usbd_core.o(.text.USBD_LL_SOF)
    USBD_LL_SetSpeed                         0x080041e9   Thumb Code     6  usbd_core.o(.text.USBD_LL_SetSpeed)
    USBD_LL_SetUSBAddress                    0x080041ef   Thumb Code    18  usbd_conf.o(.text.USBD_LL_SetUSBAddress)
    USBD_LL_SetupStage                       0x08004201   Thumb Code    96  usbd_core.o(.text.USBD_LL_SetupStage)
    USBD_LL_StallEP                          0x08004261   Thumb Code    18  usbd_conf.o(.text.USBD_LL_StallEP)
    USBD_LL_Start                            0x08004273   Thumb Code    18  usbd_conf.o(.text.USBD_LL_Start)
    USBD_LL_Suspend                          0x08004285   Thumb Code    26  usbd_core.o(.text.USBD_LL_Suspend)
    USBD_LL_Transmit                         0x0800429f   Thumb Code    18  usbd_conf.o(.text.USBD_LL_Transmit)
    USBD_ParseSetupRequest                   0x080042b1   Thumb Code    22  usbd_ctlreq.o(.text.USBD_ParseSetupRequest)
    USBD_RegisterClass                       0x080042c7   Thumb Code    60  usbd_core.o(.text.USBD_RegisterClass)
    USBD_SetClassConfig                      0x08004303   Thumb Code    14  usbd_core.o(.text.USBD_SetClassConfig)
    USBD_Start                               0x08004311   Thumb Code     4  usbd_core.o(.text.USBD_Start)
    USBD_StdDevReq                           0x08004315   Thumb Code   684  usbd_ctlreq.o(.text.USBD_StdDevReq)
    USBD_StdEPReq                            0x080045c5   Thumb Code   308  usbd_ctlreq.o(.text.USBD_StdEPReq)
    USBD_StdItfReq                           0x080046f9   Thumb Code    96  usbd_ctlreq.o(.text.USBD_StdItfReq)
    USBD_static_free                         0x08004759   Thumb Code     2  usbd_conf.o(.text.USBD_static_free)
    USBD_static_malloc                       0x0800475d   Thumb Code     4  usbd_conf.o(.text.USBD_static_malloc)
    USB_ActivateEndpoint                     0x08004765   Thumb Code   120  stm32f4xx_ll_usb.o(.text.USB_ActivateEndpoint)
    USB_ActivateSetup                        0x080047e1   Thumb Code    26  stm32f4xx_ll_usb.o(.text.USB_ActivateSetup)
    USB_CoreInit                             0x080047fd   Thumb Code   128  stm32f4xx_ll_usb.o(.text.USB_CoreInit)
    USB_DeactivateEndpoint                   0x080048c9   Thumb Code   116  stm32f4xx_ll_usb.o(.text.USB_DeactivateEndpoint)
    USB_DevConnect                           0x08004941   Thumb Code    24  stm32f4xx_ll_usb.o(.text.USB_DevConnect)
    USB_DevDisconnect                        0x08004959   Thumb Code    24  stm32f4xx_ll_usb.o(.text.USB_DevDisconnect)
    USB_DevInit                              0x08004971   Thumb Code   388  stm32f4xx_ll_usb.o(.text.USB_DevInit)
    USB_DisableGlobalInt                     0x08004afd   Thumb Code    12  stm32f4xx_ll_usb.o(.text.USB_DisableGlobalInt)
    USB_EP0_OutStart                         0x08004b09   Thumb Code    84  stm32f4xx_ll_usb.o(.text.USB_EP0_OutStart)
    USB_EPClearStall                         0x08004b61   Thumb Code    78  stm32f4xx_ll_usb.o(.text.USB_EPClearStall)
    USB_EPSetStall                           0x08004baf   Thumb Code    54  stm32f4xx_ll_usb.o(.text.USB_EPSetStall)
    USB_EPStartXfer                          0x08004be5   Thumb Code   432  stm32f4xx_ll_usb.o(.text.USB_EPStartXfer)
    USB_EPStopXfer                           0x08004d99   Thumb Code   104  stm32f4xx_ll_usb.o(.text.USB_EPStopXfer)
    USB_EnableGlobalInt                      0x08004e01   Thumb Code    12  stm32f4xx_ll_usb.o(.text.USB_EnableGlobalInt)
    USB_FlushRxFifo                          0x08004e0d   Thumb Code    58  stm32f4xx_ll_usb.o(.text.USB_FlushRxFifo)
    USB_FlushTxFifo                          0x08004e47   Thumb Code    64  stm32f4xx_ll_usb.o(.text.USB_FlushTxFifo)
    USB_GetDevSpeed                          0x08004e89   Thumb Code    16  stm32f4xx_ll_usb.o(.text.USB_GetDevSpeed)
    USB_GetMode                              0x08004ea1   Thumb Code     8  stm32f4xx_ll_usb.o(.text.USB_GetMode)
    USB_ReadDevAllInEpInterrupt              0x08004ea9   Thumb Code    14  stm32f4xx_ll_usb.o(.text.USB_ReadDevAllInEpInterrupt)
    USB_ReadDevAllOutEpInterrupt             0x08004eb7   Thumb Code    14  stm32f4xx_ll_usb.o(.text.USB_ReadDevAllOutEpInterrupt)
    USB_ReadDevInEPInterrupt                 0x08004ec5   Thumb Code    36  stm32f4xx_ll_usb.o(.text.USB_ReadDevInEPInterrupt)
    USB_ReadDevOutEPInterrupt                0x08004ee9   Thumb Code    16  stm32f4xx_ll_usb.o(.text.USB_ReadDevOutEPInterrupt)
    USB_ReadInterrupts                       0x08004ef9   Thumb Code     8  stm32f4xx_ll_usb.o(.text.USB_ReadInterrupts)
    USB_ReadPacket                           0x08004f01   Thumb Code    54  stm32f4xx_ll_usb.o(.text.USB_ReadPacket)
    USB_SetCurrentMode                       0x08004f37   Thumb Code    98  stm32f4xx_ll_usb.o(.text.USB_SetCurrentMode)
    USB_SetDevAddress                        0x08004f99   Thumb Code    32  stm32f4xx_ll_usb.o(.text.USB_SetDevAddress)
    USB_SetTurnaroundTime                    0x08004fb9   Thumb Code   168  stm32f4xx_ll_usb.o(.text.USB_SetTurnaroundTime)
    USB_WritePacket                          0x080050a9   Thumb Code    34  stm32f4xx_ll_usb.o(.text.USB_WritePacket)
    UsageFault_Handler                       0x080050cb   Thumb Code     2  stm32f4xx_it.o(.text.UsageFault_Handler)
    XCalculatePower                          0x080050cd   Thumb Code   124  lpp_sdk.o(.text.XCalculatePower)
    XEncoderCallback                         0x0800514d   Thumb Code   400  lpp_sdk.o(.text.XEncoderCallback)
    XEncoder_Update                          0x080052f5   Thumb Code    60  lpp_sdk.o(.text.XEncoder_Update)
    XInterpTimerCallback                     0x08005339   Thumb Code    88  lpp_sdk.o(.text.XInterpTimerCallback)
    XInterpTimerStart                        0x080053a1   Thumb Code    32  main.o(.text.XInterpTimerStart)
    XMotorInit                               0x080053c5   Thumb Code   268  main.o(.text.XMotorInit)
    XMotorSet                                0x080054dd   Thumb Code    96  main.o(.text.XMotorSet)
    XMove                                    0x0800554d   Thumb Code    96  lpp_sdk.o(.text.XMove)
    XStartTracking                           0x080055b1   Thumb Code    72  lpp_sdk.o(.text.XStartTracking)
    XStepperStepCallback                     0x080055fd   Thumb Code   388  lpp_sdk.o(.text.XStepperStepCallback)
    XStopTracking                            0x08005789   Thumb Code    40  lpp_sdk.o(.text.XStopTracking)
    XTimerCallback                           0x080057b5   Thumb Code   636  lpp_sdk.o(.text.XTimerCallback)
    XTimerSet                                0x08005a41   Thumb Code    32  main.o(.text.XTimerSet)
    YCalculatePower                          0x08005a99   Thumb Code   124  lpp_sdk.o(.text.YCalculatePower)
    YMove                                    0x08005b1d   Thumb Code    96  lpp_sdk.o(.text.YMove)
    YSetEnable                               0x08005b81   Thumb Code    40  lpp_sdk.o(.text.YSetEnable)
    YTimerCallback                           0x08005bad   Thumb Code   112  lpp_sdk.o(.text.YTimerCallback)
    YTimerSet                                0x08005c25   Thumb Code    20  main.o(.text.YTimerSet)
    flash_erase_area                         0x08005c5d   Thumb Code    78  lpp_sdk.o(.text.flash_erase_area)
    flash_write_buffer                       0x08005cab   Thumb Code    70  lpp_sdk.o(.text.flash_write_buffer)
    main                                     0x08005cf1   Thumb Code   380  main.o(.text.main)
    _fp_init                                 0x08005e8d   Thumb Code    26  fpinit.o(x$fpl$fpinit)
    __fplib_config_fpu_vfp                   0x08005ea5   Thumb Code     0  fpinit.o(x$fpl$fpinit)
    __fplib_config_pureend_doubles           0x08005ea5   Thumb Code     0  fpinit.o(x$fpl$fpinit)
    AHBPrescTable                            0x08005ea6   Data          16  system_stm32f4xx.o(.rodata.AHBPrescTable)
    APBPrescTable                            0x08005eb6   Data           8  system_stm32f4xx.o(.rodata.APBPrescTable)
    Region$$Table$$Base                      0x08005efc   Number         0  anon$$obj.o(Region$$Table)
    Region$$Table$$Limit                     0x08005f1c   Number         0  anon$$obj.o(Region$$Table)
    APP_KEY0                                 0x08007fec   Data           4  main.o(.ARM.__at_0x08007FEC)
    APP_KEY1                                 0x08007ff0   Data           4  main.o(.ARM.__at_0x08007FF0)
    APP_KEY2                                 0x08007ff4   Data           4  main.o(.ARM.__at_0x08007FF4)
    APP_KEY3                                 0x08007ff8   Data           4  main.o(.ARM.__at_0x08007FF8)
    APP_VER_F                                0x08007ffc   Data           4  main.o(.ARM.__at_0x08007FFC)
    uwTickFreq                               0x20000000   Data           1  stm32f4xx_hal.o(.data..L_MergedGlobals)
    uwTickPrio                               0x20000004   Data           4  stm32f4xx_hal.o(.data..L_MergedGlobals)
    NextBuffer                               0x20000008   Data           1  lpp_sdk.o(.data..L_MergedGlobals)
    INTERPOL_X                               0x20000009   Data           1  lpp_sdk.o(.data..L_MergedGlobals)
    Y_STATUS                                 0x2000000a   Data           1  lpp_sdk.o(.data..L_MergedGlobals)
    W_X_SPEED_SET                            0x2000000c   Data           2  lpp_sdk.o(.data..L_MergedGlobals)
    W_X_POWER_MAX                            0x2000000e   Data           2  lpp_sdk.o(.data..L_MergedGlobals)
    X_MIN_POW                                0x20000010   Data           2  lpp_sdk.o(.data..L_MergedGlobals)
    Y_MIN_POW                                0x20000012   Data           2  lpp_sdk.o(.data..L_MergedGlobals)
    FS_Desc                                  0x20000038   Data          28  usbd_desc.o(.data.FS_Desc)
    SystemCoreClock                          0x20000054   Data           4  system_stm32f4xx.o(.data.SystemCoreClock)
    USBD_CUSTOM_HID                          0x20000058   Data          56  usbd_customhid.o(.data.USBD_CUSTOM_HID)
    USBD_CustomHID_fops_FS                   0x200000d4   Data          16  usbd_custom_hid_if.o(.data.USBD_CustomHID_fops_FS)
    USBD_FS_DeviceDesc                       0x200000e4   Data          18  usbd_desc.o(.data.USBD_FS_DeviceDesc)
    USBD_LangIDDesc                          0x200000f8   Data           4  usbd_desc.o(.data.USBD_LangIDDesc)
    USBD_StringSerial                        0x200000fc   Data          26  usbd_desc.o(.data.USBD_StringSerial)
    g_pins                                   0x20000118   Data         400  lpp_core_gpio.o(.data.g_pins)
    pFlash                                   0x200002a8   Data          32  stm32f4xx_hal_flash.o(.data.pFlash)
    __libspace_start                         0x200002c8   Data          96  libspace.o(.bss)
    __temporary_stack_top$libspace           0x20000328   Data           0  libspace.o(.bss)
    X_PWM_CURRENT                            0x2000032c   Data           4  main.o(.bss..L_MergedGlobals)
    raw_pin_masks                            0x20000330   Data          12  main.o(.bss..L_MergedGlobals)
    dma_pwm_masks                            0x2000033c   Data          24  main.o(.bss..L_MergedGlobals)
    htim4                                    0x20000354   Data          72  main.o(.bss..L_MergedGlobals)
    needSendStatusReport                     0x2000039c   Data           1  lpp_sdk.o(.bss..L_MergedGlobals.1)
    CURRENT_PRINT_DIRECTION                  0x2000039d   Data           1  lpp_sdk.o(.bss..L_MergedGlobals.1)
    X_STOPPING                               0x2000039e   Data           1  lpp_sdk.o(.bss..L_MergedGlobals.1)
    X_TRACKING_ACTIVE                        0x2000039f   Data           1  lpp_sdk.o(.bss..L_MergedGlobals.1)
    activeBuffer                             0x200003a0   Data           1  lpp_sdk.o(.bss..L_MergedGlobals.1)
    interp_counter                           0x200003a1   Data           1  lpp_sdk.o(.bss..L_MergedGlobals.1)
    W_X_EN_DIRECT                            0x200003a2   Data           1  lpp_sdk.o(.bss..L_MergedGlobals.1)
    X_MOTOR_MODE                             0x200003a3   Data           1  lpp_sdk.o(.bss..L_MergedGlobals.1)
    X_POLAR_DYNAMIC                          0x200003a4   Data           1  lpp_sdk.o(.bss..L_MergedGlobals.1)
    W_X_POL_DIR                              0x200003a5   Data           1  lpp_sdk.o(.bss..L_MergedGlobals.1)
    W_X_POL_PWM                              0x200003a6   Data           1  lpp_sdk.o(.bss..L_MergedGlobals.1)
    W_X_POL_EN                               0x200003a7   Data           1  lpp_sdk.o(.bss..L_MergedGlobals.1)
    X_PIN                                    0x200003a8   Data           1  lpp_sdk.o(.bss..L_MergedGlobals.1)
    X_DIR_HI                                 0x200003a9   Data           1  lpp_sdk.o(.bss..L_MergedGlobals.1)
    X_DIR_LO                                 0x200003aa   Data           1  lpp_sdk.o(.bss..L_MergedGlobals.1)
    X_STEP_HI                                0x200003ab   Data           1  lpp_sdk.o(.bss..L_MergedGlobals.1)
    X_STEP_LO                                0x200003ac   Data           1  lpp_sdk.o(.bss..L_MergedGlobals.1)
    X_MOTION                                 0x200003ad   Data           1  lpp_sdk.o(.bss..L_MergedGlobals.1)
    X_RETURN_DONE                            0x200003ae   Data           1  lpp_sdk.o(.bss..L_MergedGlobals.1)
    Y_MOTION                                 0x200003af   Data           1  lpp_sdk.o(.bss..L_MergedGlobals.1)
    Y_DIR_HI                                 0x200003b0   Data           1  lpp_sdk.o(.bss..L_MergedGlobals.1)
    Y_DIR_LO                                 0x200003b1   Data           1  lpp_sdk.o(.bss..L_MergedGlobals.1)
    Y_STEP_HI                                0x200003b2   Data           1  lpp_sdk.o(.bss..L_MergedGlobals.1)
    Y_STEP_LO                                0x200003b3   Data           1  lpp_sdk.o(.bss..L_MergedGlobals.1)
    START_PRINT                              0x200003b4   Data           1  lpp_sdk.o(.bss..L_MergedGlobals.1)
    PRINT_ACTIVE                             0x200003b5   Data           1  lpp_sdk.o(.bss..L_MergedGlobals.1)
    PRINT_ACTIVE_COUNT                       0x200003b6   Data           1  lpp_sdk.o(.bss..L_MergedGlobals.1)
    SetupPrintJob                            0x200003b7   Data           1  lpp_sdk.o(.bss..L_MergedGlobals.1)
    LASER_SAFETY_LOCK                        0x200003b8   Data           1  lpp_sdk.o(.bss..L_MergedGlobals.1)
    X_POS_LAST_STATE                         0x200003b9   Data           1  lpp_sdk.o(.bss..L_MergedGlobals.1)
    Y_PIN                                    0x200003ba   Data           1  lpp_sdk.o(.bss..L_MergedGlobals.1)
    g_encoder_timeout_active                 0x200003bb   Data           1  lpp_sdk.o(.bss..L_MergedGlobals.1)
    W_X_POWER_REAL                           0x200003bc   Data           2  lpp_sdk.o(.bss..L_MergedGlobals.1)
    W_X_SPEED                                0x200003be   Data           2  lpp_sdk.o(.bss..L_MergedGlobals.1)
    X_KP                                     0x200003c0   Data           2  lpp_sdk.o(.bss..L_MergedGlobals.1)
    X_KI                                     0x200003c2   Data           2  lpp_sdk.o(.bss..L_MergedGlobals.1)
    X_KP_POS                                 0x200003c4   Data           2  lpp_sdk.o(.bss..L_MergedGlobals.1)
    X_REAL_SPED                              0x200003c6   Data           2  lpp_sdk.o(.bss..L_MergedGlobals.1)
    X_ACCL                                   0x200003c8   Data           2  lpp_sdk.o(.bss..L_MergedGlobals.1)
    Y_REAL_SPED                              0x200003ca   Data           2  lpp_sdk.o(.bss..L_MergedGlobals.1)
    Y_ACCL                                   0x200003cc   Data           2  lpp_sdk.o(.bss..L_MergedGlobals.1)
    W_X_SPEED_ERROR_INTEGRAL                 0x200003d0   Data           4  lpp_sdk.o(.bss..L_MergedGlobals.1)
    PRINT_LEFT_BORDER                        0x200003d4   Data           4  lpp_sdk.o(.bss..L_MergedGlobals.1)
    PRINT_RIGHT_BORDER                       0x200003d8   Data           4  lpp_sdk.o(.bss..L_MergedGlobals.1)
    W_X_SPEED_FILTERED                       0x200003dc   Data           4  lpp_sdk.o(.bss..L_MergedGlobals.1)
    W_X_SPEED_ERROR                          0x200003e0   Data           4  lpp_sdk.o(.bss..L_MergedGlobals.1)
    X_GO_POS                                 0x200003e4   Data           4  lpp_sdk.o(.bss..L_MergedGlobals.1)
    X_POS                                    0x200003e8   Data           4  lpp_sdk.o(.bss..L_MergedGlobals.1)
    X_START_POS                              0x200003ec   Data           4  lpp_sdk.o(.bss..L_MergedGlobals.1)
    X_HALF_POS                               0x200003f0   Data           4  lpp_sdk.o(.bss..L_MergedGlobals.1)
    Y_START_POS                              0x200003f4   Data           4  lpp_sdk.o(.bss..L_MergedGlobals.1)
    Y_FINISH_POS                             0x200003f8   Data           4  lpp_sdk.o(.bss..L_MergedGlobals.1)
    Y_HALF_POS                               0x200003fc   Data           4  lpp_sdk.o(.bss..L_MergedGlobals.1)
    Y_POS                                    0x20000400   Data           4  lpp_sdk.o(.bss..L_MergedGlobals.1)
    Y_LINES                                  0x20000404   Data           4  lpp_sdk.o(.bss..L_MergedGlobals.1)
    Y_IMAGE_POSITION                         0x20000408   Data           4  lpp_sdk.o(.bss..L_MergedGlobals.1)
    LedStatusChangeMS                        0x2000040c   Data           4  lpp_sdk.o(.bss..L_MergedGlobals.1)
    W_X_SPEED_SET_POLAR                      0x20000414   Data           4  lpp_sdk.o(.bss..L_MergedGlobals.1)
    W_X_P_component                          0x20000418   Data           4  lpp_sdk.o(.bss..L_MergedGlobals.2)
    W_X_I_component                          0x2000041c   Data           4  lpp_sdk.o(.bss..L_MergedGlobals.2)
    W_X_PI_sum                               0x20000420   Data           4  lpp_sdk.o(.bss..L_MergedGlobals.2)
    nextPrintBit                             0x2000042c   Data           8  lpp_sdk.o(.bss..L_MergedGlobals.2)
    FIFO_POS_Y                               0x20000434   Data          44  lpp_sdk.o(.bss..L_MergedGlobals.2)
    APP_ERASE                                0x20000460   Data          64  lpp_sdk.o(.bss.APP_ERASE)
    APP_ID                                   0x200004a0   Data          64  lpp_sdk.o(.bss.APP_ID)
    APP_JAMP_TO_BOOT                         0x200004e0   Data          64  lpp_sdk.o(.bss.APP_JAMP_TO_BOOT)
    APP_SPEED_TEST                           0x20000520   Data          64  lpp_sdk.o(.bss.APP_SPEED_TEST)
    APP_WRITE                                0x20000560   Data          64  lpp_sdk.o(.bss.APP_WRITE)
    FIFO_DATA                                0x200005a0   Data        1332  lpp_sdk.o(.bss.FIFO_DATA)
    GPIO_NULL_REG                            0x20000ad4   Data           4  lpp_core_gpio.o(.bss.GPIO_NULL_REG)
    LAST_LASER_FREQ                          0x20000ad8   Data           4  main.o(.bss.LAST_LASER_FREQ)
    LAZER                                    0x20000adc   Data          64  lpp_sdk.o(.bss.LAZER)
    LIGHT                                    0x20000b1c   Data          64  lpp_sdk.o(.bss.LIGHT)
    PRINT_CONFIG                             0x20000b5c   Data          64  lpp_sdk.o(.bss.PRINT_CONFIG)
    SET_PARAM                                0x20000b9c   Data          64  lpp_sdk.o(.bss.SET_PARAM)
    SET_X                                    0x20000bdc   Data          64  lpp_sdk.o(.bss.SET_X)
    SET_Y                                    0x20000c1c   Data          64  lpp_sdk.o(.bss.SET_Y)
    TRACK                                    0x20000c5c   Data          64  lpp_sdk.o(.bss.TRACK)
    TUNING_X                                 0x20000c9c   Data        2000  lpp_sdk.o(.bss.TUNING_X)
    TUNING_Y                                 0x2000146c   Data        2000  lpp_sdk.o(.bss.TUNING_Y)
    USBD_StrDesc                             0x20001c40   Data         512  usbd_desc.o(.bss.USBD_StrDesc)
    USB_TUNING_X                             0x20001e98   Data          64  lpp_sdk.o(.bss.USB_TUNING_X)
    USB_TUNING_Y                             0x20001ed8   Data          64  lpp_sdk.o(.bss.USB_TUNING_Y)
    hUsbDeviceFS                             0x20001f18   Data         732  usb_device.o(.bss.hUsbDeviceFS)
    hpcd_USB_OTG_FS                          0x200021f4   Data        1252  usbd_conf.o(.bss.hpcd_USB_OTG_FS)
    htim2                                    0x200026d8   Data          72  main.o(.bss.htim2)
    htim3                                    0x20002720   Data          72  main.o(.bss.htim3)
    uwTick                                   0x20002768   Data           4  stm32f4xx_hal.o(.bss.uwTick)



==============================================================================

Memory Map of the image

  Image Entry point : 0x08000199

  Load Region LR_IROM1 (Base: 0x08000000, Size: 0x000061e8, Max: 0x00007fe8, ABSOLUTE, COMPRESSED[0x00005ff0])

    Execution Region ER_IROM1 (Exec base: 0x08000000, Load base: 0x08000000, Size: 0x00005f1c, Max: 0x00007fe8, ABSOLUTE)

    Exec Addr    Load Addr    Size         Type   Attr      Idx    E Section Name        Object

    0x08000000   0x08000000   0x00000198   Data   RO            3    RESET               startup_stm32f411xe.o
    0x08000198   0x08000198   0x00000008   Code   RO         1813  * !!!main             c_w.l(__main.o)
    0x080001a0   0x080001a0   0x00000034   Code   RO         1992    !!!scatter          c_w.l(__scatter.o)
    0x080001d4   0x080001d4   0x0000005a   Code   RO         1990    !!dczerorl2         c_w.l(__dczerorl2.o)
    0x0800022e   0x0800022e   0x00000002   PAD
    0x08000230   0x08000230   0x0000001c   Code   RO         1994    !!handler_zi        c_w.l(__scatter_zi.o)
    0x0800024c   0x0800024c   0x00000002   Code   RO         1852    .ARM.Collect$$libinit$$00000000  c_w.l(libinit.o)
    0x0800024e   0x0800024e   0x00000004   Code   RO         1864    .ARM.Collect$$libinit$$00000001  c_w.l(libinit2.o)
    0x08000252   0x08000252   0x00000000   Code   RO         1867    .ARM.Collect$$libinit$$00000004  c_w.l(libinit2.o)
    0x08000252   0x08000252   0x00000000   Code   RO         1869    .ARM.Collect$$libinit$$00000006  c_w.l(libinit2.o)
    0x08000252   0x08000252   0x00000000   Code   RO         1872    .ARM.Collect$$libinit$$0000000C  c_w.l(libinit2.o)
    0x08000252   0x08000252   0x00000000   Code   RO         1874    .ARM.Collect$$libinit$$0000000E  c_w.l(libinit2.o)
    0x08000252   0x08000252   0x00000000   Code   RO         1876    .ARM.Collect$$libinit$$00000010  c_w.l(libinit2.o)
    0x08000252   0x08000252   0x00000000   Code   RO         1879    .ARM.Collect$$libinit$$00000013  c_w.l(libinit2.o)
    0x08000252   0x08000252   0x00000000   Code   RO         1881    .ARM.Collect$$libinit$$00000015  c_w.l(libinit2.o)
    0x08000252   0x08000252   0x00000000   Code   RO         1883    .ARM.Collect$$libinit$$00000017  c_w.l(libinit2.o)
    0x08000252   0x08000252   0x00000000   Code   RO         1885    .ARM.Collect$$libinit$$00000019  c_w.l(libinit2.o)
    0x08000252   0x08000252   0x00000000   Code   RO         1887    .ARM.Collect$$libinit$$0000001B  c_w.l(libinit2.o)
    0x08000252   0x08000252   0x00000000   Code   RO         1889    .ARM.Collect$$libinit$$0000001D  c_w.l(libinit2.o)
    0x08000252   0x08000252   0x00000000   Code   RO         1891    .ARM.Collect$$libinit$$0000001F  c_w.l(libinit2.o)
    0x08000252   0x08000252   0x00000000   Code   RO         1893    .ARM.Collect$$libinit$$00000021  c_w.l(libinit2.o)
    0x08000252   0x08000252   0x00000000   Code   RO         1895    .ARM.Collect$$libinit$$00000023  c_w.l(libinit2.o)
    0x08000252   0x08000252   0x00000000   Code   RO         1897    .ARM.Collect$$libinit$$00000025  c_w.l(libinit2.o)
    0x08000252   0x08000252   0x00000000   Code   RO         1899    .ARM.Collect$$libinit$$00000027  c_w.l(libinit2.o)
    0x08000252   0x08000252   0x00000000   Code   RO         1903    .ARM.Collect$$libinit$$0000002E  c_w.l(libinit2.o)
    0x08000252   0x08000252   0x00000000   Code   RO         1905    .ARM.Collect$$libinit$$00000030  c_w.l(libinit2.o)
    0x08000252   0x08000252   0x00000000   Code   RO         1907    .ARM.Collect$$libinit$$00000032  c_w.l(libinit2.o)
    0x08000252   0x08000252   0x00000000   Code   RO         1909    .ARM.Collect$$libinit$$00000034  c_w.l(libinit2.o)
    0x08000252   0x08000252   0x00000002   Code   RO         1910    .ARM.Collect$$libinit$$00000035  c_w.l(libinit2.o)
    0x08000254   0x08000254   0x00000002   Code   RO         1945    .ARM.Collect$$libshutdown$$00000000  c_w.l(libshutdown.o)
    0x08000256   0x08000256   0x00000000   Code   RO         1973    .ARM.Collect$$libshutdown$$00000002  c_w.l(libshutdown2.o)
    0x08000256   0x08000256   0x00000000   Code   RO         1975    .ARM.Collect$$libshutdown$$00000004  c_w.l(libshutdown2.o)
    0x08000256   0x08000256   0x00000000   Code   RO         1978    .ARM.Collect$$libshutdown$$00000007  c_w.l(libshutdown2.o)
    0x08000256   0x08000256   0x00000000   Code   RO         1981    .ARM.Collect$$libshutdown$$0000000A  c_w.l(libshutdown2.o)
    0x08000256   0x08000256   0x00000000   Code   RO         1983    .ARM.Collect$$libshutdown$$0000000C  c_w.l(libshutdown2.o)
    0x08000256   0x08000256   0x00000000   Code   RO         1986    .ARM.Collect$$libshutdown$$0000000F  c_w.l(libshutdown2.o)
    0x08000256   0x08000256   0x00000002   Code   RO         1987    .ARM.Collect$$libshutdown$$00000010  c_w.l(libshutdown2.o)
    0x08000258   0x08000258   0x00000000   Code   RO         1815    .ARM.Collect$$rtentry$$00000000  c_w.l(__rtentry.o)
    0x08000258   0x08000258   0x00000000   Code   RO         1823    .ARM.Collect$$rtentry$$00000002  c_w.l(__rtentry2.o)
    0x08000258   0x08000258   0x00000006   Code   RO         1835    .ARM.Collect$$rtentry$$00000004  c_w.l(__rtentry4.o)
    0x0800025e   0x0800025e   0x00000000   Code   RO         1825    .ARM.Collect$$rtentry$$00000009  c_w.l(__rtentry2.o)
    0x0800025e   0x0800025e   0x00000004   Code   RO         1826    .ARM.Collect$$rtentry$$0000000A  c_w.l(__rtentry2.o)
    0x08000262   0x08000262   0x00000000   Code   RO         1828    .ARM.Collect$$rtentry$$0000000C  c_w.l(__rtentry2.o)
    0x08000262   0x08000262   0x00000008   Code   RO         1829    .ARM.Collect$$rtentry$$0000000D  c_w.l(__rtentry2.o)
    0x0800026a   0x0800026a   0x00000002   Code   RO         1856    .ARM.Collect$$rtexit$$00000000  c_w.l(rtexit.o)
    0x0800026c   0x0800026c   0x00000000   Code   RO         1916    .ARM.Collect$$rtexit$$00000002  c_w.l(rtexit2.o)
    0x0800026c   0x0800026c   0x00000004   Code   RO         1917    .ARM.Collect$$rtexit$$00000003  c_w.l(rtexit2.o)
    0x08000270   0x08000270   0x00000006   Code   RO         1918    .ARM.Collect$$rtexit$$00000004  c_w.l(rtexit2.o)
    0x08000276   0x08000276   0x00000002   PAD
    0x08000278   0x08000278   0x00000040   Code   RO            4    .text               startup_stm32f411xe.o
    0x080002b8   0x080002b8   0x000000f0   Code   RO         1805    .text               c_w.l(lludivv7m.o)
    0x080003a8   0x080003a8   0x0000008a   Code   RO         1807    .text               c_w.l(rt_memcpy_v6.o)
    0x08000432   0x08000432   0x0000004e   Code   RO         1809    .text               c_w.l(rt_memclr_w.o)
    0x08000480   0x08000480   0x00000006   Code   RO         1811    .text               c_w.l(heapauxi.o)
    0x08000486   0x08000486   0x00000064   Code   RO         1820    .text               c_w.l(rt_memcpy_w.o)
    0x080004ea   0x080004ea   0x0000004a   Code   RO         1839    .text               c_w.l(sys_stackheap_outer.o)
    0x08000534   0x08000534   0x00000012   Code   RO         1841    .text               c_w.l(exit.o)
    0x08000546   0x08000546   0x00000002   PAD
    0x08000548   0x08000548   0x00000008   Code   RO         1853    .text               c_w.l(libspace.o)
    0x08000550   0x08000550   0x0000000c   Code   RO         1911    .text               c_w.l(sys_exit.o)
    0x0800055c   0x0800055c   0x00000002   Code   RO         1934    .text               c_w.l(use_no_semi.o)
    0x0800055e   0x0800055e   0x00000000   Code   RO         1936    .text               c_w.l(indicate_semi.o)
    0x0800055e   0x0800055e   0x00000002   Code   RO          101    .text.BusFault_Handler  stm32f4xx_it.o
    0x08000560   0x08000560   0x00000004   Code   RO          182    .text.CUSTOM_HID_DeInit_FS  usbd_custom_hid_if.o
    0x08000564   0x08000564   0x00000004   Code   RO          180    .text.CUSTOM_HID_Init_FS  usbd_custom_hid_if.o
    0x08000568   0x08000568   0x00000020   Code   RO          184    .text.CUSTOM_HID_OutEvent_FS  usbd_custom_hid_if.o
    0x08000588   0x08000588   0x0000002c   Code   RO           47    .text.DMA2_Stream0_IRQHandler  main.o
    0x080005b4   0x080005b4   0x00000038   Code   RO         1663    .text.DWT_1kHz_Handler  lpp_sdk.o
    0x080005ec   0x080005ec   0x00000028   Code   RO         1659    .text.DWT_Init      lpp_sdk.o
    0x08000614   0x08000614   0x00000002   Code   RO          107    .text.DebugMon_Handler  stm32f4xx_it.o
    0x08000616   0x08000616   0x00000002   PAD
    0x08000618   0x08000618   0x0000000c   Code   RO           57    .text.EXTI0_IRQHandler  main.o
    0x08000624   0x08000624   0x00000014   Code   RO           69    .text.EXTI15_10_IRQHandler  main.o
    0x08000638   0x08000638   0x0000000c   Code   RO           59    .text.EXTI1_IRQHandler  main.o
    0x08000644   0x08000644   0x0000000c   Code   RO           61    .text.EXTI2_IRQHandler  main.o
    0x08000650   0x08000650   0x0000000c   Code   RO           63    .text.EXTI3_IRQHandler  main.o
    0x0800065c   0x0800065c   0x0000000c   Code   RO           65    .text.EXTI4_IRQHandler  main.o
    0x08000668   0x08000668   0x00000018   Code   RO           67    .text.EXTI9_5_IRQHandler  main.o
    0x08000680   0x08000680   0x00000004   Code   RO           15    .text.Error_Handler  main.o
    0x08000684   0x08000684   0x00000058   Code   RO         1707    .text.FIFO_DATA_EndDma  lpp_sdk.o
    0x080006dc   0x080006dc   0x00000038   Code   RO           45    .text.FIFO_DATA_StartDma  main.o
    0x08000714   0x08000714   0x00000038   Code   RO          609    .text.FLASH_Erase_Sector  stm32f4xx_hal_flash_ex.o
    0x0800074c   0x0800074c   0x00000054   Code   RO          611    .text.FLASH_FlushCaches  stm32f4xx_hal_flash_ex.o
    0x080007a0   0x080007a0   0x00000020   Code   RO          607    .text.FLASH_MassErase  stm32f4xx_hal_flash_ex.o
    0x080007c0   0x080007c0   0x0000001c   Code   RO          566    .text.FLASH_Program_Byte  stm32f4xx_hal_flash.o
    0x080007dc   0x080007dc   0x00000028   Code   RO          572    .text.FLASH_Program_DoubleWord  stm32f4xx_hal_flash.o
    0x08000804   0x08000804   0x00000020   Code   RO          568    .text.FLASH_Program_HalfWord  stm32f4xx_hal_flash.o
    0x08000824   0x08000824   0x00000024   Code   RO          570    .text.FLASH_Program_Word  stm32f4xx_hal_flash.o
    0x08000848   0x08000848   0x00000080   Code   RO          578    .text.FLASH_SetErrorCode  stm32f4xx_hal_flash.o
    0x080008c8   0x080008c8   0x00000054   Code   RO          564    .text.FLASH_WaitForLastOperation  stm32f4xx_hal_flash.o
    0x0800091c   0x0800091c   0x0000003c   Code   RO         1677    .text.FifoData_Init  lpp_sdk.o
    0x08000958   0x08000958   0x00000098   Code   RO         1683    .text.FifoData_ReadBit  lpp_sdk.o
    0x080009f0   0x080009f0   0x00000024   Code   RO         1665    .text.FifoPosY_Init  lpp_sdk.o
    0x08000a14   0x08000a14   0x0000003c   Code   RO         1669    .text.FifoPosY_Pop  lpp_sdk.o
    0x08000a50   0x08000a50   0x00000040   Code   RO         1667    .text.FifoPosY_Push  lpp_sdk.o
    0x08000a90   0x08000a90   0x0000005c   Code   RO         1655    .text.GET_SECTOR    lpp_sdk.o
    0x08000aec   0x08000aec   0x00000098   Code   RO         1780    .text.GetPortFromBSRR  lpp_core_gpio.o
    0x08000b84   0x08000b84   0x00000040   Code   RO          866    .text.HAL_DeInit    stm32f4xx_hal.o
    0x08000bc4   0x08000bc4   0x00000024   Code   RO          880    .text.HAL_Delay     stm32f4xx_hal.o
    0x08000be8   0x08000be8   0x00000094   Code   RO          605    .text.HAL_FLASHEx_Erase  stm32f4xx_hal_flash_ex.o
    0x08000c7c   0x08000c7c   0x00000010   Code   RO          586    .text.HAL_FLASH_Lock  stm32f4xx_hal_flash.o
    0x08000c8c   0x08000c8c   0x00000084   Code   RO          562    .text.HAL_FLASH_Program  stm32f4xx_hal_flash.o
    0x08000d10   0x08000d10   0x00000028   Code   RO          584    .text.HAL_FLASH_Unlock  stm32f4xx_hal_flash.o
    0x08000d38   0x08000d38   0x000000d8   Code   RO          656    .text.HAL_GPIO_DeInit  stm32f4xx_hal_gpio.o
    0x08000e10   0x08000e10   0x00000194   Code   RO          654    .text.HAL_GPIO_Init  stm32f4xx_hal_gpio.o
    0x08000fa4   0x08000fa4   0x00000008   Code   RO          872    .text.HAL_GetTick   stm32f4xx_hal.o
    0x08000fac   0x08000fac   0x0000000c   Code   RO          908    .text.HAL_GetUIDw0  stm32f4xx_hal.o
    0x08000fb8   0x08000fb8   0x0000000c   Code   RO          910    .text.HAL_GetUIDw1  stm32f4xx_hal.o
    0x08000fc4   0x08000fc4   0x0000000c   Code   RO          912    .text.HAL_GetUIDw2  stm32f4xx_hal.o
    0x08000fd0   0x08000fd0   0x00000014   Code   RO          870    .text.HAL_IncTick   stm32f4xx_hal.o
    0x08000fe4   0x08000fe4   0x00000034   Code   RO          860    .text.HAL_Init      stm32f4xx_hal.o
    0x08001018   0x08001018   0x00000040   Code   RO          862    .text.HAL_InitTick  stm32f4xx_hal.o
    0x08001058   0x08001058   0x00000002   Code   RO          868    .text.HAL_MspDeInit  stm32f4xx_hal.o
    0x0800105a   0x0800105a   0x00000002   PAD
    0x0800105c   0x0800105c   0x00000038   Code   RO          126    .text.HAL_MspInit   stm32f4xx_hal_msp.o
    0x08001094   0x08001094   0x00000024   Code   RO          810    .text.HAL_NVIC_EnableIRQ  stm32f4xx_hal_cortex.o
    0x080010b8   0x080010b8   0x0000004c   Code   RO          808    .text.HAL_NVIC_SetPriority  stm32f4xx_hal_cortex.o
    0x08001104   0x08001104   0x00000020   Code   RO          806    .text.HAL_NVIC_SetPriorityGrouping  stm32f4xx_hal_cortex.o
    0x08001124   0x08001124   0x00000004   Code   RO          814    .text.HAL_NVIC_SystemReset  stm32f4xx_hal_cortex.o
    0x08001128   0x08001128   0x00000002   Code   RO          366    .text.HAL_PCDEx_LPM_Callback  stm32f4xx_hal_pcd_ex.o
    0x0800112a   0x0800112a   0x00000008   Code   RO          364    .text.HAL_PCDEx_SetRxFiFo  stm32f4xx_hal_pcd_ex.o
    0x08001132   0x08001132   0x00000040   Code   RO          362    .text.HAL_PCDEx_SetTxFiFo  stm32f4xx_hal_pcd_ex.o
    0x08001172   0x08001172   0x00000008   Code   RO          218    .text.HAL_PCD_ConnectCallback  usbd_conf.o
    0x0800117a   0x0800117a   0x00000012   Code   RO          204    .text.HAL_PCD_DataInStageCallback  usbd_conf.o
    0x0800118c   0x0800118c   0x00000014   Code   RO          202    .text.HAL_PCD_DataOutStageCallback  usbd_conf.o
    0x080011a0   0x080011a0   0x00000008   Code   RO          220    .text.HAL_PCD_DisconnectCallback  usbd_conf.o
    0x080011a8   0x080011a8   0x00000022   Code   RO          296    .text.HAL_PCD_EP_Abort  stm32f4xx_hal_pcd.o
    0x080011ca   0x080011ca   0x0000003c   Code   RO          316    .text.HAL_PCD_EP_Close  stm32f4xx_hal_pcd.o
    0x08001206   0x08001206   0x0000004e   Code   RO          326    .text.HAL_PCD_EP_ClrStall  stm32f4xx_hal_pcd.o
    0x08001254   0x08001254   0x00000052   Code   RO          314    .text.HAL_PCD_EP_Open  stm32f4xx_hal_pcd.o
    0x080012a6   0x080012a6   0x00000038   Code   RO          318    .text.HAL_PCD_EP_Receive  stm32f4xx_hal_pcd.o
    0x080012de   0x080012de   0x0000006c   Code   RO          324    .text.HAL_PCD_EP_SetStall  stm32f4xx_hal_pcd.o
    0x0800134a   0x0800134a   0x00000034   Code   RO          322    .text.HAL_PCD_EP_Transmit  stm32f4xx_hal_pcd.o
    0x0800137e   0x0800137e   0x00000002   PAD
    0x08001380   0x08001380   0x000006e2   Code   RO          280    .text.HAL_PCD_IRQHandler  stm32f4xx_hal_pcd.o
    0x08001a62   0x08001a62   0x00000008   Code   RO          216    .text.HAL_PCD_ISOINIncompleteCallback  usbd_conf.o
    0x08001a6a   0x08001a6a   0x00000008   Code   RO          214    .text.HAL_PCD_ISOOUTIncompleteCallback  usbd_conf.o
    0x08001a72   0x08001a72   0x000000b8   Code   RO          268    .text.HAL_PCD_Init  stm32f4xx_hal_pcd.o
    0x08001b2a   0x08001b2a   0x00000002   PAD
    0x08001b2c   0x08001b2c   0x00000078   Code   RO          196    .text.HAL_PCD_MspInit  usbd_conf.o
    0x08001ba4   0x08001ba4   0x00000024   Code   RO          208    .text.HAL_PCD_ResetCallback  usbd_conf.o
    0x08001bc8   0x08001bc8   0x00000008   Code   RO          212    .text.HAL_PCD_ResumeCallback  usbd_conf.o
    0x08001bd0   0x08001bd0   0x00000008   Code   RO          206    .text.HAL_PCD_SOFCallback  usbd_conf.o
    0x08001bd8   0x08001bd8   0x0000001a   Code   RO          312    .text.HAL_PCD_SetAddress  stm32f4xx_hal_pcd.o
    0x08001bf2   0x08001bf2   0x0000000e   Code   RO          200    .text.HAL_PCD_SetupStageCallback  usbd_conf.o
    0x08001c00   0x08001c00   0x0000002e   Code   RO          276    .text.HAL_PCD_Start  stm32f4xx_hal_pcd.o
    0x08001c2e   0x08001c2e   0x00000002   PAD
    0x08001c30   0x08001c30   0x00000030   Code   RO          210    .text.HAL_PCD_SuspendCallback  usbd_conf.o
    0x08001c60   0x08001c60   0x0000001c   Code   RO          738    .text.HAL_PWR_EnableBkUpAccess  stm32f4xx_hal_pwr.o
    0x08001c7c   0x08001c7c   0x00000114   Code   RO          500    .text.HAL_RCC_ClockConfig  stm32f4xx_hal_rcc.o
    0x08001d90   0x08001d90   0x00000008   Code   RO          510    .text.HAL_RCC_GetHCLKFreq  stm32f4xx_hal_rcc.o
    0x08001d98   0x08001d98   0x00000020   Code   RO          514    .text.HAL_RCC_GetPCLK2Freq  stm32f4xx_hal_rcc.o
    0x08001db8   0x08001db8   0x0000005c   Code   RO          502    .text.HAL_RCC_GetSysClockFreq  stm32f4xx_hal_rcc.o
    0x08001e14   0x08001e14   0x00000328   Code   RO          498    .text.HAL_RCC_OscConfig  stm32f4xx_hal_rcc.o
    0x0800213c   0x0800213c   0x00000028   Code   RO          818    .text.HAL_SYSTICK_Config  stm32f4xx_hal_cortex.o
    0x08002164   0x08002164   0x00000002   Code   RO         1395    .text.HAL_TIMEx_BreakCallback  stm32f4xx_hal_tim_ex.o
    0x08002166   0x08002166   0x00000002   Code   RO         1391    .text.HAL_TIMEx_CommutCallback  stm32f4xx_hal_tim_ex.o
    0x08002168   0x08002168   0x00000060   Code   RO         1385    .text.HAL_TIMEx_MasterConfigSynchronization  stm32f4xx_hal_tim_ex.o
    0x080021c8   0x080021c8   0x0000001e   Code   RO          954    .text.HAL_TIM_Base_Init  stm32f4xx_hal_tim.o
    0x080021e6   0x080021e6   0x00000002   PAD
    0x080021e8   0x080021e8   0x00000064   Code   RO          128    .text.HAL_TIM_Base_MspInit  stm32f4xx_hal_msp.o
    0x0800224c   0x0800224c   0x00000068   Code   RO          968    .text.HAL_TIM_Base_Start_IT  stm32f4xx_hal_tim.o
    0x080022b4   0x080022b4   0x0000002e   Code   RO          970    .text.HAL_TIM_Base_Stop_IT  stm32f4xx_hal_tim.o
    0x080022e2   0x080022e2   0x000000b4   Code   RO         1142    .text.HAL_TIM_ConfigClockSource  stm32f4xx_hal_tim.o
    0x08002396   0x08002396   0x00000002   Code   RO         1090    .text.HAL_TIM_IC_CaptureCallback  stm32f4xx_hal_tim.o
    0x08002398   0x08002398   0x0000010a   Code   RO         1088    .text.HAL_TIM_IRQHandler  stm32f4xx_hal_tim.o
    0x080024a2   0x080024a2   0x00000002   PAD
    0x080024a4   0x080024a4   0x0000004a   Code   RO         1100    .text.HAL_TIM_OC_ConfigChannel  stm32f4xx_hal_tim.o
    0x080024ee   0x080024ee   0x00000002   Code   RO         1092    .text.HAL_TIM_OC_DelayElapsedCallback  stm32f4xx_hal_tim.o
    0x080024f0   0x080024f0   0x00000034   Code   RO         1052    .text.HAL_TIM_OnePulse_Init  stm32f4xx_hal_tim.o
    0x08002524   0x08002524   0x00000002   Code   RO         1054    .text.HAL_TIM_OnePulse_MspInit  stm32f4xx_hal_tim.o
    0x08002526   0x08002526   0x00000002   Code   RO         1094    .text.HAL_TIM_PWM_PulseFinishedCallback  stm32f4xx_hal_tim.o
    0x08002528   0x08002528   0x00000034   Code   RO           49    .text.HAL_TIM_PeriodElapsedCallback  main.o
    0x0800255c   0x0800255c   0x00000002   Code   RO         1098    .text.HAL_TIM_TriggerCallback  stm32f4xx_hal_tim.o
    0x0800255e   0x0800255e   0x00000002   Code   RO           97    .text.HardFault_Handler  stm32f4xx_it.o
    0x08002560   0x08002560   0x0000002c   Code   RO         1733    .text.Hardware_Init_System_Pins  lpp_sdk.o
    0x0800258c   0x0800258c   0x00000006   Code   RO         1784    .text.InitPin       lpp_core_gpio.o
    0x08002592   0x08002592   0x00000002   PAD
    0x08002594   0x08002594   0x00000138   Code   RO         1786    .text.InitPinEx     lpp_core_gpio.o
    0x080026cc   0x080026cc   0x0000002a   Code   RO          163    .text.IntToUnicode  usbd_desc.o
    0x080026f6   0x080026f6   0x00000002   PAD
    0x080026f8   0x080026f8   0x00000030   Code   RO         1788    .text.IsProtectedPin  lpp_core_gpio.o
    0x08002728   0x08002728   0x00000058   Code   RO         1649    .text.JumpToApplication  lpp_sdk.o
    0x08002780   0x08002780   0x00000014   Code   RO         1647    .text.LPP_BootFlag_Read  lpp_sdk.o
    0x08002794   0x08002794   0x0000001c   Code   RO         1645    .text.LPP_BootFlag_Write  lpp_sdk.o
    0x080027b0   0x080027b0   0x00000030   Code   RO           35    .text.Laser_Off     main.o
    0x080027e0   0x080027e0   0x0000002c   Code   RO           39    .text.Laser_Ready   main.o
    0x0800280c   0x0800280c   0x0000005c   Code   RO         1709    .text.Lpp_Init      lpp_sdk.o
    0x08002868   0x08002868   0x00000144   Code   RO         1711    .text.Lpp_MainLoop  lpp_sdk.o
    0x080029ac   0x080029ac   0x00000050   Code   RO          140    .text.MX_USB_DEVICE_Init  usb_device.o
    0x080029fc   0x080029fc   0x00000002   Code   RO           99    .text.MemManage_Handler  stm32f4xx_it.o
    0x080029fe   0x080029fe   0x00000002   Code   RO           95    .text.NMI_Handler   stm32f4xx_it.o
    0x08002a00   0x08002a00   0x0000000c   Code   RO          117    .text.OTG_FS_IRQHandler  stm32f4xx_it.o
    0x08002a0c   0x08002a0c   0x0000000e   Code   RO           71    .text.OUTLINED_FUNCTION_0  main.o
    0x08002a1a   0x08002a1a   0x00000006   Code   RO          165    .text.OUTLINED_FUNCTION_0  usbd_desc.o
    0x08002a20   0x08002a20   0x0000000a   Code   RO          338    .text.OUTLINED_FUNCTION_0  stm32f4xx_hal_pcd.o
    0x08002a2a   0x08002a2a   0x00000008   Code   RO          476    .text.OUTLINED_FUNCTION_0  stm32f4xx_ll_usb.o
    0x08002a32   0x08002a32   0x0000000c   Code   RO          524    .text.OUTLINED_FUNCTION_0  stm32f4xx_hal_rcc.o
    0x08002a3e   0x08002a3e   0x00000008   Code   RO          627    .text.OUTLINED_FUNCTION_0  stm32f4xx_hal_flash_ex.o
    0x08002a46   0x08002a46   0x00000010   Code   RO         1536    .text.OUTLINED_FUNCTION_0  usbd_core.o
    0x08002a56   0x08002a56   0x00000006   Code   RO         1564    .text.OUTLINED_FUNCTION_0  usbd_ctlreq.o
    0x08002a5c   0x08002a5c   0x0000000a   Code   RO         1629    .text.OUTLINED_FUNCTION_0  usbd_customhid.o
    0x08002a66   0x08002a66   0x0000000a   Code   RO         1735    .text.OUTLINED_FUNCTION_0  lpp_sdk.o
    0x08002a70   0x08002a70   0x0000000e   Code   RO           73    .text.OUTLINED_FUNCTION_1  main.o
    0x08002a7e   0x08002a7e   0x00000008   Code   RO          340    .text.OUTLINED_FUNCTION_1  stm32f4xx_hal_pcd.o
    0x08002a86   0x08002a86   0x0000000e   Code   RO          478    .text.OUTLINED_FUNCTION_1  stm32f4xx_ll_usb.o
    0x08002a94   0x08002a94   0x0000002e   Code   RO         1188    .text.OUTLINED_FUNCTION_1  stm32f4xx_hal_tim.o
    0x08002ac2   0x08002ac2   0x0000000a   Code   RO         1538    .text.OUTLINED_FUNCTION_1  usbd_core.o
    0x08002acc   0x08002acc   0x00000006   Code   RO         1566    .text.OUTLINED_FUNCTION_1  usbd_ctlreq.o
    0x08002ad2   0x08002ad2   0x0000000c   Code   RO         1631    .text.OUTLINED_FUNCTION_1  usbd_customhid.o
    0x08002ade   0x08002ade   0x00000016   Code   RO         1737    .text.OUTLINED_FUNCTION_1  lpp_sdk.o
    0x08002af4   0x08002af4   0x0000000a   Code   RO         1206    .text.OUTLINED_FUNCTION_10  stm32f4xx_hal_tim.o
    0x08002afe   0x08002afe   0x0000000a   Code   RO         1220    .text.OUTLINED_FUNCTION_17  stm32f4xx_hal_tim.o
    0x08002b08   0x08002b08   0x00000008   Code   RO          342    .text.OUTLINED_FUNCTION_2  stm32f4xx_hal_pcd.o
    0x08002b10   0x08002b10   0x0000000a   Code   RO          528    .text.OUTLINED_FUNCTION_2  stm32f4xx_hal_rcc.o
    0x08002b1a   0x08002b1a   0x0000000a   Code   RO         1540    .text.OUTLINED_FUNCTION_2  usbd_core.o
    0x08002b24   0x08002b24   0x00000006   Code   RO         1568    .text.OUTLINED_FUNCTION_2  usbd_ctlreq.o
    0x08002b2a   0x08002b2a   0x00000014   Code   RO         1739    .text.OUTLINED_FUNCTION_2  lpp_sdk.o
    0x08002b3e   0x08002b3e   0x0000001e   Code   RO         1230    .text.OUTLINED_FUNCTION_22  stm32f4xx_hal_tim.o
    0x08002b5c   0x08002b5c   0x0000001a   Code   RO         1236    .text.OUTLINED_FUNCTION_25  stm32f4xx_hal_tim.o
    0x08002b76   0x08002b76   0x0000000a   Code   RO         1242    .text.OUTLINED_FUNCTION_28  stm32f4xx_hal_tim.o
    0x08002b80   0x08002b80   0x0000000e   Code   RO          344    .text.OUTLINED_FUNCTION_3  stm32f4xx_hal_pcd.o
    0x08002b8e   0x08002b8e   0x0000000a   Code   RO          482    .text.OUTLINED_FUNCTION_3  stm32f4xx_ll_usb.o
    0x08002b98   0x08002b98   0x0000000a   Code   RO         1570    .text.OUTLINED_FUNCTION_3  usbd_ctlreq.o
    0x08002ba2   0x08002ba2   0x00000010   Code   RO         1741    .text.OUTLINED_FUNCTION_3  lpp_sdk.o
    0x08002bb2   0x08002bb2   0x00000014   Code   RO         1252    .text.OUTLINED_FUNCTION_33  stm32f4xx_hal_tim.o
    0x08002bc6   0x08002bc6   0x00000008   Code   RO          346    .text.OUTLINED_FUNCTION_4  stm32f4xx_hal_pcd.o
    0x08002bce   0x08002bce   0x00000016   Code   RO          484    .text.OUTLINED_FUNCTION_4  stm32f4xx_ll_usb.o
    0x08002be4   0x08002be4   0x0000000e   Code   RO         1743    .text.OUTLINED_FUNCTION_4  lpp_sdk.o
    0x08002bf2   0x08002bf2   0x0000000c   Code   RO         1272    .text.OUTLINED_FUNCTION_43  stm32f4xx_hal_tim.o
    0x08002bfe   0x08002bfe   0x0000000a   Code   RO         1278    .text.OUTLINED_FUNCTION_46  stm32f4xx_hal_tim.o
    0x08002c08   0x08002c08   0x00000008   Code   RO          348    .text.OUTLINED_FUNCTION_5  stm32f4xx_hal_pcd.o
    0x08002c10   0x08002c10   0x00000006   Code   RO         1288    .text.OUTLINED_FUNCTION_51  stm32f4xx_hal_tim.o
    0x08002c16   0x08002c16   0x0000000a   Code   RO         1292    .text.OUTLINED_FUNCTION_53  stm32f4xx_hal_tim.o
    0x08002c20   0x08002c20   0x0000000a   Code   RO         1296    .text.OUTLINED_FUNCTION_55  stm32f4xx_hal_tim.o
    0x08002c2a   0x08002c2a   0x0000000e   Code   RO         1300    .text.OUTLINED_FUNCTION_57  stm32f4xx_hal_tim.o
    0x08002c38   0x08002c38   0x0000000a   Code   RO          350    .text.OUTLINED_FUNCTION_6  stm32f4xx_hal_pcd.o
    0x08002c42   0x08002c42   0x0000000a   Code   RO         1306    .text.OUTLINED_FUNCTION_60  stm32f4xx_hal_tim.o
    0x08002c4c   0x08002c4c   0x0000000e   Code   RO          352    .text.OUTLINED_FUNCTION_7  stm32f4xx_hal_pcd.o
    0x08002c5a   0x08002c5a   0x0000000e   Code   RO         1200    .text.OUTLINED_FUNCTION_7  stm32f4xx_hal_tim.o
    0x08002c68   0x08002c68   0x0000000a   Code   RO         1204    .text.OUTLINED_FUNCTION_9  stm32f4xx_hal_tim.o
    0x08002c72   0x08002c72   0x00000002   PAD
    0x08002c74   0x08002c74   0x000000dc   Code   RO           31    .text.PWM_LaserLight_LinkHardware  main.o
    0x08002d50   0x08002d50   0x00000510   Code   RO         1699    .text.PacketReceive  lpp_sdk.o
    0x08003260   0x08003260   0x00000010   Code   RO           17    .text.PacketSend    main.o
    0x08003270   0x08003270   0x00000002   Code   RO          109    .text.PendSV_Handler  stm32f4xx_it.o
    0x08003272   0x08003272   0x00000002   PAD
    0x08003274   0x08003274   0x00000030   Code   RO         1693    .text.PrintStopJob  lpp_sdk.o
    0x080032a4   0x080032a4   0x00000002   Code   RO          105    .text.SVC_Handler   stm32f4xx_it.o
    0x080032a6   0x080032a6   0x00000002   PAD
    0x080032a8   0x080032a8   0x000000d8   Code   RO           33    .text.SetLaserLightPWMFrequency  main.o
    0x08003380   0x08003380   0x00000048   Code   RO           37    .text.SetLaserPWM   main.o
    0x080033c8   0x080033c8   0x00000040   Code   RO           41    .text.SetLight1PWM  main.o
    0x08003408   0x08003408   0x00000044   Code   RO           43    .text.SetLight2PWM  main.o
    0x0800344c   0x0800344c   0x00000108   Code   RO         1782    .text.SetPinConfiguration  lpp_core_gpio.o
    0x08003554   0x08003554   0x00000004   Code   RO          111    .text.SysTick_Handler  stm32f4xx_it.o
    0x08003558   0x08003558   0x0000009c   Code   RO           13    .text.SystemClock_Config  main.o
    0x080035f4   0x080035f4   0x00000010   Code   RO         1473    .text.SystemInit    system_stm32f4xx.o
    0x08003604   0x08003604   0x00000154   Code   RO           21    .text.TIM2_IRQHandler  main.o
    0x08003758   0x08003758   0x0000000c   Code   RO          113    .text.TIM3_IRQHandler  stm32f4xx_it.o
    0x08003764   0x08003764   0x0000000c   Code   RO          115    .text.TIM4_IRQHandler  stm32f4xx_it.o
    0x08003770   0x08003770   0x0000009c   Code   RO          958    .text.TIM_Base_SetConfig  stm32f4xx_hal_tim.o
    0x0800380c   0x0800380c   0x0000004c   Code   RO         1102    .text.TIM_OC1_SetConfig  stm32f4xx_hal_tim.o
    0x08003858   0x08003858   0x00000058   Code   RO         1104    .text.TIM_OC2_SetConfig  stm32f4xx_hal_tim.o
    0x080038b0   0x080038b0   0x00000054   Code   RO         1106    .text.TIM_OC3_SetConfig  stm32f4xx_hal_tim.o
    0x08003904   0x08003904   0x00000044   Code   RO         1108    .text.TIM_OC4_SetConfig  stm32f4xx_hal_tim.o
    0x08003948   0x08003948   0x00000022   Code   RO         1144    .text.TIM_TI1_ConfigInputStage  stm32f4xx_hal_tim.o
    0x0800396a   0x0800396a   0x00000024   Code   RO         1146    .text.TIM_TI2_ConfigInputStage  stm32f4xx_hal_tim.o
    0x0800398e   0x0800398e   0x00000016   Code   RO         1611    .text.USBD_CUSTOM_HID_DataIn  usbd_customhid.o
    0x080039a4   0x080039a4   0x00000024   Code   RO         1613    .text.USBD_CUSTOM_HID_DataOut  usbd_customhid.o
    0x080039c8   0x080039c8   0x00000058   Code   RO         1605    .text.USBD_CUSTOM_HID_DeInit  usbd_customhid.o
    0x08003a20   0x08003a20   0x0000002e   Code   RO         1609    .text.USBD_CUSTOM_HID_EP0_RxReady  usbd_customhid.o
    0x08003a4e   0x08003a4e   0x00000002   PAD
    0x08003a50   0x08003a50   0x0000000c   Code   RO         1621    .text.USBD_CUSTOM_HID_GetDeviceQualifierDesc  usbd_customhid.o
    0x08003a5c   0x08003a5c   0x00000028   Code   RO         1617    .text.USBD_CUSTOM_HID_GetFSCfgDesc  usbd_customhid.o
    0x08003a84   0x08003a84   0x00000030   Code   RO         1615    .text.USBD_CUSTOM_HID_GetHSCfgDesc  usbd_customhid.o
    0x08003ab4   0x08003ab4   0x0000002c   Code   RO         1619    .text.USBD_CUSTOM_HID_GetOtherSpeedCfgDesc  usbd_customhid.o
    0x08003ae0   0x08003ae0   0x00000082   Code   RO         1603    .text.USBD_CUSTOM_HID_Init  usbd_customhid.o
    0x08003b62   0x08003b62   0x00000020   Code   RO         1625    .text.USBD_CUSTOM_HID_ReceivePacket  usbd_customhid.o
    0x08003b82   0x08003b82   0x00000016   Code   RO         1627    .text.USBD_CUSTOM_HID_RegisterInterface  usbd_customhid.o
    0x08003b98   0x08003b98   0x00000038   Code   RO         1623    .text.USBD_CUSTOM_HID_SendReport  usbd_customhid.o
    0x08003bd0   0x08003bd0   0x000000f4   Code   RO         1607    .text.USBD_CUSTOM_HID_Setup  usbd_customhid.o
    0x08003cc4   0x08003cc4   0x00000012   Code   RO         1502    .text.USBD_ClrClassConfig  usbd_core.o
    0x08003cd6   0x08003cd6   0x00000004   Code   RO         1510    .text.USBD_CoreFindEP  usbd_core.o
    0x08003cda   0x08003cda   0x00000004   Code   RO         1508    .text.USBD_CoreFindIF  usbd_core.o
    0x08003cde   0x08003cde   0x00000010   Code   RO         1587    .text.USBD_CtlContinueRx  usbd_ioreq.o
    0x08003cee   0x08003cee   0x00000010   Code   RO         1583    .text.USBD_CtlContinueSendData  usbd_ioreq.o
    0x08003cfe   0x08003cfe   0x00000016   Code   RO         1552    .text.USBD_CtlError  usbd_ctlreq.o
    0x08003d14   0x08003d14   0x0000001e   Code   RO         1585    .text.USBD_CtlPrepareRx  usbd_ioreq.o
    0x08003d32   0x08003d32   0x00000016   Code   RO         1591    .text.USBD_CtlReceiveStatus  usbd_ioreq.o
    0x08003d48   0x08003d48   0x0000001c   Code   RO         1581    .text.USBD_CtlSendData  usbd_ioreq.o
    0x08003d64   0x08003d64   0x00000016   Code   RO         1589    .text.USBD_CtlSendStatus  usbd_ioreq.o
    0x08003d7a   0x08003d7a   0x00000002   PAD
    0x08003d7c   0x08003d7c   0x00000024   Code   RO          159    .text.USBD_FS_ConfigStrDescriptor  usbd_desc.o
    0x08003da0   0x08003da0   0x0000000c   Code   RO          149    .text.USBD_FS_DeviceDescriptor  usbd_desc.o
    0x08003dac   0x08003dac   0x00000028   Code   RO          161    .text.USBD_FS_InterfaceStrDescriptor  usbd_desc.o
    0x08003dd4   0x08003dd4   0x0000000c   Code   RO          151    .text.USBD_FS_LangIDStrDescriptor  usbd_desc.o
    0x08003de0   0x08003de0   0x00000024   Code   RO          153    .text.USBD_FS_ManufacturerStrDescriptor  usbd_desc.o
    0x08003e04   0x08003e04   0x00000034   Code   RO          155    .text.USBD_FS_ProductStrDescriptor  usbd_desc.o
    0x08003e38   0x08003e38   0x00000034   Code   RO          157    .text.USBD_FS_SerialStrDescriptor  usbd_desc.o
    0x08003e6c   0x08003e6c   0x0000002a   Code   RO         1532    .text.USBD_GetEpDesc  usbd_core.o
    0x08003e96   0x08003e96   0x00000010   Code   RO         1562    .text.USBD_GetLen   usbd_ctlreq.o
    0x08003ea6   0x08003ea6   0x00000034   Code   RO         1560    .text.USBD_GetString  usbd_ctlreq.o
    0x08003eda   0x08003eda   0x00000002   PAD
    0x08003edc   0x08003edc   0x00000018   Code   RO          226    .text.USBD_Get_USB_Status  usbd_conf.o
    0x08003ef4   0x08003ef4   0x00000026   Code   RO         1488    .text.USBD_Init     usbd_core.o
    0x08003f1a   0x08003f1a   0x00000012   Code   RO          240    .text.USBD_LL_ClearStallEP  usbd_conf.o
    0x08003f2c   0x08003f2c   0x00000012   Code   RO          234    .text.USBD_LL_CloseEP  usbd_conf.o
    0x08003f3e   0x08003f3e   0x000000a4   Code   RO         1512    .text.USBD_LL_DataInStage  usbd_core.o
    0x08003fe2   0x08003fe2   0x0000006e   Code   RO         1506    .text.USBD_LL_DataOutStage  usbd_core.o
    0x08004050   0x08004050   0x00000004   Code   RO         1528    .text.USBD_LL_DevConnected  usbd_core.o
    0x08004054   0x08004054   0x00000020   Code   RO         1530    .text.USBD_LL_DevDisconnected  usbd_core.o
    0x08004074   0x08004074   0x0000005c   Code   RO          222    .text.USBD_LL_Init  usbd_conf.o
    0x080040d0   0x080040d0   0x00000022   Code   RO          242    .text.USBD_LL_IsStallEP  usbd_conf.o
    0x080040f2   0x080040f2   0x0000001e   Code   RO         1524    .text.USBD_LL_IsoINIncomplete  usbd_core.o
    0x08004110   0x08004110   0x0000001e   Code   RO         1526    .text.USBD_LL_IsoOUTIncomplete  usbd_core.o
    0x0800412e   0x0800412e   0x00000018   Code   RO          232    .text.USBD_LL_OpenEP  usbd_conf.o
    0x08004146   0x08004146   0x00000012   Code   RO          248    .text.USBD_LL_PrepareReceive  usbd_conf.o
    0x08004158   0x08004158   0x00000062   Code   RO         1514    .text.USBD_LL_Reset  usbd_core.o
    0x080041ba   0x080041ba   0x00000014   Code   RO         1520    .text.USBD_LL_Resume  usbd_core.o
    0x080041ce   0x080041ce   0x0000001a   Code   RO         1522    .text.USBD_LL_SOF   usbd_core.o
    0x080041e8   0x080041e8   0x00000006   Code   RO         1516    .text.USBD_LL_SetSpeed  usbd_core.o
    0x080041ee   0x080041ee   0x00000012   Code   RO          244    .text.USBD_LL_SetUSBAddress  usbd_conf.o
    0x08004200   0x08004200   0x00000060   Code   RO         1504    .text.USBD_LL_SetupStage  usbd_core.o
    0x08004260   0x08004260   0x00000012   Code   RO          238    .text.USBD_LL_StallEP  usbd_conf.o
    0x08004272   0x08004272   0x00000012   Code   RO          228    .text.USBD_LL_Start  usbd_conf.o
    0x08004284   0x08004284   0x0000001a   Code   RO         1518    .text.USBD_LL_Suspend  usbd_core.o
    0x0800429e   0x0800429e   0x00000012   Code   RO          246    .text.USBD_LL_Transmit  usbd_conf.o
    0x080042b0   0x080042b0   0x00000016   Code   RO         1558    .text.USBD_ParseSetupRequest  usbd_ctlreq.o
    0x080042c6   0x080042c6   0x0000003c   Code   RO         1492    .text.USBD_RegisterClass  usbd_core.o
    0x08004302   0x08004302   0x0000000e   Code   RO         1500    .text.USBD_SetClassConfig  usbd_core.o
    0x08004310   0x08004310   0x00000004   Code   RO         1494    .text.USBD_Start    usbd_core.o
    0x08004314   0x08004314   0x000002b0   Code   RO         1550    .text.USBD_StdDevReq  usbd_ctlreq.o
    0x080045c4   0x080045c4   0x00000134   Code   RO         1556    .text.USBD_StdEPReq  usbd_ctlreq.o
    0x080046f8   0x080046f8   0x00000060   Code   RO         1554    .text.USBD_StdItfReq  usbd_ctlreq.o
    0x08004758   0x08004758   0x00000002   Code   RO          254    .text.USBD_static_free  usbd_conf.o
    0x0800475a   0x0800475a   0x00000002   PAD
    0x0800475c   0x0800475c   0x00000008   Code   RO          252    .text.USBD_static_malloc  usbd_conf.o
    0x08004764   0x08004764   0x0000007c   Code   RO          402    .text.USB_ActivateEndpoint  stm32f4xx_ll_usb.o
    0x080047e0   0x080047e0   0x0000001a   Code   RO          444    .text.USB_ActivateSetup  stm32f4xx_ll_usb.o
    0x080047fa   0x080047fa   0x00000002   PAD
    0x080047fc   0x080047fc   0x00000084   Code   RO          378    .text.USB_CoreInit  stm32f4xx_ll_usb.o
    0x08004880   0x08004880   0x00000048   Code   RO          380    .text.USB_CoreReset  stm32f4xx_ll_usb.o
    0x080048c8   0x080048c8   0x00000078   Code   RO          406    .text.USB_DeactivateEndpoint  stm32f4xx_ll_usb.o
    0x08004940   0x08004940   0x00000018   Code   RO          426    .text.USB_DevConnect  stm32f4xx_ll_usb.o
    0x08004958   0x08004958   0x00000018   Code   RO          428    .text.USB_DevDisconnect  stm32f4xx_ll_usb.o
    0x08004970   0x08004970   0x0000018c   Code   RO          392    .text.USB_DevInit   stm32f4xx_ll_usb.o
    0x08004afc   0x08004afc   0x0000000c   Code   RO          386    .text.USB_DisableGlobalInt  stm32f4xx_ll_usb.o
    0x08004b08   0x08004b08   0x00000058   Code   RO          446    .text.USB_EP0_OutStart  stm32f4xx_ll_usb.o
    0x08004b60   0x08004b60   0x0000004e   Code   RO          420    .text.USB_EPClearStall  stm32f4xx_ll_usb.o
    0x08004bae   0x08004bae   0x00000036   Code   RO          418    .text.USB_EPSetStall  stm32f4xx_ll_usb.o
    0x08004be4   0x08004be4   0x000001b4   Code   RO          410    .text.USB_EPStartXfer  stm32f4xx_ll_usb.o
    0x08004d98   0x08004d98   0x00000068   Code   RO          414    .text.USB_EPStopXfer  stm32f4xx_ll_usb.o
    0x08004e00   0x08004e00   0x0000000c   Code   RO          384    .text.USB_EnableGlobalInt  stm32f4xx_ll_usb.o
    0x08004e0c   0x08004e0c   0x0000003a   Code   RO          398    .text.USB_FlushRxFifo  stm32f4xx_ll_usb.o
    0x08004e46   0x08004e46   0x00000040   Code   RO          396    .text.USB_FlushTxFifo  stm32f4xx_ll_usb.o
    0x08004e86   0x08004e86   0x00000002   PAD
    0x08004e88   0x08004e88   0x00000018   Code   RO          400    .text.USB_GetDevSpeed  stm32f4xx_ll_usb.o
    0x08004ea0   0x08004ea0   0x00000008   Code   RO          390    .text.USB_GetMode   stm32f4xx_ll_usb.o
    0x08004ea8   0x08004ea8   0x0000000e   Code   RO          436    .text.USB_ReadDevAllInEpInterrupt  stm32f4xx_ll_usb.o
    0x08004eb6   0x08004eb6   0x0000000e   Code   RO          434    .text.USB_ReadDevAllOutEpInterrupt  stm32f4xx_ll_usb.o
    0x08004ec4   0x08004ec4   0x00000024   Code   RO          440    .text.USB_ReadDevInEPInterrupt  stm32f4xx_ll_usb.o
    0x08004ee8   0x08004ee8   0x00000010   Code   RO          438    .text.USB_ReadDevOutEPInterrupt  stm32f4xx_ll_usb.o
    0x08004ef8   0x08004ef8   0x00000008   Code   RO          430    .text.USB_ReadInterrupts  stm32f4xx_ll_usb.o
    0x08004f00   0x08004f00   0x00000036   Code   RO          416    .text.USB_ReadPacket  stm32f4xx_ll_usb.o
    0x08004f36   0x08004f36   0x00000062   Code   RO          388    .text.USB_SetCurrentMode  stm32f4xx_ll_usb.o
    0x08004f98   0x08004f98   0x00000020   Code   RO          424    .text.USB_SetDevAddress  stm32f4xx_ll_usb.o
    0x08004fb8   0x08004fb8   0x000000f0   Code   RO          382    .text.USB_SetTurnaroundTime  stm32f4xx_ll_usb.o
    0x080050a8   0x080050a8   0x00000022   Code   RO          412    .text.USB_WritePacket  stm32f4xx_ll_usb.o
    0x080050ca   0x080050ca   0x00000002   Code   RO          103    .text.UsageFault_Handler  stm32f4xx_it.o
    0x080050cc   0x080050cc   0x00000080   Code   RO         1729    .text.XCalculatePower  lpp_sdk.o
    0x0800514c   0x0800514c   0x000001a8   Code   RO         1691    .text.XEncoderCallback  lpp_sdk.o
    0x080052f4   0x080052f4   0x00000044   Code   RO         1661    .text.XEncoder_Update  lpp_sdk.o
    0x08005338   0x08005338   0x00000068   Code   RO         1697    .text.XInterpTimerCallback  lpp_sdk.o
    0x080053a0   0x080053a0   0x00000024   Code   RO           53    .text.XInterpTimerStart  main.o
    0x080053c4   0x080053c4   0x00000118   Code   RO           19    .text.XMotorInit    main.o
    0x080054dc   0x080054dc   0x00000070   Code   RO           29    .text.XMotorSet     main.o
    0x0800554c   0x0800554c   0x00000064   Code   RO         1723    .text.XMove         lpp_sdk.o
    0x080055b0   0x080055b0   0x0000004c   Code   RO         1687    .text.XStartTracking  lpp_sdk.o
    0x080055fc   0x080055fc   0x0000018c   Code   RO         1695    .text.XStepperStepCallback  lpp_sdk.o
    0x08005788   0x08005788   0x0000002c   Code   RO         1689    .text.XStopTracking  lpp_sdk.o
    0x080057b4   0x080057b4   0x0000028c   Code   RO         1731    .text.XTimerCallback  lpp_sdk.o
    0x08005a40   0x08005a40   0x00000028   Code   RO           27    .text.XTimerSet     main.o
    0x08005a68   0x08005a68   0x00000018   Code   RO           25    .text.X_DIR_CLR     main.o
    0x08005a80   0x08005a80   0x00000018   Code   RO           23    .text.X_PWM_CLR     main.o
    0x08005a98   0x08005a98   0x00000084   Code   RO         1719    .text.YCalculatePower  lpp_sdk.o
    0x08005b1c   0x08005b1c   0x00000064   Code   RO         1713    .text.YMove         lpp_sdk.o
    0x08005b80   0x08005b80   0x0000002c   Code   RO         1705    .text.YSetEnable    lpp_sdk.o
    0x08005bac   0x08005bac   0x00000078   Code   RO         1721    .text.YTimerCallback  lpp_sdk.o
    0x08005c24   0x08005c24   0x00000014   Code   RO           51    .text.YTimerSet     main.o
    0x08005c38   0x08005c38   0x00000024   Code   RO          816    .text.__NVIC_SystemReset  stm32f4xx_hal_cortex.o
    0x08005c5c   0x08005c5c   0x0000004e   Code   RO         1653    .text.flash_erase_area  lpp_sdk.o
    0x08005caa   0x08005caa   0x00000046   Code   RO         1651    .text.flash_write_buffer  lpp_sdk.o
    0x08005cf0   0x08005cf0   0x0000019c   Code   RO           11    .text.main          main.o
    0x08005e8c   0x08005e8c   0x0000001a   Code   RO         1928    x$fpl$fpinit        fz_wm.l(fpinit.o)
    0x08005ea6   0x08005ea6   0x00000010   Data   RO         1478    .rodata.AHBPrescTable  system_stm32f4xx.o
    0x08005eb6   0x08005eb6   0x00000008   Data   RO         1479    .rodata.APBPrescTable  system_stm32f4xx.o
    0x08005ebe   0x08005ebe   0x00000002   PAD
    0x08005ec0   0x08005ec0   0x00000004   Data   RO           82    .rodata.GPIO_NULL_REG  main.o
    0x08005ec4   0x08005ec4   0x00000010   Data   RO         1794    .rodata.cst16       lpp_core_gpio.o
    0x08005ed4   0x08005ed4   0x00000028   Data   RO         1795    .rodata.lpp_protected_pins  lpp_core_gpio.o
    0x08005efc   0x08005efc   0x00000020   Data   RO         1989    Region$$Table       anon$$obj.o


    Execution Region RW_IRAM1 (Exec base: 0x20000000, Load base: 0x08005f20, Size: 0x00002d70, Max: 0x00020000, ABSOLUTE, COMPRESSED[0x000000d0])

    Exec Addr    Load Addr    Size         Type   Attr      Idx    E Section Name        Object

    0x20000000   COMPRESSED   0x00000008   Data   RW          919    .data..L_MergedGlobals  stm32f4xx_hal.o
    0x20000008   COMPRESSED   0x0000000c   Data   RW         1769    .data..L_MergedGlobals  lpp_sdk.o
    0x20000014   COMPRESSED   0x00000022   Data   RW          186    .data.CUSTOM_HID_ReportDesc_FS  usbd_custom_hid_if.o
    0x20000036   COMPRESSED   0x00000002   PAD
    0x20000038   COMPRESSED   0x0000001c   Data   RW          167    .data.FS_Desc       usbd_desc.o
    0x20000054   COMPRESSED   0x00000004   Data   RW         1477    .data.SystemCoreClock  system_stm32f4xx.o
    0x20000058   COMPRESSED   0x00000038   Data   RW         1633    .data.USBD_CUSTOM_HID  usbd_customhid.o
    0x20000090   COMPRESSED   0x00000029   Data   RW         1635    .data.USBD_CUSTOM_HID_CfgDesc  usbd_customhid.o
    0x200000b9   COMPRESSED   0x00000003   PAD
    0x200000bc   COMPRESSED   0x00000009   Data   RW         1634    .data.USBD_CUSTOM_HID_Desc  usbd_customhid.o
    0x200000c5   COMPRESSED   0x00000003   PAD
    0x200000c8   COMPRESSED   0x0000000a   Data   RW         1636    .data.USBD_CUSTOM_HID_DeviceQualifierDesc  usbd_customhid.o
    0x200000d2   COMPRESSED   0x00000002   PAD
    0x200000d4   COMPRESSED   0x00000010   Data   RW          187    .data.USBD_CustomHID_fops_FS  usbd_custom_hid_if.o
    0x200000e4   COMPRESSED   0x00000012   Data   RW          168    .data.USBD_FS_DeviceDesc  usbd_desc.o
    0x200000f6   COMPRESSED   0x00000002   PAD
    0x200000f8   COMPRESSED   0x00000004   Data   RW          169    .data.USBD_LangIDDesc  usbd_desc.o
    0x200000fc   COMPRESSED   0x0000001a   Data   RW          170    .data.USBD_StringSerial  usbd_desc.o
    0x20000116   COMPRESSED   0x00000002   PAD
    0x20000118   COMPRESSED   0x00000190   Data   RW         1793    .data.g_pins        lpp_core_gpio.o
    0x200002a8   COMPRESSED   0x00000020   Data   RW          596    .data.pFlash        stm32f4xx_hal_flash.o
    0x200002c8        -       0x00000060   Zero   RW         1854    .bss                c_w.l(libspace.o)
    0x20000328        -       0x00000074   Zero   RW           86    .bss..L_MergedGlobals  main.o
    0x2000039c        -       0x0000007c   Zero   RW         1770    .bss..L_MergedGlobals.1  lpp_sdk.o
    0x20000418        -       0x00000048   Zero   RW         1771    .bss..L_MergedGlobals.2  lpp_sdk.o
    0x20000460        -       0x00000040   Zero   RW         1760    .bss.APP_ERASE      lpp_sdk.o
    0x200004a0        -       0x00000040   Zero   RW         1761    .bss.APP_ID         lpp_sdk.o
    0x200004e0        -       0x00000040   Zero   RW         1757    .bss.APP_JAMP_TO_BOOT  lpp_sdk.o
    0x20000520        -       0x00000040   Zero   RW         1758    .bss.APP_SPEED_TEST  lpp_sdk.o
    0x20000560        -       0x00000040   Zero   RW         1759    .bss.APP_WRITE      lpp_sdk.o
    0x200005a0        -       0x00000534   Zero   RW         1767    .bss.FIFO_DATA      lpp_sdk.o
    0x20000ad4        -       0x00000004   Zero   RW         1792    .bss.GPIO_NULL_REG  lpp_core_gpio.o
    0x20000ad8        -       0x00000004   Zero   RW           81    .bss.LAST_LASER_FREQ  main.o
    0x20000adc        -       0x00000040   Zero   RW         1756    .bss.LAZER          lpp_sdk.o
    0x20000b1c        -       0x00000040   Zero   RW         1755    .bss.LIGHT          lpp_sdk.o
    0x20000b5c        -       0x00000040   Zero   RW         1745    .bss.PRINT_CONFIG   lpp_sdk.o
    0x20000b9c        -       0x00000040   Zero   RW         1754    .bss.SET_PARAM      lpp_sdk.o
    0x20000bdc        -       0x00000040   Zero   RW         1752    .bss.SET_X          lpp_sdk.o
    0x20000c1c        -       0x00000040   Zero   RW         1753    .bss.SET_Y          lpp_sdk.o
    0x20000c5c        -       0x00000040   Zero   RW         1750    .bss.TRACK          lpp_sdk.o
    0x20000c9c        -       0x000007d0   Zero   RW         1763    .bss.TUNING_X       lpp_sdk.o
    0x2000146c        -       0x000007d0   Zero   RW         1766    .bss.TUNING_Y       lpp_sdk.o
    0x20001c3c        -       0x00000001   Zero   RW         1572    .bss.USBD_SetConfig.cfgidx  usbd_ctlreq.o
    0x20001c3d   COMPRESSED   0x00000003   PAD
    0x20001c40        -       0x00000200   Zero   RW          171    .bss.USBD_StrDesc   usbd_desc.o
    0x20001e40        -       0x00000058   Zero   RW          259    .bss.USBD_static_malloc.mem  usbd_conf.o
    0x20001e98        -       0x00000040   Zero   RW         1747    .bss.USB_TUNING_X   lpp_sdk.o
    0x20001ed8        -       0x00000040   Zero   RW         1748    .bss.USB_TUNING_Y   lpp_sdk.o
    0x20001f18        -       0x000002dc   Zero   RW          142    .bss.hUsbDeviceFS   usb_device.o
    0x200021f4        -       0x000004e4   Zero   RW          258    .bss.hpcd_USB_OTG_FS  usbd_conf.o
    0x200026d8        -       0x00000048   Zero   RW           80    .bss.htim2          main.o
    0x20002720        -       0x00000048   Zero   RW           83    .bss.htim3          main.o
    0x20002768        -       0x00000004   Zero   RW          918    .bss.uwTick         stm32f4xx_hal.o
    0x2000276c   COMPRESSED   0x00000004   PAD
    0x20002770        -       0x00000200   Zero   RW            2    HEAP                startup_stm32f411xe.o
    0x20002970        -       0x00000400   Zero   RW            1    STACK               startup_stm32f411xe.o



  Load Region LR$$.ARM.__at_0x08007FEC (Base: 0x08007fec, Size: 0x00000004, Max: 0x00000004, ABSOLUTE)

    Execution Region ER$$.ARM.__at_0x08007FEC (Exec base: 0x08007fec, Load base: 0x08007fec, Size: 0x00000004, Max: 0x00000004, ABSOLUTE, UNINIT)

    Exec Addr    Load Addr    Size         Type   Attr      Idx    E Section Name        Object

    0x08007fec   0x08007fec   0x00000004   Data   RO           75    .ARM.__at_0x08007FEC  main.o



  Load Region LR$$.ARM.__at_0x08007FF0 (Base: 0x08007ff0, Size: 0x00000004, Max: 0x00000004, ABSOLUTE)

    Execution Region ER$$.ARM.__at_0x08007FF0 (Exec base: 0x08007ff0, Load base: 0x08007ff0, Size: 0x00000004, Max: 0x00000004, ABSOLUTE, UNINIT)

    Exec Addr    Load Addr    Size         Type   Attr      Idx    E Section Name        Object

    0x08007ff0   0x08007ff0   0x00000004   Data   RO           76    .ARM.__at_0x08007FF0  main.o



  Load Region LR$$.ARM.__at_0x08007FF4 (Base: 0x08007ff4, Size: 0x00000004, Max: 0x00000004, ABSOLUTE)

    Execution Region ER$$.ARM.__at_0x08007FF4 (Exec base: 0x08007ff4, Load base: 0x08007ff4, Size: 0x00000004, Max: 0x00000004, ABSOLUTE, UNINIT)

    Exec Addr    Load Addr    Size         Type   Attr      Idx    E Section Name        Object

    0x08007ff4   0x08007ff4   0x00000004   Data   RO           77    .ARM.__at_0x08007FF4  main.o



  Load Region LR$$.ARM.__at_0x08007FF8 (Base: 0x08007ff8, Size: 0x00000004, Max: 0x00000004, ABSOLUTE)

    Execution Region ER$$.ARM.__at_0x08007FF8 (Exec base: 0x08007ff8, Load base: 0x08007ff8, Size: 0x00000004, Max: 0x00000004, ABSOLUTE, UNINIT)

    Exec Addr    Load Addr    Size         Type   Attr      Idx    E Section Name        Object

    0x08007ff8   0x08007ff8   0x00000004   Data   RO           78    .ARM.__at_0x08007FF8  main.o



  Load Region LR$$.ARM.__at_0x08007FFC (Base: 0x08007ffc, Size: 0x00000004, Max: 0x00000004, ABSOLUTE)

    Execution Region ER$$.ARM.__at_0x08007FFC (Exec base: 0x08007ffc, Load base: 0x08007ffc, Size: 0x00000004, Max: 0x00000004, ABSOLUTE, UNINIT)

    Exec Addr    Load Addr    Size         Type   Attr      Idx    E Section Name        Object

    0x08007ffc   0x08007ffc   0x00000004   Data   RO           79    .ARM.__at_0x08007FFC  main.o


==============================================================================

Image component sizes


      Code (inc. data)   RO Data    RW Data    ZI Data      Debug   Object Name

       782         60         56        400          4       7454   lpp_core_gpio.o
      5206        370          0         12       6424      31805   lpp_sdk.o
      2480        244         24          0        264      19258   main.o
        64         26        408          0       1536        836   startup_stm32f411xe.o
       282         48          0          8          4       7016   stm32f4xx_hal.o
       224         32          0          0          0      10137   stm32f4xx_hal_cortex.o
       536         32          0         32          0       5200   stm32f4xx_hal_flash.o
       328          8          0          0          0       6379   stm32f4xx_hal_flash_ex.o
       620         24          0          0          0       5169   stm32f4xx_hal_gpio.o
       156          8          0          0          0       6423   stm32f4xx_hal_msp.o
      2568          4          0          0          0      16552   stm32f4xx_hal_pcd.o
        74          0          0          0          0       4372   stm32f4xx_hal_pcd_ex.o
        28          8          0          0          0       4698   stm32f4xx_hal_pwr.o
      1238         48          0          0          0       7662   stm32f4xx_hal_rcc.o
      1552         48          0          0          0      47336   stm32f4xx_hal_tim.o
       100          0          0          0          0      20078   stm32f4xx_hal_tim_ex.o
        56         12          0          0          0       6768   stm32f4xx_it.o
      2456        108          0          0          0      25741   stm32f4xx_ll_usb.o
        16          4         24          4          0       2625   system_stm32f4xx.o
        80         16          0          0        732       3194   usb_device.o
       614         24          0          0       1340      16287   usbd_conf.o
       862          0          0          0          0      10644   usbd_core.o
      1232         38          0          0          1       9390   usbd_ctlreq.o
        40          4          0         50          0       2082   usbd_custom_hid_if.o
       842         34          0        116          0       9069   usbd_customhid.o
       288        116          0         76        512       3686   usbd_desc.o
       134          0          0          0          0       4721   usbd_ioreq.o

    ----------------------------------------------------------------------
     22894       1316        546        712      10824     294582   Object Totals
         0          0         32          0          0          0   (incl. Generated)
        36          0          2         14          7          0   (incl. Padding)

    ----------------------------------------------------------------------

      Code (inc. data)   RO Data    RW Data    ZI Data      Debug   Library Member Name

        90          0          0          0          0          0   __dczerorl2.o
         8          0          0          0          0         68   __main.o
         0          0          0          0          0          0   __rtentry.o
        12          0          0          0          0          0   __rtentry2.o
         6          0          0          0          0          0   __rtentry4.o
        52          8          0          0          0          0   __scatter.o
        28          0          0          0          0          0   __scatter_zi.o
        18          0          0          0          0         80   exit.o
         6          0          0          0          0        152   heapauxi.o
         0          0          0          0          0          0   indicate_semi.o
         2          0          0          0          0          0   libinit.o
         6          0          0          0          0          0   libinit2.o
         2          0          0          0          0          0   libshutdown.o
         2          0          0          0          0          0   libshutdown2.o
         8          4          0          0         96         68   libspace.o
       240          0          0          0          0        100   lludivv7m.o
        78          0          0          0          0         80   rt_memclr_w.o
       138          0          0          0          0         68   rt_memcpy_v6.o
       100          0          0          0          0         80   rt_memcpy_w.o
         2          0          0          0          0          0   rtexit.o
        10          0          0          0          0          0   rtexit2.o
        12          4          0          0          0         68   sys_exit.o
        74          0          0          0          0         80   sys_stackheap_outer.o
         2          0          0          0          0         68   use_no_semi.o
        26          0          0          0          0        116   fpinit.o

    ----------------------------------------------------------------------
       928         16          0          0         96       1028   Library Totals
         6          0          0          0          0          0   (incl. Padding)

    ----------------------------------------------------------------------

      Code (inc. data)   RO Data    RW Data    ZI Data      Debug   Library Name

       896         16          0          0         96        912   c_w.l
        26          0          0          0          0        116   fz_wm.l

    ----------------------------------------------------------------------
       928         16          0          0         96       1028   Library Totals

    ----------------------------------------------------------------------

==============================================================================


      Code (inc. data)   RO Data    RW Data    ZI Data      Debug   

     23822       1332        546        712      10920     294746   Grand Totals
     23822       1332        546        208      10920     294746   ELF Image Totals (compressed)
     23822       1332        546        208          0          0   ROM Totals

==============================================================================

    Total RO  Size (Code + RO Data)                24368 (  23.80kB)
    Total RW  Size (RW Data + ZI Data)             11632 (  11.36kB)
    Total ROM Size (Code + RO Data + RW Data)      24576 (  24.00kB)

==============================================================================

