Component: Arm Compiler for Embedded 6.19 Tool: armlink [5e73cb00]

==============================================================================

Section Cross References

    startup_stm32f411xe.o(STACK) refers (Special) to heapauxi.o(.text) for __use_two_region_memory
    startup_stm32f411xe.o(HEAP) refers (Special) to heapauxi.o(.text) for __use_two_region_memory
    startup_stm32f411xe.o(RESET) refers (Special) to heapauxi.o(.text) for __use_two_region_memory
    startup_stm32f411xe.o(RESET) refers to startup_stm32f411xe.o(STACK) for __initial_sp
    startup_stm32f411xe.o(RESET) refers to startup_stm32f411xe.o(.text) for Reset_Handler
    startup_stm32f411xe.o(RESET) refers to stm32f4xx_it.o(.text.NMI_Handler) for NMI_Handler
    startup_stm32f411xe.o(RESET) refers to stm32f4xx_it.o(.text.HardFault_Handler) for HardFault_Handler
    startup_stm32f411xe.o(RESET) refers to stm32f4xx_it.o(.text.MemManage_Handler) for MemManage_Handler
    startup_stm32f411xe.o(RESET) refers to stm32f4xx_it.o(.text.BusFault_Handler) for BusFault_Handler
    startup_stm32f411xe.o(RESET) refers to stm32f4xx_it.o(.text.UsageFault_Handler) for UsageFault_Handler
    startup_stm32f411xe.o(RESET) refers to stm32f4xx_it.o(.text.SVC_Handler) for SVC_Handler
    startup_stm32f411xe.o(RESET) refers to stm32f4xx_it.o(.text.DebugMon_Handler) for DebugMon_Handler
    startup_stm32f411xe.o(RESET) refers to stm32f4xx_it.o(.text.PendSV_Handler) for PendSV_Handler
    startup_stm32f411xe.o(RESET) refers to stm32f4xx_it.o(.text.SysTick_Handler) for SysTick_Handler
    startup_stm32f411xe.o(RESET) refers to stm32f4xx_it.o(.text.EXTI9_5_IRQHandler) for EXTI9_5_IRQHandler
    startup_stm32f411xe.o(RESET) refers to main.o(.text.TIM1_UP_TIM10_IRQHandler) for TIM1_UP_TIM10_IRQHandler
    startup_stm32f411xe.o(RESET) refers to main.o(.text.TIM1_CC_IRQHandler) for TIM1_CC_IRQHandler
    startup_stm32f411xe.o(RESET) refers to stm32f4xx_it.o(.text.TIM2_IRQHandler) for TIM2_IRQHandler
    startup_stm32f411xe.o(RESET) refers to stm32f4xx_it.o(.text.TIM3_IRQHandler) for TIM3_IRQHandler
    startup_stm32f411xe.o(RESET) refers to stm32f4xx_it.o(.text.TIM4_IRQHandler) for TIM4_IRQHandler
    startup_stm32f411xe.o(RESET) refers to stm32f4xx_it.o(.text.DMA2_Stream0_IRQHandler) for DMA2_Stream0_IRQHandler
    startup_stm32f411xe.o(RESET) refers to stm32f4xx_it.o(.text.OTG_FS_IRQHandler) for OTG_FS_IRQHandler
    startup_stm32f411xe.o(.text) refers (Special) to heapauxi.o(.text) for __use_two_region_memory
    startup_stm32f411xe.o(.text) refers to system_stm32f4xx.o(.text.SystemInit) for SystemInit
    startup_stm32f411xe.o(.text) refers to __main.o(!!!main) for __main
    startup_stm32f411xe.o(.text) refers to startup_stm32f411xe.o(HEAP) for Heap_Mem
    startup_stm32f411xe.o(.text) refers to startup_stm32f411xe.o(STACK) for Stack_Mem
    main.o(.text.main) refers to stm32f4xx_hal.o(.text.HAL_Init) for HAL_Init
    main.o(.text.main) refers to main.o(.text.SystemClock_Config) for SystemClock_Config
    main.o(.text.main) refers to main.o(.text.OUTLINED_FUNCTION_4) for OUTLINED_FUNCTION_4
    main.o(.text.main) refers to stm32f4xx_hal_gpio.o(.text.HAL_GPIO_WritePin) for HAL_GPIO_WritePin
    main.o(.text.main) refers to main.o(.text.OUTLINED_FUNCTION_5) for OUTLINED_FUNCTION_5
    main.o(.text.main) refers to stm32f4xx_hal_cortex.o(.text.HAL_NVIC_EnableIRQ) for HAL_NVIC_EnableIRQ
    main.o(.text.main) refers to stm32f4xx_hal_dma.o(.text.HAL_DMA_Init) for HAL_DMA_Init
    main.o(.text.main) refers to usb_device.o(.text.MX_USB_DEVICE_Init) for MX_USB_DEVICE_Init
    main.o(.text.main) refers to stm32f4xx_hal_tim.o(.text.HAL_TIM_PWM_Init) for HAL_TIM_PWM_Init
    main.o(.text.main) refers to stm32f4xx_hal_tim_ex.o(.text.HAL_TIMEx_MasterConfigSynchronization) for HAL_TIMEx_MasterConfigSynchronization
    main.o(.text.main) refers to stm32f4xx_hal_tim.o(.text.HAL_TIM_PWM_ConfigChannel) for HAL_TIM_PWM_ConfigChannel
    main.o(.text.main) refers to stm32f4xx_hal_msp.o(.text.HAL_TIM_MspPostInit) for HAL_TIM_MspPostInit
    main.o(.text.main) refers to main.o(.text.OUTLINED_FUNCTION_0) for OUTLINED_FUNCTION_0
    main.o(.text.main) refers to stm32f4xx_hal_tim.o(.text.HAL_TIM_ConfigClockSource) for HAL_TIM_ConfigClockSource
    main.o(.text.main) refers to lpp_sdk.o(.text.Lpp_Init) for Lpp_Init
    main.o(.text.main) refers to stm32f4xx_hal_tim.o(.text.HAL_TIM_Base_Start_IT) for HAL_TIM_Base_Start_IT
    main.o(.text.main) refers to stm32f4xx_hal_tim.o(.text.HAL_TIM_PWM_Start) for HAL_TIM_PWM_Start
    main.o(.text.main) refers to stm32f4xx_hal.o(.text.HAL_Delay) for HAL_Delay
    main.o(.text.main) refers to stm32f4xx_hal_dma.o(.text.HAL_DMA_RegisterCallback) for HAL_DMA_RegisterCallback
    main.o(.text.main) refers to lpp_sdk.o(.text.Lpp_MainLoop) for Lpp_MainLoop
    main.o(.text.main) refers to stm32f4xx_hal_gpio.o(.text.HAL_GPIO_Init) for HAL_GPIO_Init
    main.o(.text.main) refers to main.o(.bss.hdma_memtomem_dma2_stream0) for hdma_memtomem_dma2_stream0
[...]
    HAL_PCD_EP_Abort                         0x08001309   Thumb Code    34  stm32f4xx_hal_pcd.o(.text.HAL_PCD_EP_Abort)
    HAL_PCD_EP_Close                         0x0800132b   Thumb Code    60  stm32f4xx_hal_pcd.o(.text.HAL_PCD_EP_Close)
    HAL_PCD_EP_ClrStall                      0x08001367   Thumb Code    78  stm32f4xx_hal_pcd.o(.text.HAL_PCD_EP_ClrStall)
    HAL_PCD_EP_Open                          0x080013b5   Thumb Code    82  stm32f4xx_hal_pcd.o(.text.HAL_PCD_EP_Open)
    HAL_PCD_EP_Receive                       0x08001407   Thumb Code    56  stm32f4xx_hal_pcd.o(.text.HAL_PCD_EP_Receive)
    HAL_PCD_EP_SetStall                      0x0800143f   Thumb Code   108  stm32f4xx_hal_pcd.o(.text.HAL_PCD_EP_SetStall)
    HAL_PCD_EP_Transmit                      0x080014ab   Thumb Code    52  stm32f4xx_hal_pcd.o(.text.HAL_PCD_EP_Transmit)
    HAL_PCD_IRQHandler                       0x080014e1   Thumb Code  1762  stm32f4xx_hal_pcd.o(.text.HAL_PCD_IRQHandler)
    HAL_PCD_ISOINIncompleteCallback          0x08001bc3   Thumb Code     8  usbd_conf.o(.text.HAL_PCD_ISOINIncompleteCallback)
    HAL_PCD_ISOOUTIncompleteCallback         0x08001bcb   Thumb Code     8  usbd_conf.o(.text.HAL_PCD_ISOOUTIncompleteCallback)
    HAL_PCD_Init                             0x08001bd3   Thumb Code   184  stm32f4xx_hal_pcd.o(.text.HAL_PCD_Init)
    HAL_PCD_MspInit                          0x08001c8d   Thumb Code   112  usbd_conf.o(.text.HAL_PCD_MspInit)
    HAL_PCD_ResetCallback                    0x08001d05   Thumb Code    36  usbd_conf.o(.text.HAL_PCD_ResetCallback)
    HAL_PCD_ResumeCallback                   0x08001d29   Thumb Code     8  usbd_conf.o(.text.HAL_PCD_ResumeCallback)
    HAL_PCD_SOFCallback                      0x08001d31   Thumb Code     8  usbd_conf.o(.text.HAL_PCD_SOFCallback)
    HAL_PCD_SetAddress                       0x08001d39   Thumb Code    26  stm32f4xx_hal_pcd.o(.text.HAL_PCD_SetAddress)
    HAL_PCD_SetupStageCallback               0x08001d53   Thumb Code    14  usbd_conf.o(.text.HAL_PCD_SetupStageCallback)
    HAL_PCD_Start                            0x08001d61   Thumb Code    46  stm32f4xx_hal_pcd.o(.text.HAL_PCD_Start)
    HAL_PCD_SuspendCallback                  0x08001d91   Thumb Code    44  usbd_conf.o(.text.HAL_PCD_SuspendCallback)
    HAL_PWR_EnableBkUpAccess                 0x08001dc1   Thumb Code    20  stm32f4xx_hal_pwr.o(.text.HAL_PWR_EnableBkUpAccess)
    HAL_RCC_ClockConfig                      0x08001ddd   Thumb Code   264  stm32f4xx_hal_rcc.o(.text.HAL_RCC_ClockConfig)
    HAL_RCC_GetHCLKFreq                      0x08001ef1   Thumb Code     8  stm32f4xx_hal_rcc.o(.text.HAL_RCC_GetHCLKFreq)
    HAL_RCC_GetPCLK1Freq                     0x08001ef9   Thumb Code    20  stm32f4xx_hal_rcc.o(.text.HAL_RCC_GetPCLK1Freq)
    HAL_RCC_GetSysClockFreq                  0x08001f19   Thumb Code    80  stm32f4xx_hal_rcc.o(.text.HAL_RCC_GetSysClockFreq)
    HAL_RCC_OscConfig                        0x08001f75   Thumb Code   796  stm32f4xx_hal_rcc.o(.text.HAL_RCC_OscConfig)
    HAL_SYSTICK_Config                       0x0800229d   Thumb Code    32  stm32f4xx_hal_cortex.o(.text.HAL_SYSTICK_Config)
    HAL_TIMEx_BreakCallback                  0x080022c5   Thumb Code     2  stm32f4xx_hal_tim_ex.o(.text.HAL_TIMEx_BreakCallback)
    HAL_TIMEx_CommutCallback                 0x080022c7   Thumb Code     2  stm32f4xx_hal_tim_ex.o(.text.HAL_TIMEx_CommutCallback)
    HAL_TIMEx_ConfigBreakDeadTime            0x080022c9   Thumb Code    78  stm32f4xx_hal_tim_ex.o(.text.HAL_TIMEx_ConfigBreakDeadTime)
    HAL_TIMEx_MasterConfigSynchronization    0x08002319   Thumb Code    96  stm32f4xx_hal_tim_ex.o(.text.HAL_TIMEx_MasterConfigSynchronization)
    HAL_TIM_Base_Init                        0x08002379   Thumb Code    30  stm32f4xx_hal_tim.o(.text.HAL_TIM_Base_Init)
    HAL_TIM_Base_MspInit                     0x08002399   Thumb Code    96  stm32f4xx_hal_msp.o(.text.HAL_TIM_Base_MspInit)
    HAL_TIM_Base_Start_IT                    0x080023fd   Thumb Code    88  stm32f4xx_hal_tim.o(.text.HAL_TIM_Base_Start_IT)
    HAL_TIM_Base_Stop_IT                     0x08002469   Thumb Code    46  stm32f4xx_hal_tim.o(.text.HAL_TIM_Base_Stop_IT)
    HAL_TIM_ConfigClockSource                0x08002497   Thumb Code   180  stm32f4xx_hal_tim.o(.text.HAL_TIM_ConfigClockSource)
    HAL_TIM_IC_CaptureCallback               0x0800254b   Thumb Code     2  stm32f4xx_hal_tim.o(.text.HAL_TIM_IC_CaptureCallback)
    HAL_TIM_IRQHandler                       0x0800254d   Thumb Code   266  stm32f4xx_hal_tim.o(.text.HAL_TIM_IRQHandler)
    HAL_TIM_MspPostInit                      0x08002659   Thumb Code    64  stm32f4xx_hal_msp.o(.text.HAL_TIM_MspPostInit)
    HAL_TIM_OC_DelayElapsedCallback          0x080026a1   Thumb Code     2  stm32f4xx_hal_tim.o(.text.HAL_TIM_OC_DelayElapsedCallback)
    HAL_TIM_OnePulse_Init                    0x080026a3   Thumb Code    52  stm32f4xx_hal_tim.o(.text.HAL_TIM_OnePulse_Init)
    HAL_TIM_OnePulse_MspInit                 0x080026d7   Thumb Code     2  stm32f4xx_hal_tim.o(.text.HAL_TIM_OnePulse_MspInit)
    HAL_TIM_PWM_ConfigChannel                0x080026d9   Thumb Code   138  stm32f4xx_hal_tim.o(.text.HAL_TIM_PWM_ConfigChannel)
    HAL_TIM_PWM_Init                         0x08002763   Thumb Code    30  stm32f4xx_hal_tim.o(.text.HAL_TIM_PWM_Init)
    HAL_TIM_PWM_MspInit                      0x08002781   Thumb Code    56  stm32f4xx_hal_msp.o(.text.HAL_TIM_PWM_MspInit)
    HAL_TIM_PWM_PulseFinishedCallback        0x080027bd   Thumb Code     2  stm32f4xx_hal_tim.o(.text.HAL_TIM_PWM_PulseFinishedCallback)
    HAL_TIM_PWM_Start                        0x080027c1   Thumb Code   144  stm32f4xx_hal_tim.o(.text.HAL_TIM_PWM_Start)
    HAL_TIM_PeriodElapsedCallback            0x08002861   Thumb Code    64  main.o(.text.HAL_TIM_PeriodElapsedCallback)
    HAL_TIM_TriggerCallback                  0x080028a9   Thumb Code     2  stm32f4xx_hal_tim.o(.text.HAL_TIM_TriggerCallback)
    HardFault_Handler                        0x080028ab   Thumb Code     2  stm32f4xx_it.o(.text.HardFault_Handler)
    JumpToApplication                        0x080028d9   Thumb Code    80  lpp_sdk.o(.text.JumpToApplication)
    LPP_BootFlag_EnableAccess                0x08002931   Thumb Code    32  lpp_sdk.o(.text.LPP_BootFlag_EnableAccess)
    LPP_BootFlag_Read                        0x08002955   Thumb Code    16  lpp_sdk.o(.text.LPP_BootFlag_Read)
    Lpp_Init                                 0x08002965   Thumb Code    84  lpp_sdk.o(.text.Lpp_Init)
    Lpp_MainLoop                             0x080029c5   Thumb Code   256  lpp_sdk.o(.text.Lpp_MainLoop)
    MX_USB_DEVICE_Init                       0x08002ad9   Thumb Code    64  usb_device.o(.text.MX_USB_DEVICE_Init)
    MemManage_Handler                        0x08002b29   Thumb Code     2  stm32f4xx_it.o(.text.MemManage_Handler)
    NMI_Handler                              0x08002b2b   Thumb Code     2  stm32f4xx_it.o(.text.NMI_Handler)
    OTG_FS_IRQHandler                        0x08002b2d   Thumb Code     8  stm32f4xx_it.o(.text.OTG_FS_IRQHandler)
    PacketReceive                            0x08002df5   Thumb Code  1124  lpp_sdk.o(.text.PacketReceive)
    PacketSend                               0x080032a5   Thumb Code    12  main.o(.text.PacketSend)
    PendSV_Handler                           0x080032b5   Thumb Code     2  stm32f4xx_it.o(.text.PendSV_Handler)
    PrintStopJob                             0x080032b9   Thumb Code    28  lpp_sdk.o(.text.PrintStopJob)
    ReadEncoderPins                          0x080032dd   Thumb Code    20  main.o(.text.ReadEncoderPins)
    SVC_Handler                              0x080032fd   Thumb Code     2  stm32f4xx_it.o(.text.SVC_Handler)
    SetLaserLightPWMFrequency                0x08003301   Thumb Code    68  main.o(.text.SetLaserLightPWMFrequency)
    SetLaserPWM                              0x08003349   Thumb Code     8  main.o(.text.SetLaserPWM)
    SetLightPWM                              0x08003351   Thumb Code     8  main.o(.text.SetLightPWM)
    SysTick_Handler                          0x08003359   Thumb Code     4  stm32f4xx_it.o(.text.SysTick_Handler)
    SystemClock_Config                       0x0800335d   Thumb Code   148  main.o(.text.SystemClock_Config)
    SystemInit                               0x080033f9   Thumb Code    12  system_stm32f4xx.o(.text.SystemInit)
    TIM1_CC_IRQHandler                       0x08003409   Thumb Code     8  main.o(.text.TIM1_CC_IRQHandler)
    TIM1_UP_TIM10_IRQHandler                 0x08003411   Thumb Code     8  main.o(.text.TIM1_UP_TIM10_IRQHandler)
    TIM2_IRQHandler                          0x0800341d   Thumb Code     8  stm32f4xx_it.o(.text.TIM2_IRQHandler)
    TIM3_IRQHandler                          0x08003429   Thumb Code     8  stm32f4xx_it.o(.text.TIM3_IRQHandler)
    TIM4_IRQHandler                          0x08003435   Thumb Code     8  stm32f4xx_it.o(.text.TIM4_IRQHandler)
    TIM_Base_SetConfig                       0x08003441   Thumb Code   132  stm32f4xx_hal_tim.o(.text.TIM_Base_SetConfig)
    TIM_CCxChannelCmd                        0x080034dd   Thumb Code    30  stm32f4xx_hal_tim.o(.text.TIM_CCxChannelCmd)
    TIM_OC2_SetConfig                        0x08003549   Thumb Code    88  stm32f4xx_hal_tim.o(.text.TIM_OC2_SetConfig)
    USBD_CUSTOM_HID_ReceivePacket            0x08003853   Thumb Code    32  usbd_customhid.o(.text.USBD_CUSTOM_HID_ReceivePacket)
    USBD_CUSTOM_HID_RegisterInterface        0x08003873   Thumb Code    22  usbd_customhid.o(.text.USBD_CUSTOM_HID_RegisterInterface)
    USBD_CUSTOM_HID_SendReport               0x08003889   Thumb Code    56  usbd_customhid.o(.text.USBD_CUSTOM_HID_SendReport)
    USBD_ClrClassConfig                      0x080039b5   Thumb Code    18  usbd_core.o(.text.USBD_ClrClassConfig)
    USBD_CoreFindEP                          0x080039c7   Thumb Code     4  usbd_core.o(.text.USBD_CoreFindEP)
    USBD_CoreFindIF                          0x080039cb   Thumb Code     4  usbd_core.o(.text.USBD_CoreFindIF)
    USBD_CtlContinueRx                       0x080039cf   Thumb Code    16  usbd_ioreq.o(.text.USBD_CtlContinueRx)
    USBD_CtlContinueSendData                 0x080039df   Thumb Code    16  usbd_ioreq.o(.text.USBD_CtlContinueSendData)
    USBD_CtlError                            0x080039ef   Thumb Code    22  usbd_ctlreq.o(.text.USBD_CtlError)
    USBD_CtlPrepareRx                        0x08003a05   Thumb Code    30  usbd_ioreq.o(.text.USBD_CtlPrepareRx)
    USBD_CtlReceiveStatus                    0x08003a23   Thumb Code    22  usbd_ioreq.o(.text.USBD_CtlReceiveStatus)
    USBD_CtlSendData                         0x08003a39   Thumb Code    28  usbd_ioreq.o(.text.USBD_CtlSendData)
    USBD_CtlSendStatus                       0x08003a55   Thumb Code    22  usbd_ioreq.o(.text.USBD_CtlSendStatus)
    USBD_FS_ConfigStrDescriptor              0x08003a6d   Thumb Code    16  usbd_desc.o(.text.USBD_FS_ConfigStrDescriptor)
    USBD_FS_DeviceDescriptor                 0x08003a91   Thumb Code     8  usbd_desc.o(.text.USBD_FS_DeviceDescriptor)
    USBD_FS_InterfaceStrDescriptor           0x08003a9d   Thumb Code    16  usbd_desc.o(.text.USBD_FS_InterfaceStrDescriptor)
    USBD_FS_LangIDStrDescriptor              0x08003ac5   Thumb Code     8  usbd_desc.o(.text.USBD_FS_LangIDStrDescriptor)
    USBD_FS_ManufacturerStrDescriptor        0x08003ad1   Thumb Code    16  usbd_desc.o(.text.USBD_FS_ManufacturerStrDescriptor)
    USBD_FS_ProductStrDescriptor             0x08003af5   Thumb Code    16  usbd_desc.o(.text.USBD_FS_ProductStrDescriptor)
    USBD_FS_SerialStrDescriptor              0x08003b29   Thumb Code    44  usbd_desc.o(.text.USBD_FS_SerialStrDescriptor)
    USBD_GetEpDesc                           0x08003b5d   Thumb Code    42  usbd_core.o(.text.USBD_GetEpDesc)
    USBD_GetString                           0x08003b97   Thumb Code    52  usbd_ctlreq.o(.text.USBD_GetString)
    USBD_Get_USB_Status                      0x08003bcd   Thumb Code    20  usbd_conf.o(.text.USBD_Get_USB_Status)
    USBD_Init                                0x08003be5   Thumb Code    38  usbd_core.o(.text.USBD_Init)
    USBD_LL_ClearStallEP                     0x08003c0b   Thumb Code    18  usbd_conf.o(.text.USBD_LL_ClearStallEP)
    USBD_LL_CloseEP                          0x08003c1d   Thumb Code    18  usbd_conf.o(.text.USBD_LL_CloseEP)
    USBD_LL_DataInStage                      0x08003c2f   Thumb Code   164  usbd_core.o(.text.USBD_LL_DataInStage)
    USBD_LL_DataOutStage                     0x08003cd3   Thumb Code   110  usbd_core.o(.text.USBD_LL_DataOutStage)
    USBD_LL_DevConnected                     0x08003d41   Thumb Code     4  usbd_core.o(.text.USBD_LL_DevConnected)
    USBD_LL_DevDisconnected                  0x08003d45   Thumb Code    32  usbd_core.o(.text.USBD_LL_DevDisconnected)
    USBD_LL_Init                             0x08003d65   Thumb Code    88  usbd_conf.o(.text.USBD_LL_Init)
    USBD_LL_IsStallEP                        0x08003dc1   Thumb Code    34  usbd_conf.o(.text.USBD_LL_IsStallEP)
    USBD_LL_IsoINIncomplete                  0x08003de3   Thumb Code    30  usbd_core.o(.text.USBD_LL_IsoINIncomplete)
    USBD_LL_IsoOUTIncomplete                 0x08003e01   Thumb Code    30  usbd_core.o(.text.USBD_LL_IsoOUTIncomplete)
    USBD_LL_OpenEP                           0x08003e1f   Thumb Code    24  usbd_conf.o(.text.USBD_LL_OpenEP)
    USBD_LL_PrepareReceive                   0x08003e37   Thumb Code    18  usbd_conf.o(.text.USBD_LL_PrepareReceive)
    USBD_LL_Reset                            0x08003e49   Thumb Code    98  usbd_core.o(.text.USBD_LL_Reset)
    USBD_LL_Resume                           0x08003eab   Thumb Code    20  usbd_core.o(.text.USBD_LL_Resume)
    USBD_LL_SOF                              0x08003ebf   Thumb Code    26  usbd_core.o(.text.USBD_LL_SOF)
    USBD_LL_SetSpeed                         0x08003ed9   Thumb Code     6  usbd_core.o(.text.USBD_LL_SetSpeed)
    USBD_LL_SetUSBAddress                    0x08003edf   Thumb Code    18  usbd_conf.o(.text.USBD_LL_SetUSBAddress)
    USBD_LL_SetupStage                       0x08003ef1   Thumb Code    96  usbd_core.o(.text.USBD_LL_SetupStage)
    USBD_LL_StallEP                          0x08003f51   Thumb Code    18  usbd_conf.o(.text.USBD_LL_StallEP)
    USBD_LL_Start                            0x08003f63   Thumb Code    18  usbd_conf.o(.text.USBD_LL_Start)
    USBD_LL_Suspend                          0x08003f75   Thumb Code    26  usbd_core.o(.text.USBD_LL_Suspend)
    USBD_LL_Transmit                         0x08003f8f   Thumb Code    18  usbd_conf.o(.text.USBD_LL_Transmit)
    USBD_ParseSetupRequest                   0x08003fa1   Thumb Code    22  usbd_ctlreq.o(.text.USBD_ParseSetupRequest)
    USBD_RegisterClass                       0x08003fb7   Thumb Code    60  usbd_core.o(.text.USBD_RegisterClass)
    USBD_SetClassConfig                      0x08003ff3   Thumb Code    14  usbd_core.o(.text.USBD_SetClassConfig)
    USBD_Start                               0x08004001   Thumb Code     4  usbd_core.o(.text.USBD_Start)
    USBD_StdDevReq                           0x08004005   Thumb Code   684  usbd_ctlreq.o(.text.USBD_StdDevReq)
    USBD_StdEPReq                            0x080042b5   Thumb Code   308  usbd_ctlreq.o(.text.USBD_StdEPReq)
    USBD_StdItfReq                           0x080043e9   Thumb Code    96  usbd_ctlreq.o(.text.USBD_StdItfReq)
    USBD_static_free                         0x08004449   Thumb Code     2  usbd_conf.o(.text.USBD_static_free)
    USBD_static_malloc                       0x0800444d   Thumb Code     4  usbd_conf.o(.text.USBD_static_malloc)
    USB_ActivateEndpoint                     0x08004455   Thumb Code   120  stm32f4xx_ll_usb.o(.text.USB_ActivateEndpoint)
    USB_ActivateSetup                        0x080044d1   Thumb Code    26  stm32f4xx_ll_usb.o(.text.USB_ActivateSetup)
    USB_CoreInit                             0x080044ed   Thumb Code   128  stm32f4xx_ll_usb.o(.text.USB_CoreInit)
    USB_DeactivateEndpoint                   0x080045b9   Thumb Code   116  stm32f4xx_ll_usb.o(.text.USB_DeactivateEndpoint)
    USB_DevConnect                           0x08004631   Thumb Code    24  stm32f4xx_ll_usb.o(.text.USB_DevConnect)
    USB_DevDisconnect                        0x08004649   Thumb Code    24  stm32f4xx_ll_usb.o(.text.USB_DevDisconnect)
    USB_DevInit                              0x08004661   Thumb Code   388  stm32f4xx_ll_usb.o(.text.USB_DevInit)
    USB_DisableGlobalInt                     0x080047ed   Thumb Code    12  stm32f4xx_ll_usb.o(.text.USB_DisableGlobalInt)
    USB_EP0_OutStart                         0x080047f9   Thumb Code    84  stm32f4xx_ll_usb.o(.text.USB_EP0_OutStart)
    USB_EPClearStall                         0x08004851   Thumb Code    78  stm32f4xx_ll_usb.o(.text.USB_EPClearStall)
    USB_EPSetStall                           0x0800489f   Thumb Code    54  stm32f4xx_ll_usb.o(.text.USB_EPSetStall)
    USB_EPStartXfer                          0x080048d5   Thumb Code   432  stm32f4xx_ll_usb.o(.text.USB_EPStartXfer)
    USB_EPStopXfer                           0x08004a89   Thumb Code   104  stm32f4xx_ll_usb.o(.text.USB_EPStopXfer)
    USB_EnableGlobalInt                      0x08004af1   Thumb Code    12  stm32f4xx_ll_usb.o(.text.USB_EnableGlobalInt)
    USB_FlushRxFifo                          0x08004afd   Thumb Code    58  stm32f4xx_ll_usb.o(.text.USB_FlushRxFifo)
    USB_FlushTxFifo                          0x08004b37   Thumb Code    64  stm32f4xx_ll_usb.o(.text.USB_FlushTxFifo)
    USB_GetDevSpeed                          0x08004b79   Thumb Code    16  stm32f4xx_ll_usb.o(.text.USB_GetDevSpeed)
    USB_GetMode                              0x08004b91   Thumb Code     8  stm32f4xx_ll_usb.o(.text.USB_GetMode)
    USB_ReadDevAllInEpInterrupt              0x08004b99   Thumb Code    14  stm32f4xx_ll_usb.o(.text.USB_ReadDevAllInEpInterrupt)
    USB_ReadDevAllOutEpInterrupt             0x08004ba7   Thumb Code    14  stm32f4xx_ll_usb.o(.text.USB_ReadDevAllOutEpInterrupt)
    USB_ReadDevInEPInterrupt                 0x08004bb5   Thumb Code    36  stm32f4xx_ll_usb.o(.text.USB_ReadDevInEPInterrupt)
    USB_ReadDevOutEPInterrupt                0x08004bd9   Thumb Code    16  stm32f4xx_ll_usb.o(.text.USB_ReadDevOutEPInterrupt)
    USB_ReadInterrupts                       0x08004be9   Thumb Code     8  stm32f4xx_ll_usb.o(.text.USB_ReadInterrupts)
    USB_ReadPacket                           0x08004bf1   Thumb Code    54  stm32f4xx_ll_usb.o(.text.USB_ReadPacket)
    USB_SetCurrentMode                       0x08004c27   Thumb Code    98  stm32f4xx_ll_usb.o(.text.USB_SetCurrentMode)
    USB_SetDevAddress                        0x08004c89   Thumb Code    32  stm32f4xx_ll_usb.o(.text.USB_SetDevAddress)
    USB_SetTurnaroundTime                    0x08004ca9   Thumb Code   168  stm32f4xx_ll_usb.o(.text.USB_SetTurnaroundTime)
    USB_WritePacket                          0x08004d99   Thumb Code    34  stm32f4xx_ll_usb.o(.text.USB_WritePacket)
    UsageFault_Handler                       0x08004dbb   Thumb Code     2  stm32f4xx_it.o(.text.UsageFault_Handler)
    XCalculatePower                          0x08004dbd   Thumb Code   124  lpp_sdk.o(.text.XCalculatePower)
    XEncoderCallback                         0x08004e3d   Thumb Code   388  lpp_sdk.o(.text.XEncoderCallback)
    XEncoder_Update                          0x08004fd5   Thumb Code    60  lpp_sdk.o(.text.XEncoder_Update)
    XInterpTimerCallback                     0x08005019   Thumb Code    84  lpp_sdk.o(.text.XInterpTimerCallback)
    XInterpTimerStart                        0x0800507d   Thumb Code    32  main.o(.text.XInterpTimerStart)
    XMotorInit                               0x080050a1   Thumb Code   528  main.o(.text.XMotorInit)
    XMotorSet                                0x080052bd   Thumb Code   120  main.o(.text.XMotorSet)
    XMove                                    0x08005349   Thumb Code    68  lpp_sdk.o(.text.XMove)
    XSetDir                                  0x08005391   Thumb Code    36  main.o(.text.XSetDir)
    XSetEnable                               0x080053b5   Thumb Code    36  main.o(.text.XSetEnable)
    XSetStep                                 0x080053d9   Thumb Code    36  main.o(.text.XSetStep)
    XStartTracking                           0x08005401   Thumb Code    72  lpp_sdk.o(.text.XStartTracking)
    XStepperStepCallback                     0x08005449   Thumb Code   388  lpp_sdk.o(.text.XStepperStepCallback)
    XStopTracking                            0x080055d5   Thumb Code    40  lpp_sdk.o(.text.XStopTracking)
    XTimerCallback                           0x08005601   Thumb Code   636  lpp_sdk.o(.text.XTimerCallback)
    XTimerSet                                0x0800588d   Thumb Code     8  main.o(.text.XTimerSet)
    XferCpltCallback                         0x08005899   Thumb Code    12  main.o(.text.XferCpltCallback)
    YCalculatePower                          0x080058a9   Thumb Code   124  lpp_sdk.o(.text.YCalculatePower)
    YMove                                    0x08005929   Thumb Code    60  lpp_sdk.o(.text.YMove)
    YSetDir                                  0x08005969   Thumb Code    16  main.o(.text.YSetDir)
    YSetEnable                               0x0800597d   Thumb Code    48  main.o(.text.YSetEnable)
    YSetStep                                 0x080059b1   Thumb Code    16  main.o(.text.YSetStep)
    YTimerCallback                           0x080059c5   Thumb Code   112  lpp_sdk.o(.text.YTimerCallback)
    YTimerSet                                0x08005a3d   Thumb Code     8  main.o(.text.YTimerSet)
    flash_erase_area                         0x08005a69   Thumb Code    78  lpp_sdk.o(.text.flash_erase_area)
    flash_write_buffer                       0x08005ab7   Thumb Code    70  lpp_sdk.o(.text.flash_write_buffer)
    main                                     0x08005afd   Thumb Code   608  main.o(.text.main)
    _fp_init                                 0x08005d81   Thumb Code    26  fpinit.o(x$fpl$fpinit)
    __fplib_config_fpu_vfp                   0x08005d99   Thumb Code     0  fpinit.o(x$fpl$fpinit)
    __fplib_config_pureend_doubles           0x08005d99   Thumb Code     0  fpinit.o(x$fpl$fpinit)
    AHBPrescTable                            0x08005d9a   Data          16  system_stm32f4xx.o(.rodata.AHBPrescTable)
    APBPrescTable                            0x08005daa   Data           8  system_stm32f4xx.o(.rodata.APBPrescTable)
    Region$$Table$$Base                      0x08005db4   Number         0  anon$$obj.o(Region$$Table)
    Region$$Table$$Limit                     0x08005dd4   Number         0  anon$$obj.o(Region$$Table)
    APP_KEY0                                 0x08007fec   Data           4  main.o(.ARM.__at_0x08007FEC)
    APP_KEY1                                 0x08007ff0   Data           4  main.o(.ARM.__at_0x08007FF0)
    APP_KEY2                                 0x08007ff4   Data           4  main.o(.ARM.__at_0x08007FF4)
    APP_KEY3                                 0x08007ff8   Data           4  main.o(.ARM.__at_0x08007FF8)
    APP_VER_F                                0x08007ffc   Data           4  main.o(.ARM.__at_0x08007FFC)
    uwTickFreq                               0x20000000   Data           1  stm32f4xx_hal.o(.data..L_MergedGlobals)
    uwTickPrio                               0x20000004   Data           4  stm32f4xx_hal.o(.data..L_MergedGlobals)
    NextBuffer                               0x20000008   Data           1  lpp_sdk.o(.data..L_MergedGlobals)
    INTERPOL_X                               0x20000009   Data           1  lpp_sdk.o(.data..L_MergedGlobals)
    Y_STATUS                                 0x2000000a   Data           1  lpp_sdk.o(.data..L_MergedGlobals)
    W_X_SPEED_SET                            0x2000000c   Data           2  lpp_sdk.o(.data..L_MergedGlobals)
    W_X_POWER_MAX                            0x2000000e   Data           2  lpp_sdk.o(.data..L_MergedGlobals)
    FS_Desc                                  0x20000034   Data          28  usbd_desc.o(.data.FS_Desc)
    SystemCoreClock                          0x20000050   Data           4  system_stm32f4xx.o(.data.SystemCoreClock)
    USBD_CUSTOM_HID                          0x20000054   Data          56  usbd_customhid.o(.data.USBD_CUSTOM_HID)
    USBD_CustomHID_fops_FS                   0x200000d0   Data          16  usbd_custom_hid_if.o(.data.USBD_CustomHID_fops_FS)
    USBD_FS_DeviceDesc                       0x200000e0   Data          18  usbd_desc.o(.data.USBD_FS_DeviceDesc)
    USBD_LangIDDesc                          0x200000f4   Data           4  usbd_desc.o(.data.USBD_LangIDDesc)
    USBD_StringSerial                        0x200000f8   Data          26  usbd_desc.o(.data.USBD_StringSerial)
    pFlash                                   0x20000114   Data          32  stm32f4xx_hal_flash.o(.data.pFlash)
    __libspace_start                         0x20000138   Data          96  libspace.o(.bss)
    __temporary_stack_top$libspace           0x20000198   Data           0  libspace.o(.bss)
    needSendStatusReport                     0x20000198   Data           1  lpp_sdk.o(.bss..L_MergedGlobals.1)
    CURRENT_PRINT_DIRECTION                  0x20000199   Data           1  lpp_sdk.o(.bss..L_MergedGlobals.1)
    X_STOPPING                               0x2000019a   Data           1  lpp_sdk.o(.bss..L_MergedGlobals.1)
    X_TRACKING_ACTIVE                        0x2000019b   Data           1  lpp_sdk.o(.bss..L_MergedGlobals.1)
    activeBuffer                             0x2000019c   Data           1  lpp_sdk.o(.bss..L_MergedGlobals.1)
    interp_counter                           0x2000019d   Data           1  lpp_sdk.o(.bss..L_MergedGlobals.1)
    W_X_EN_DIRECT                            0x2000019e   Data           1  lpp_sdk.o(.bss..L_MergedGlobals.1)
    X_MOTOR_MODE                             0x2000019f   Data           1  lpp_sdk.o(.bss..L_MergedGlobals.1)
    X_POLAR_DYNAMIC                          0x200001a0   Data           1  lpp_sdk.o(.bss..L_MergedGlobals.1)
    W_X_POL_DIR                              0x200001a1   Data           1  lpp_sdk.o(.bss..L_MergedGlobals.1)
    W_X_POL_PWM                              0x200001a2   Data           1  lpp_sdk.o(.bss..L_MergedGlobals.1)
    X_PIN                                    0x200001a3   Data           1  lpp_sdk.o(.bss..L_MergedGlobals.1)
    X_DIR_HI                                 0x200001a4   Data           1  lpp_sdk.o(.bss..L_MergedGlobals.1)
    X_DIR_LO                                 0x200001a5   Data           1  lpp_sdk.o(.bss..L_MergedGlobals.1)
    X_STEP_HI                                0x200001a6   Data           1  lpp_sdk.o(.bss..L_MergedGlobals.1)
    X_STEP_LO                                0x200001a7   Data           1  lpp_sdk.o(.bss..L_MergedGlobals.1)
    X_MOTION                                 0x200001a8   Data           1  lpp_sdk.o(.bss..L_MergedGlobals.1)
    X_RETURN_DONE                            0x200001a9   Data           1  lpp_sdk.o(.bss..L_MergedGlobals.1)
    Y_MOTION                                 0x200001aa   Data           1  lpp_sdk.o(.bss..L_MergedGlobals.1)
    Y_DIR_HI                                 0x200001ab   Data           1  lpp_sdk.o(.bss..L_MergedGlobals.1)
    Y_DIR_LO                                 0x200001ac   Data           1  lpp_sdk.o(.bss..L_MergedGlobals.1)
    Y_STEP_HI                                0x200001ad   Data           1  lpp_sdk.o(.bss..L_MergedGlobals.1)
    Y_STEP_LO                                0x200001ae   Data           1  lpp_sdk.o(.bss..L_MergedGlobals.1)
    START_PRINT                              0x200001af   Data           1  lpp_sdk.o(.bss..L_MergedGlobals.1)
    PRINT_ACTIVE                             0x200001b0   Data           1  lpp_sdk.o(.bss..L_MergedGlobals.1)
    PRINT_ACTIVE_COUNT                       0x200001b1   Data           1  lpp_sdk.o(.bss..L_MergedGlobals.1)
    SetupPrintJob                            0x200001b2   Data           1  lpp_sdk.o(.bss..L_MergedGlobals.1)
    X_POS_LAST_STATE                         0x200001b3   Data           1  lpp_sdk.o(.bss..L_MergedGlobals.1)
    Y_PIN                                    0x200001b4   Data           1  lpp_sdk.o(.bss..L_MergedGlobals.1)
    g_encoder_timeout_active                 0x200001b5   Data           1  lpp_sdk.o(.bss..L_MergedGlobals.1)
    W_X_POWER_REAL                           0x200001b6   Data           2  lpp_sdk.o(.bss..L_MergedGlobals.1)
    W_X_SPEED                                0x200001b8   Data           2  lpp_sdk.o(.bss..L_MergedGlobals.1)
    X_KP                                     0x200001ba   Data           2  lpp_sdk.o(.bss..L_MergedGlobals.1)
    X_KI                                     0x200001bc   Data           2  lpp_sdk.o(.bss..L_MergedGlobals.1)
    X_KP_POS                                 0x200001be   Data           2  lpp_sdk.o(.bss..L_MergedGlobals.1)
    X_REAL_SPED                              0x200001c0   Data           2  lpp_sdk.o(.bss..L_MergedGlobals.1)
    X_MIN_POW                                0x200001c2   Data           2  lpp_sdk.o(.bss..L_MergedGlobals.1)
    X_ACCL                                   0x200001c4   Data           2  lpp_sdk.o(.bss..L_MergedGlobals.1)
    Y_REAL_SPED                              0x200001c6   Data           2  lpp_sdk.o(.bss..L_MergedGlobals.1)
    Y_MIN_POW                                0x200001c8   Data           2  lpp_sdk.o(.bss..L_MergedGlobals.1)
    Y_ACCL                                   0x200001ca   Data           2  lpp_sdk.o(.bss..L_MergedGlobals.1)
    ENCODER_A_PIN                            0x200001cc   Data           2  lpp_sdk.o(.bss..L_MergedGlobals.1)
    ENCODER_B_PIN                            0x200001ce   Data           2  lpp_sdk.o(.bss..L_MergedGlobals.1)
    W_X_SPEED_ERROR_INTEGRAL                 0x200001d0   Data           4  lpp_sdk.o(.bss..L_MergedGlobals.1)
    PRINT_LEFT_BORDER                        0x200001d4   Data           4  lpp_sdk.o(.bss..L_MergedGlobals.1)
    PRINT_RIGHT_BORDER                       0x200001d8   Data           4  lpp_sdk.o(.bss..L_MergedGlobals.1)
    W_X_SPEED_FILTERED                       0x200001dc   Data           4  lpp_sdk.o(.bss..L_MergedGlobals.1)
    W_X_SPEED_ERROR                          0x200001e0   Data           4  lpp_sdk.o(.bss..L_MergedGlobals.1)
    X_GO_POS                                 0x200001e4   Data           4  lpp_sdk.o(.bss..L_MergedGlobals.1)
    X_POS                                    0x200001e8   Data           4  lpp_sdk.o(.bss..L_MergedGlobals.1)
    X_START_POS                              0x200001ec   Data           4  lpp_sdk.o(.bss..L_MergedGlobals.1)
    X_HALF_POS                               0x200001f0   Data           4  lpp_sdk.o(.bss..L_MergedGlobals.1)
    Y_START_POS                              0x200001f4   Data           4  lpp_sdk.o(.bss..L_MergedGlobals.1)
    Y_FINISH_POS                             0x200001f8   Data           4  lpp_sdk.o(.bss..L_MergedGlobals.1)
    Y_HALF_POS                               0x200001fc   Data           4  lpp_sdk.o(.bss..L_MergedGlobals.1)
    Y_POS                                    0x20000200   Data           4  lpp_sdk.o(.bss..L_MergedGlobals.1)
    Y_LINES                                  0x20000204   Data           4  lpp_sdk.o(.bss..L_MergedGlobals.1)
    Y_IMAGE_POSITION                         0x20000208   Data           4  lpp_sdk.o(.bss..L_MergedGlobals.1)
    W_X_SPEED_SET_POLAR                      0x20000210   Data           4  lpp_sdk.o(.bss..L_MergedGlobals.1)
    W_X_P_component                          0x20000214   Data           4  lpp_sdk.o(.bss..L_MergedGlobals.2)
    W_X_I_component                          0x20000218   Data           4  lpp_sdk.o(.bss..L_MergedGlobals.2)
    W_X_PI_sum                               0x2000021c   Data           4  lpp_sdk.o(.bss..L_MergedGlobals.2)
    nextPrintBit                             0x20000228   Data           8  lpp_sdk.o(.bss..L_MergedGlobals.2)
    FIFO_POS_Y                               0x20000230   Data          44  lpp_sdk.o(.bss..L_MergedGlobals.2)
    APP_ERASE                                0x2000025c   Data          64  lpp_sdk.o(.bss.APP_ERASE)
    APP_ID                                   0x2000029c   Data          64  lpp_sdk.o(.bss.APP_ID)
    APP_JAMP_TO_BOOT                         0x200002dc   Data          64  lpp_sdk.o(.bss.APP_JAMP_TO_BOOT)
    APP_SPEED_TEST                           0x2000031c   Data          64  lpp_sdk.o(.bss.APP_SPEED_TEST)
    APP_WRITE                                0x2000035c   Data          64  lpp_sdk.o(.bss.APP_WRITE)
    FIFO_DATA                                0x2000039c   Data        1332  lpp_sdk.o(.bss.FIFO_DATA)
    LAZER                                    0x200008d0   Data          64  lpp_sdk.o(.bss.LAZER)
    LIGHT                                    0x20000910   Data          64  lpp_sdk.o(.bss.LIGHT)
    PRINT_CONFIG                             0x20000950   Data          64  lpp_sdk.o(.bss.PRINT_CONFIG)
    SET_PARAM                                0x20000990   Data          64  lpp_sdk.o(.bss.SET_PARAM)
    SET_X                                    0x200009d0   Data          64  lpp_sdk.o(.bss.SET_X)
    SET_Y                                    0x20000a10   Data          64  lpp_sdk.o(.bss.SET_Y)
    TRACK                                    0x20000a50   Data          64  lpp_sdk.o(.bss.TRACK)
    TUNING_X                                 0x20000a90   Data        2000  lpp_sdk.o(.bss.TUNING_X)
    TUNING_Y                                 0x20001260   Data        2000  lpp_sdk.o(.bss.TUNING_Y)
    USBD_StrDesc                             0x20001a34   Data         512  usbd_desc.o(.bss.USBD_StrDesc)
    USB_TUNING_X                             0x20001c8c   Data          64  lpp_sdk.o(.bss.USB_TUNING_X)
    USB_TUNING_Y                             0x20001ccc   Data          64  lpp_sdk.o(.bss.USB_TUNING_Y)
    hUsbDeviceFS                             0x20001d0c   Data         732  usb_device.o(.bss.hUsbDeviceFS)
    hdma_memtomem_dma2_stream0               0x20001fe8   Data          96  main.o(.bss.hdma_memtomem_dma2_stream0)
    hpcd_USB_OTG_FS                          0x20002048   Data        1252  usbd_conf.o(.bss.hpcd_USB_OTG_FS)
    htim1                                    0x2000252c   Data          72  main.o(.bss.htim1)
    htim2                                    0x20002574   Data          72  main.o(.bss.htim2)
    htim3                                    0x200025bc   Data          72  main.o(.bss.htim3)
    htim4                                    0x20002604   Data          72  main.o(.bss.htim4)
    uwTick                                   0x2000264c   Data           4  stm32f4xx_hal.o(.bss.uwTick)



==============================================================================

Memory Map of the image

  Image Entry point : 0x08000199

  Load Region LR_IROM1 (Base: 0x08000000, Size: 0x00005f10, Max: 0x00007fe8, ABSOLUTE, COMPRESSED[0x00005eb8])

    Execution Region ER_IROM1 (Exec base: 0x08000000, Load base: 0x08000000, Size: 0x00005dd4, Max: 0x00007fe8, ABSOLUTE)

    Exec Addr    Load Addr    Size         Type   Attr      Idx    E Section Name        Object

    0x08000000   0x08000000   0x00000198   Data   RO            3    RESET               startup_stm32f411xe.o
    0x08000198   0x08000198   0x00000008   Code   RO         1780  * !!!main             c_w.l(__main.o)
    0x080001a0   0x080001a0   0x00000034   Code   RO         1959    !!!scatter          c_w.l(__scatter.o)
    0x080001d4   0x080001d4   0x0000003a   Code   RO         1957    !!dczerorl          c_w.l(__dczerorl.o)
    0x0800020e   0x0800020e   0x00000002   PAD
    0x08000210   0x08000210   0x0000001c   Code   RO         1961    !!handler_zi        c_w.l(__scatter_zi.o)
    0x0800022c   0x0800022c   0x00000002   Code   RO         1819    .ARM.Collect$$libinit$$00000000  c_w.l(libinit.o)
    0x0800022e   0x0800022e   0x00000004   Code   RO         1831    .ARM.Collect$$libinit$$00000001  c_w.l(libinit2.o)
    0x08000232   0x08000232   0x00000000   Code   RO         1834    .ARM.Collect$$libinit$$00000004  c_w.l(libinit2.o)
    0x08000232   0x08000232   0x00000000   Code   RO         1836    .ARM.Collect$$libinit$$00000006  c_w.l(libinit2.o)
    0x08000232   0x08000232   0x00000000   Code   RO         1839    .ARM.Collect$$libinit$$0000000C  c_w.l(libinit2.o)
    0x08000232   0x08000232   0x00000000   Code   RO         1841    .ARM.Collect$$libinit$$0000000E  c_w.l(libinit2.o)
    0x08000232   0x08000232   0x00000000   Code   RO         1843    .ARM.Collect$$libinit$$00000010  c_w.l(libinit2.o)
    0x08000232   0x08000232   0x00000000   Code   RO         1846    .ARM.Collect$$libinit$$00000013  c_w.l(libinit2.o)
    0x08000232   0x08000232   0x00000000   Code   RO         1848    .ARM.Collect$$libinit$$00000015  c_w.l(libinit2.o)
    0x08000232   0x08000232   0x00000000   Code   RO         1850    .ARM.Collect$$libinit$$00000017  c_w.l(libinit2.o)
    0x08000232   0x08000232   0x00000000   Code   RO         1852    .ARM.Collect$$libinit$$00000019  c_w.l(libinit2.o)
    0x08000232   0x08000232   0x00000000   Code   RO         1854    .ARM.Collect$$libinit$$0000001B  c_w.l(libinit2.o)
    0x08000232   0x08000232   0x00000000   Code   RO         1856    .ARM.Collect$$libinit$$0000001D  c_w.l(libinit2.o)
    0x08000232   0x08000232   0x00000000   Code   RO         1858    .ARM.Collect$$libinit$$0000001F  c_w.l(libinit2.o)
    0x08000232   0x08000232   0x00000000   Code   RO         1860    .ARM.Collect$$libinit$$00000021  c_w.l(libinit2.o)
    0x08000232   0x08000232   0x00000000   Code   RO         1862    .ARM.Collect$$libinit$$00000023  c_w.l(libinit2.o)
    0x08000232   0x08000232   0x00000000   Code   RO         1864    .ARM.Collect$$libinit$$00000025  c_w.l(libinit2.o)
    0x08000232   0x08000232   0x00000000   Code   RO         1866    .ARM.Collect$$libinit$$00000027  c_w.l(libinit2.o)
    0x08000232   0x08000232   0x00000000   Code   RO         1870    .ARM.Collect$$libinit$$0000002E  c_w.l(libinit2.o)
    0x08000232   0x08000232   0x00000000   Code   RO         1872    .ARM.Collect$$libinit$$00000030  c_w.l(libinit2.o)
    0x08000232   0x08000232   0x00000000   Code   RO         1874    .ARM.Collect$$libinit$$00000032  c_w.l(libinit2.o)
    0x08000232   0x08000232   0x00000000   Code   RO         1876    .ARM.Collect$$libinit$$00000034  c_w.l(libinit2.o)
    0x08000232   0x08000232   0x00000002   Code   RO         1877    .ARM.Collect$$libinit$$00000035  c_w.l(libinit2.o)
    0x08000234   0x08000234   0x00000002   Code   RO         1912    .ARM.Collect$$libshutdown$$00000000  c_w.l(libshutdown.o)
    0x08000236   0x08000236   0x00000000   Code   RO         1940    .ARM.Collect$$libshutdown$$00000002  c_w.l(libshutdown2.o)
    0x08000236   0x08000236   0x00000000   Code   RO         1942    .ARM.Collect$$libshutdown$$00000004  c_w.l(libshutdown2.o)
    0x08000236   0x08000236   0x00000000   Code   RO         1945    .ARM.Collect$$libshutdown$$00000007  c_w.l(libshutdown2.o)
    0x08000236   0x08000236   0x00000000   Code   RO         1948    .ARM.Collect$$libshutdown$$0000000A  c_w.l(libshutdown2.o)
    0x08000236   0x08000236   0x00000000   Code   RO         1950    .ARM.Collect$$libshutdown$$0000000C  c_w.l(libshutdown2.o)
    0x08000236   0x08000236   0x00000000   Code   RO         1953    .ARM.Collect$$libshutdown$$0000000F  c_w.l(libshutdown2.o)
    0x08000236   0x08000236   0x00000002   Code   RO         1954    .ARM.Collect$$libshutdown$$00000010  c_w.l(libshutdown2.o)
    0x08000238   0x08000238   0x00000000   Code   RO         1782    .ARM.Collect$$rtentry$$00000000  c_w.l(__rtentry.o)
    0x08000238   0x08000238   0x00000000   Code   RO         1790    .ARM.Collect$$rtentry$$00000002  c_w.l(__rtentry2.o)
    0x08000238   0x08000238   0x00000006   Code   RO         1802    .ARM.Collect$$rtentry$$00000004  c_w.l(__rtentry4.o)
    0x0800023e   0x0800023e   0x00000000   Code   RO         1792    .ARM.Collect$$rtentry$$00000009  c_w.l(__rtentry2.o)
    0x0800023e   0x0800023e   0x00000004   Code   RO         1793    .ARM.Collect$$rtentry$$0000000A  c_w.l(__rtentry2.o)
    0x08000242   0x08000242   0x00000000   Code   RO         1795    .ARM.Collect$$rtentry$$0000000C  c_w.l(__rtentry2.o)
    0x08000242   0x08000242   0x00000008   Code   RO         1796    .ARM.Collect$$rtentry$$0000000D  c_w.l(__rtentry2.o)
    0x0800024a   0x0800024a   0x00000002   Code   RO         1823    .ARM.Collect$$rtexit$$00000000  c_w.l(rtexit.o)
    0x0800024c   0x0800024c   0x00000000   Code   RO         1883    .ARM.Collect$$rtexit$$00000002  c_w.l(rtexit2.o)
    0x0800024c   0x0800024c   0x00000004   Code   RO         1884    .ARM.Collect$$rtexit$$00000003  c_w.l(rtexit2.o)
    0x08000250   0x08000250   0x00000006   Code   RO         1885    .ARM.Collect$$rtexit$$00000004  c_w.l(rtexit2.o)
    0x08000256   0x08000256   0x00000002   PAD
    0x08000258   0x08000258   0x00000040   Code   RO            4    .text               startup_stm32f411xe.o
    0x08000298   0x08000298   0x000000f0   Code   RO         1772    .text               c_w.l(lludivv7m.o)
    0x08000388   0x08000388   0x0000008a   Code   RO         1774    .text               c_w.l(rt_memcpy_v6.o)
    0x08000412   0x08000412   0x0000004e   Code   RO         1776    .text               c_w.l(rt_memclr_w.o)
    0x08000460   0x08000460   0x00000006   Code   RO         1778    .text               c_w.l(heapauxi.o)
    0x08000466   0x08000466   0x00000064   Code   RO         1787    .text               c_w.l(rt_memcpy_w.o)
    0x080004ca   0x080004ca   0x0000004a   Code   RO         1806    .text               c_w.l(sys_stackheap_outer.o)
    0x08000514   0x08000514   0x00000012   Code   RO         1808    .text               c_w.l(exit.o)
    0x08000526   0x08000526   0x00000002   PAD
    0x08000528   0x08000528   0x00000008   Code   RO         1820    .text               c_w.l(libspace.o)
    0x08000530   0x08000530   0x0000000c   Code   RO         1878    .text               c_w.l(sys_exit.o)
    0x0800053c   0x0800053c   0x00000002   Code   RO         1901    .text               c_w.l(use_no_semi.o)
    0x0800053e   0x0800053e   0x00000000   Code   RO         1903    .text               c_w.l(indicate_semi.o)
    0x0800053e   0x0800053e   0x00000002   Code   RO           98    .text.BusFault_Handler  stm32f4xx_it.o
    0x08000540   0x08000540   0x00000004   Code   RO          191    .text.CUSTOM_HID_DeInit_FS  usbd_custom_hid_if.o
    0x08000544   0x08000544   0x00000004   Code   RO          189    .text.CUSTOM_HID_Init_FS  usbd_custom_hid_if.o
    0x08000548   0x08000548   0x00000020   Code   RO          193    .text.CUSTOM_HID_OutEvent_FS  usbd_custom_hid_if.o
    0x08000568   0x08000568   0x00000008   Code   RO          118    .text.DMA2_Stream0_IRQHandler  stm32f4xx_it.o
    0x08000570   0x08000570   0x00000030   Code   RO          703    .text.DMA_CalcBaseAndBitshift  stm32f4xx_hal_dma.o
    0x080005a0   0x080005a0   0x00000022   Code   RO          709    .text.DMA_SetConfig  stm32f4xx_hal_dma.o
    0x080005c2   0x080005c2   0x00000002   PAD
    0x080005c4   0x080005c4   0x00000038   Code   RO         1674    .text.DWT_1kHz_Handler  lpp_sdk.o
    0x080005fc   0x080005fc   0x00000028   Code   RO         1670    .text.DWT_Init      lpp_sdk.o
    0x08000624   0x08000624   0x00000002   Code   RO          104    .text.DebugMon_Handler  stm32f4xx_it.o
    0x08000626   0x08000626   0x00000014   Code   RO          110    .text.EXTI9_5_IRQHandler  stm32f4xx_it.o
    0x0800063a   0x0800063a   0x00000004   Code   RO           17    .text.Error_Handler  main.o
    0x0800063e   0x0800063e   0x00000002   PAD
    0x08000640   0x08000640   0x00000058   Code   RO         1712    .text.FIFO_DATA_EndDma  lpp_sdk.o
    0x08000698   0x08000698   0x00000010   Code   RO           57    .text.FIFO_DATA_StartDma  main.o
    0x080006a8   0x080006a8   0x00000038   Code   RO          618    .text.FLASH_Erase_Sector  stm32f4xx_hal_flash_ex.o
    0x080006e0   0x080006e0   0x00000054   Code   RO          620    .text.FLASH_FlushCaches  stm32f4xx_hal_flash_ex.o
    0x08000734   0x08000734   0x00000020   Code   RO          616    .text.FLASH_MassErase  stm32f4xx_hal_flash_ex.o
    0x08000754   0x08000754   0x0000001c   Code   RO          575    .text.FLASH_Program_Byte  stm32f4xx_hal_flash.o
    0x08000770   0x08000770   0x00000028   Code   RO          581    .text.FLASH_Program_DoubleWord  stm32f4xx_hal_flash.o
    0x08000798   0x08000798   0x00000020   Code   RO          577    .text.FLASH_Program_HalfWord  stm32f4xx_hal_flash.o
    0x080007b8   0x080007b8   0x00000024   Code   RO          579    .text.FLASH_Program_Word  stm32f4xx_hal_flash.o
    0x080007dc   0x080007dc   0x00000080   Code   RO          587    .text.FLASH_SetErrorCode  stm32f4xx_hal_flash.o
    0x0800085c   0x0800085c   0x00000054   Code   RO          573    .text.FLASH_WaitForLastOperation  stm32f4xx_hal_flash.o
    0x080008b0   0x080008b0   0x0000003c   Code   RO         1688    .text.FifoData_Init  lpp_sdk.o
    0x080008ec   0x080008ec   0x00000098   Code   RO         1694    .text.FifoData_ReadBit  lpp_sdk.o
    0x08000984   0x08000984   0x00000024   Code   RO         1676    .text.FifoPosY_Init  lpp_sdk.o
    0x080009a8   0x080009a8   0x00000040   Code   RO         1680    .text.FifoPosY_Pop  lpp_sdk.o
    0x080009e8   0x080009e8   0x0000004c   Code   RO         1678    .text.FifoPosY_Push  lpp_sdk.o
    0x08000a34   0x08000a34   0x0000005c   Code   RO         1666    .text.GET_SECTOR    lpp_sdk.o
    0x08000a90   0x08000a90   0x0000015c   Code   RO          719    .text.HAL_DMA_IRQHandler  stm32f4xx_hal_dma.o
    0x08000bec   0x08000bec   0x00000100   Code   RO          701    .text.HAL_DMA_Init  stm32f4xx_hal_dma.o
    0x08000cec   0x08000cec   0x00000056   Code   RO          721    .text.HAL_DMA_RegisterCallback  stm32f4xx_hal_dma.o
    0x08000d42   0x08000d42   0x0000005c   Code   RO          711    .text.HAL_DMA_Start_IT  stm32f4xx_hal_dma.o
    0x08000d9e   0x08000d9e   0x00000002   PAD
    0x08000da0   0x08000da0   0x00000040   Code   RO          875    .text.HAL_DeInit    stm32f4xx_hal.o
    0x08000de0   0x08000de0   0x00000020   Code   RO          889    .text.HAL_Delay     stm32f4xx_hal.o
    0x08000e00   0x08000e00   0x00000090   Code   RO          614    .text.HAL_FLASHEx_Erase  stm32f4xx_hal_flash_ex.o
    0x08000e90   0x08000e90   0x00000010   Code   RO          595    .text.HAL_FLASH_Lock  stm32f4xx_hal_flash.o
    0x08000ea0   0x08000ea0   0x00000084   Code   RO          571    .text.HAL_FLASH_Program  stm32f4xx_hal_flash.o
    0x08000f24   0x08000f24   0x00000028   Code   RO          593    .text.HAL_FLASH_Unlock  stm32f4xx_hal_flash.o
    0x08000f4c   0x08000f4c   0x00000004   Code   RO           59    .text.HAL_GPIO_EXTI_Callback  main.o
    0x08000f50   0x08000f50   0x00000014   Code   RO          675    .text.HAL_GPIO_EXTI_IRQHandler  stm32f4xx_hal_gpio.o
    0x08000f64   0x08000f64   0x00000194   Code   RO          663    .text.HAL_GPIO_Init  stm32f4xx_hal_gpio.o
    0x080010f8   0x080010f8   0x0000000a   Code   RO          669    .text.HAL_GPIO_WritePin  stm32f4xx_hal_gpio.o
    0x08001102   0x08001102   0x00000002   PAD
    0x08001104   0x08001104   0x00000008   Code   RO          881    .text.HAL_GetTick   stm32f4xx_hal.o
    0x0800110c   0x0800110c   0x0000000c   Code   RO          917    .text.HAL_GetUIDw0  stm32f4xx_hal.o
    0x08001118   0x08001118   0x0000000c   Code   RO          919    .text.HAL_GetUIDw1  stm32f4xx_hal.o
    0x08001124   0x08001124   0x0000000c   Code   RO          921    .text.HAL_GetUIDw2  stm32f4xx_hal.o
    0x08001130   0x08001130   0x00000014   Code   RO          879    .text.HAL_IncTick   stm32f4xx_hal.o
    0x08001144   0x08001144   0x00000034   Code   RO          869    .text.HAL_Init      stm32f4xx_hal.o
    0x08001178   0x08001178   0x00000040   Code   RO          871    .text.HAL_InitTick  stm32f4xx_hal.o
    0x080011b8   0x080011b8   0x00000002   Code   RO          877    .text.HAL_MspDeInit  stm32f4xx_hal.o
    0x080011ba   0x080011ba   0x00000002   PAD
    0x080011bc   0x080011bc   0x00000038   Code   RO          129    .text.HAL_MspInit   stm32f4xx_hal_msp.o
    0x080011f4   0x080011f4   0x00000024   Code   RO          819    .text.HAL_NVIC_EnableIRQ  stm32f4xx_hal_cortex.o
    0x08001218   0x08001218   0x0000004c   Code   RO          817    .text.HAL_NVIC_SetPriority  stm32f4xx_hal_cortex.o
    0x08001264   0x08001264   0x00000020   Code   RO          815    .text.HAL_NVIC_SetPriorityGrouping  stm32f4xx_hal_cortex.o
    0x08001284   0x08001284   0x00000004   Code   RO          823    .text.HAL_NVIC_SystemReset  stm32f4xx_hal_cortex.o
    0x08001288   0x08001288   0x00000002   Code   RO          375    .text.HAL_PCDEx_LPM_Callback  stm32f4xx_hal_pcd_ex.o
    0x0800128a   0x0800128a   0x00000008   Code   RO          373    .text.HAL_PCDEx_SetRxFiFo  stm32f4xx_hal_pcd_ex.o
    0x08001292   0x08001292   0x00000040   Code   RO          371    .text.HAL_PCDEx_SetTxFiFo  stm32f4xx_hal_pcd_ex.o
    0x080012d2   0x080012d2   0x00000008   Code   RO          227    .text.HAL_PCD_ConnectCallback  usbd_conf.o
    0x080012da   0x080012da   0x00000012   Code   RO          213    .text.HAL_PCD_DataInStageCallback  usbd_conf.o
    0x080012ec   0x080012ec   0x00000014   Code   RO          211    .text.HAL_PCD_DataOutStageCallback  usbd_conf.o
    0x08001300   0x08001300   0x00000008   Code   RO          229    .text.HAL_PCD_DisconnectCallback  usbd_conf.o
    0x08001308   0x08001308   0x00000022   Code   RO          305    .text.HAL_PCD_EP_Abort  stm32f4xx_hal_pcd.o
    0x0800132a   0x0800132a   0x0000003c   Code   RO          325    .text.HAL_PCD_EP_Close  stm32f4xx_hal_pcd.o
    0x08001366   0x08001366   0x0000004e   Code   RO          335    .text.HAL_PCD_EP_ClrStall  stm32f4xx_hal_pcd.o
    0x080013b4   0x080013b4   0x00000052   Code   RO          323    .text.HAL_PCD_EP_Open  stm32f4xx_hal_pcd.o
    0x08001406   0x08001406   0x00000038   Code   RO          327    .text.HAL_PCD_EP_Receive  stm32f4xx_hal_pcd.o
    0x0800143e   0x0800143e   0x0000006c   Code   RO          333    .text.HAL_PCD_EP_SetStall  stm32f4xx_hal_pcd.o
    0x080014aa   0x080014aa   0x00000034   Code   RO          331    .text.HAL_PCD_EP_Transmit  stm32f4xx_hal_pcd.o
    0x080014de   0x080014de   0x00000002   PAD
    0x080014e0   0x080014e0   0x000006e2   Code   RO          289    .text.HAL_PCD_IRQHandler  stm32f4xx_hal_pcd.o
    0x08001bc2   0x08001bc2   0x00000008   Code   RO          225    .text.HAL_PCD_ISOINIncompleteCallback  usbd_conf.o
    0x08001bca   0x08001bca   0x00000008   Code   RO          223    .text.HAL_PCD_ISOOUTIncompleteCallback  usbd_conf.o
    0x08001bd2   0x08001bd2   0x000000b8   Code   RO          277    .text.HAL_PCD_Init  stm32f4xx_hal_pcd.o
    0x08001c8a   0x08001c8a   0x00000002   PAD
    0x08001c8c   0x08001c8c   0x00000078   Code   RO          205    .text.HAL_PCD_MspInit  usbd_conf.o
    0x08001d04   0x08001d04   0x00000024   Code   RO          217    .text.HAL_PCD_ResetCallback  usbd_conf.o
    0x08001d28   0x08001d28   0x00000008   Code   RO          221    .text.HAL_PCD_ResumeCallback  usbd_conf.o
    0x08001d30   0x08001d30   0x00000008   Code   RO          215    .text.HAL_PCD_SOFCallback  usbd_conf.o
    0x08001d38   0x08001d38   0x0000001a   Code   RO          321    .text.HAL_PCD_SetAddress  stm32f4xx_hal_pcd.o
    0x08001d52   0x08001d52   0x0000000e   Code   RO          209    .text.HAL_PCD_SetupStageCallback  usbd_conf.o
    0x08001d60   0x08001d60   0x0000002e   Code   RO          285    .text.HAL_PCD_Start  stm32f4xx_hal_pcd.o
    0x08001d8e   0x08001d8e   0x00000002   PAD
    0x08001d90   0x08001d90   0x00000030   Code   RO          219    .text.HAL_PCD_SuspendCallback  usbd_conf.o
    0x08001dc0   0x08001dc0   0x0000001c   Code   RO          747    .text.HAL_PWR_EnableBkUpAccess  stm32f4xx_hal_pwr.o
    0x08001ddc   0x08001ddc   0x00000114   Code   RO          509    .text.HAL_RCC_ClockConfig  stm32f4xx_hal_rcc.o
    0x08001ef0   0x08001ef0   0x00000008   Code   RO          519    .text.HAL_RCC_GetHCLKFreq  stm32f4xx_hal_rcc.o
    0x08001ef8   0x08001ef8   0x00000020   Code   RO          521    .text.HAL_RCC_GetPCLK1Freq  stm32f4xx_hal_rcc.o
    0x08001f18   0x08001f18   0x0000005c   Code   RO          511    .text.HAL_RCC_GetSysClockFreq  stm32f4xx_hal_rcc.o
    0x08001f74   0x08001f74   0x00000328   Code   RO          507    .text.HAL_RCC_OscConfig  stm32f4xx_hal_rcc.o
    0x0800229c   0x0800229c   0x00000028   Code   RO          827    .text.HAL_SYSTICK_Config  stm32f4xx_hal_cortex.o
    0x080022c4   0x080022c4   0x00000002   Code   RO         1404    .text.HAL_TIMEx_BreakCallback  stm32f4xx_hal_tim_ex.o
    0x080022c6   0x080022c6   0x00000002   Code   RO         1400    .text.HAL_TIMEx_CommutCallback  stm32f4xx_hal_tim_ex.o
    0x080022c8   0x080022c8   0x0000004e   Code   RO         1396    .text.HAL_TIMEx_ConfigBreakDeadTime  stm32f4xx_hal_tim_ex.o
    0x08002316   0x08002316   0x00000002   PAD
    0x08002318   0x08002318   0x00000060   Code   RO         1394    .text.HAL_TIMEx_MasterConfigSynchronization  stm32f4xx_hal_tim_ex.o
    0x08002378   0x08002378   0x0000001e   Code   RO          963    .text.HAL_TIM_Base_Init  stm32f4xx_hal_tim.o
    0x08002396   0x08002396   0x00000002   PAD
    0x08002398   0x08002398   0x00000064   Code   RO          133    .text.HAL_TIM_Base_MspInit  stm32f4xx_hal_msp.o
    0x080023fc   0x080023fc   0x0000006c   Code   RO          977    .text.HAL_TIM_Base_Start_IT  stm32f4xx_hal_tim.o
    0x08002468   0x08002468   0x0000002e   Code   RO          979    .text.HAL_TIM_Base_Stop_IT  stm32f4xx_hal_tim.o
    0x08002496   0x08002496   0x000000b4   Code   RO         1151    .text.HAL_TIM_ConfigClockSource  stm32f4xx_hal_tim.o
    0x0800254a   0x0800254a   0x00000002   Code   RO         1099    .text.HAL_TIM_IC_CaptureCallback  stm32f4xx_hal_tim.o
    0x0800254c   0x0800254c   0x0000010a   Code   RO         1097    .text.HAL_TIM_IRQHandler  stm32f4xx_hal_tim.o
    0x08002656   0x08002656   0x00000002   PAD
    0x08002658   0x08002658   0x00000048   Code   RO          135    .text.HAL_TIM_MspPostInit  stm32f4xx_hal_msp.o
    0x080026a0   0x080026a0   0x00000002   Code   RO         1101    .text.HAL_TIM_OC_DelayElapsedCallback  stm32f4xx_hal_tim.o
    0x080026a2   0x080026a2   0x00000034   Code   RO         1061    .text.HAL_TIM_OnePulse_Init  stm32f4xx_hal_tim.o
    0x080026d6   0x080026d6   0x00000002   Code   RO         1063    .text.HAL_TIM_OnePulse_MspInit  stm32f4xx_hal_tim.o
    0x080026d8   0x080026d8   0x0000008a   Code   RO         1125    .text.HAL_TIM_PWM_ConfigChannel  stm32f4xx_hal_tim.o
    0x08002762   0x08002762   0x0000001e   Code   RO         1017    .text.HAL_TIM_PWM_Init  stm32f4xx_hal_tim.o
    0x08002780   0x08002780   0x0000003c   Code   RO          131    .text.HAL_TIM_PWM_MspInit  stm32f4xx_hal_msp.o
    0x080027bc   0x080027bc   0x00000002   Code   RO         1103    .text.HAL_TIM_PWM_PulseFinishedCallback  stm32f4xx_hal_tim.o
    0x080027be   0x080027be   0x00000002   PAD
    0x080027c0   0x080027c0   0x000000a0   Code   RO         1025    .text.HAL_TIM_PWM_Start  stm32f4xx_hal_tim.o
    0x08002860   0x08002860   0x00000048   Code   RO           29    .text.HAL_TIM_PeriodElapsedCallback  main.o
    0x080028a8   0x080028a8   0x00000002   Code   RO         1107    .text.HAL_TIM_TriggerCallback  stm32f4xx_hal_tim.o
    0x080028aa   0x080028aa   0x00000002   Code   RO           94    .text.HardFault_Handler  stm32f4xx_it.o
    0x080028ac   0x080028ac   0x0000002a   Code   RO          172    .text.IntToUnicode  usbd_desc.o
    0x080028d6   0x080028d6   0x00000002   PAD
    0x080028d8   0x080028d8   0x00000058   Code   RO         1660    .text.JumpToApplication  lpp_sdk.o
    0x08002930   0x08002930   0x00000024   Code   RO         1654    .text.LPP_BootFlag_EnableAccess  lpp_sdk.o
    0x08002954   0x08002954   0x00000010   Code   RO         1656    .text.LPP_BootFlag_Read  lpp_sdk.o
    0x08002964   0x08002964   0x00000060   Code   RO         1714    .text.Lpp_Init      lpp_sdk.o
    0x080029c4   0x080029c4   0x00000114   Code   RO         1716    .text.Lpp_MainLoop  lpp_sdk.o
    0x08002ad8   0x08002ad8   0x00000050   Code   RO          149    .text.MX_USB_DEVICE_Init  usb_device.o
    0x08002b28   0x08002b28   0x00000002   Code   RO           96    .text.MemManage_Handler  stm32f4xx_it.o
    0x08002b2a   0x08002b2a   0x00000002   Code   RO           92    .text.NMI_Handler   stm32f4xx_it.o
    0x08002b2c   0x08002b2c   0x0000000c   Code   RO          120    .text.OTG_FS_IRQHandler  stm32f4xx_it.o
    0x08002b38   0x08002b38   0x0000001a   Code   RO           61    .text.OUTLINED_FUNCTION_0  main.o
    0x08002b52   0x08002b52   0x00000006   Code   RO          174    .text.OUTLINED_FUNCTION_0  usbd_desc.o
    0x08002b58   0x08002b58   0x0000000a   Code   RO          347    .text.OUTLINED_FUNCTION_0  stm32f4xx_hal_pcd.o
    0x08002b62   0x08002b62   0x00000008   Code   RO          485    .text.OUTLINED_FUNCTION_0  stm32f4xx_ll_usb.o
    0x08002b6a   0x08002b6a   0x0000000c   Code   RO          533    .text.OUTLINED_FUNCTION_0  stm32f4xx_hal_rcc.o
    0x08002b76   0x08002b76   0x00000008   Code   RO          636    .text.OUTLINED_FUNCTION_0  stm32f4xx_hal_flash_ex.o
    0x08002b7e   0x08002b7e   0x0000000e   Code   RO          729    .text.OUTLINED_FUNCTION_0  stm32f4xx_hal_dma.o
    0x08002b8c   0x08002b8c   0x00000010   Code   RO         1545    .text.OUTLINED_FUNCTION_0  usbd_core.o
    0x08002b9c   0x08002b9c   0x00000006   Code   RO         1573    .text.OUTLINED_FUNCTION_0  usbd_ctlreq.o
    0x08002ba2   0x08002ba2   0x0000000a   Code   RO         1638    .text.OUTLINED_FUNCTION_0  usbd_customhid.o
    0x08002bac   0x08002bac   0x0000000a   Code   RO         1730    .text.OUTLINED_FUNCTION_0  lpp_sdk.o
    0x08002bb6   0x08002bb6   0x00000010   Code   RO           63    .text.OUTLINED_FUNCTION_1  main.o
    0x08002bc6   0x08002bc6   0x00000008   Code   RO          349    .text.OUTLINED_FUNCTION_1  stm32f4xx_hal_pcd.o
    0x08002bce   0x08002bce   0x0000000e   Code   RO          487    .text.OUTLINED_FUNCTION_1  stm32f4xx_ll_usb.o
    0x08002bdc   0x08002bdc   0x0000000a   Code   RO          731    .text.OUTLINED_FUNCTION_1  stm32f4xx_hal_dma.o
    0x08002be6   0x08002be6   0x0000002e   Code   RO         1197    .text.OUTLINED_FUNCTION_1  stm32f4xx_hal_tim.o
    0x08002c14   0x08002c14   0x0000000a   Code   RO         1547    .text.OUTLINED_FUNCTION_1  usbd_core.o
    0x08002c1e   0x08002c1e   0x00000006   Code   RO         1575    .text.OUTLINED_FUNCTION_1  usbd_ctlreq.o
    0x08002c24   0x08002c24   0x0000000c   Code   RO         1640    .text.OUTLINED_FUNCTION_1  usbd_customhid.o
    0x08002c30   0x08002c30   0x00000008   Code   RO         1732    .text.OUTLINED_FUNCTION_1  lpp_sdk.o
    0x08002c38   0x08002c38   0x0000000a   Code   RO         1215    .text.OUTLINED_FUNCTION_10  stm32f4xx_hal_tim.o
    0x08002c42   0x08002c42   0x0000000a   Code   RO         1229    .text.OUTLINED_FUNCTION_17  stm32f4xx_hal_tim.o
    0x08002c4c   0x08002c4c   0x00000006   Code   RO         1233    .text.OUTLINED_FUNCTION_19  stm32f4xx_hal_tim.o
    0x08002c52   0x08002c52   0x00000008   Code   RO           65    .text.OUTLINED_FUNCTION_2  main.o
    0x08002c5a   0x08002c5a   0x00000008   Code   RO          351    .text.OUTLINED_FUNCTION_2  stm32f4xx_hal_pcd.o
    0x08002c62   0x08002c62   0x0000000a   Code   RO          537    .text.OUTLINED_FUNCTION_2  stm32f4xx_hal_rcc.o
    0x08002c6c   0x08002c6c   0x00000008   Code   RO          733    .text.OUTLINED_FUNCTION_2  stm32f4xx_hal_dma.o
    0x08002c74   0x08002c74   0x0000000a   Code   RO         1549    .text.OUTLINED_FUNCTION_2  usbd_core.o
    0x08002c7e   0x08002c7e   0x00000006   Code   RO         1577    .text.OUTLINED_FUNCTION_2  usbd_ctlreq.o
    0x08002c84   0x08002c84   0x00000010   Code   RO         1734    .text.OUTLINED_FUNCTION_2  lpp_sdk.o
    0x08002c94   0x08002c94   0x0000001e   Code   RO         1239    .text.OUTLINED_FUNCTION_22  stm32f4xx_hal_tim.o
    0x08002cb2   0x08002cb2   0x0000001a   Code   RO         1245    .text.OUTLINED_FUNCTION_25  stm32f4xx_hal_tim.o
    0x08002ccc   0x08002ccc   0x0000000a   Code   RO         1249    .text.OUTLINED_FUNCTION_27  stm32f4xx_hal_tim.o
    0x08002cd6   0x08002cd6   0x0000000a   Code   RO         1251    .text.OUTLINED_FUNCTION_28  stm32f4xx_hal_tim.o
    0x08002ce0   0x08002ce0   0x00000006   Code   RO           67    .text.OUTLINED_FUNCTION_3  main.o
    0x08002ce6   0x08002ce6   0x0000000e   Code   RO          353    .text.OUTLINED_FUNCTION_3  stm32f4xx_hal_pcd.o
    0x08002cf4   0x08002cf4   0x0000000a   Code   RO          491    .text.OUTLINED_FUNCTION_3  stm32f4xx_ll_usb.o
    0x08002cfe   0x08002cfe   0x0000000a   Code   RO          735    .text.OUTLINED_FUNCTION_3  stm32f4xx_hal_dma.o
    0x08002d08   0x08002d08   0x0000000a   Code   RO         1579    .text.OUTLINED_FUNCTION_3  usbd_ctlreq.o
    0x08002d12   0x08002d12   0x0000000e   Code   RO         1736    .text.OUTLINED_FUNCTION_3  lpp_sdk.o
    0x08002d20   0x08002d20   0x00000014   Code   RO         1261    .text.OUTLINED_FUNCTION_33  stm32f4xx_hal_tim.o
    0x08002d34   0x08002d34   0x0000000a   Code   RO           69    .text.OUTLINED_FUNCTION_4  main.o
    0x08002d3e   0x08002d3e   0x00000008   Code   RO          355    .text.OUTLINED_FUNCTION_4  stm32f4xx_hal_pcd.o
    0x08002d46   0x08002d46   0x00000016   Code   RO          493    .text.OUTLINED_FUNCTION_4  stm32f4xx_ll_usb.o
    0x08002d5c   0x08002d5c   0x0000000c   Code   RO         1281    .text.OUTLINED_FUNCTION_43  stm32f4xx_hal_tim.o
    0x08002d68   0x08002d68   0x0000000a   Code   RO         1287    .text.OUTLINED_FUNCTION_46  stm32f4xx_hal_tim.o
    0x08002d72   0x08002d72   0x00000010   Code   RO         1293    .text.OUTLINED_FUNCTION_49  stm32f4xx_hal_tim.o
    0x08002d82   0x08002d82   0x00000006   Code   RO           71    .text.OUTLINED_FUNCTION_5  main.o
    0x08002d88   0x08002d88   0x00000008   Code   RO          357    .text.OUTLINED_FUNCTION_5  stm32f4xx_hal_pcd.o
    0x08002d90   0x08002d90   0x00000006   Code   RO         1297    .text.OUTLINED_FUNCTION_51  stm32f4xx_hal_tim.o
    0x08002d96   0x08002d96   0x0000000a   Code   RO         1301    .text.OUTLINED_FUNCTION_53  stm32f4xx_hal_tim.o
    0x08002da0   0x08002da0   0x0000000a   Code   RO         1305    .text.OUTLINED_FUNCTION_55  stm32f4xx_hal_tim.o
    0x08002daa   0x08002daa   0x0000000e   Code   RO         1309    .text.OUTLINED_FUNCTION_57  stm32f4xx_hal_tim.o
    0x08002db8   0x08002db8   0x0000000a   Code   RO          359    .text.OUTLINED_FUNCTION_6  stm32f4xx_hal_pcd.o
    0x08002dc2   0x08002dc2   0x0000000a   Code   RO         1315    .text.OUTLINED_FUNCTION_60  stm32f4xx_hal_tim.o
    0x08002dcc   0x08002dcc   0x0000000e   Code   RO          361    .text.OUTLINED_FUNCTION_7  stm32f4xx_hal_pcd.o
    0x08002dda   0x08002dda   0x0000000e   Code   RO         1209    .text.OUTLINED_FUNCTION_7  stm32f4xx_hal_tim.o
    0x08002de8   0x08002de8   0x0000000a   Code   RO         1213    .text.OUTLINED_FUNCTION_9  stm32f4xx_hal_tim.o
    0x08002df2   0x08002df2   0x00000002   PAD
    0x08002df4   0x08002df4   0x000004b0   Code   RO         1710    .text.PacketReceive  lpp_sdk.o
    0x080032a4   0x080032a4   0x00000010   Code   RO           19    .text.PacketSend    main.o
    0x080032b4   0x080032b4   0x00000002   Code   RO          106    .text.PendSV_Handler  stm32f4xx_it.o
    0x080032b6   0x080032b6   0x00000002   PAD
    0x080032b8   0x080032b8   0x00000024   Code   RO         1704    .text.PrintStopJob  lpp_sdk.o
    0x080032dc   0x080032dc   0x00000020   Code   RO           53    .text.ReadEncoderPins  main.o
    0x080032fc   0x080032fc   0x00000002   Code   RO          102    .text.SVC_Handler   stm32f4xx_it.o
    0x080032fe   0x080032fe   0x00000002   PAD
    0x08003300   0x08003300   0x00000048   Code   RO           51    .text.SetLaserLightPWMFrequency  main.o
    0x08003348   0x08003348   0x00000008   Code   RO           47    .text.SetLaserPWM   main.o
    0x08003350   0x08003350   0x00000008   Code   RO           49    .text.SetLightPWM   main.o
    0x08003358   0x08003358   0x00000004   Code   RO          108    .text.SysTick_Handler  stm32f4xx_it.o
    0x0800335c   0x0800335c   0x0000009c   Code   RO           13    .text.SystemClock_Config  main.o
    0x080033f8   0x080033f8   0x00000010   Code   RO         1482    .text.SystemInit    system_stm32f4xx.o
    0x08003408   0x08003408   0x00000008   Code   RO           27    .text.TIM1_CC_IRQHandler  main.o
    0x08003410   0x08003410   0x0000000c   Code   RO           25    .text.TIM1_UP_TIM10_IRQHandler  main.o
    0x0800341c   0x0800341c   0x0000000c   Code   RO          112    .text.TIM2_IRQHandler  stm32f4xx_it.o
    0x08003428   0x08003428   0x0000000c   Code   RO          114    .text.TIM3_IRQHandler  stm32f4xx_it.o
    0x08003434   0x08003434   0x0000000c   Code   RO          116    .text.TIM4_IRQHandler  stm32f4xx_it.o
    0x08003440   0x08003440   0x0000009c   Code   RO          967    .text.TIM_Base_SetConfig  stm32f4xx_hal_tim.o
    0x080034dc   0x080034dc   0x0000001e   Code   RO         1001    .text.TIM_CCxChannelCmd  stm32f4xx_hal_tim.o
    0x080034fa   0x080034fa   0x00000002   PAD
    0x080034fc   0x080034fc   0x0000004c   Code   RO         1111    .text.TIM_OC1_SetConfig  stm32f4xx_hal_tim.o
    0x08003548   0x08003548   0x00000058   Code   RO         1113    .text.TIM_OC2_SetConfig  stm32f4xx_hal_tim.o
    0x080035a0   0x080035a0   0x00000054   Code   RO         1115    .text.TIM_OC3_SetConfig  stm32f4xx_hal_tim.o
    0x080035f4   0x080035f4   0x00000044   Code   RO         1117    .text.TIM_OC4_SetConfig  stm32f4xx_hal_tim.o
    0x08003638   0x08003638   0x00000022   Code   RO         1153    .text.TIM_TI1_ConfigInputStage  stm32f4xx_hal_tim.o
    0x0800365a   0x0800365a   0x00000024   Code   RO         1155    .text.TIM_TI2_ConfigInputStage  stm32f4xx_hal_tim.o
    0x0800367e   0x0800367e   0x00000016   Code   RO         1620    .text.USBD_CUSTOM_HID_DataIn  usbd_customhid.o
    0x08003694   0x08003694   0x00000024   Code   RO         1622    .text.USBD_CUSTOM_HID_DataOut  usbd_customhid.o
    0x080036b8   0x080036b8   0x00000058   Code   RO         1614    .text.USBD_CUSTOM_HID_DeInit  usbd_customhid.o
    0x08003710   0x08003710   0x0000002e   Code   RO         1618    .text.USBD_CUSTOM_HID_EP0_RxReady  usbd_customhid.o
    0x0800373e   0x0800373e   0x00000002   PAD
    0x08003740   0x08003740   0x0000000c   Code   RO         1630    .text.USBD_CUSTOM_HID_GetDeviceQualifierDesc  usbd_customhid.o
    0x0800374c   0x0800374c   0x00000028   Code   RO         1626    .text.USBD_CUSTOM_HID_GetFSCfgDesc  usbd_customhid.o
    0x08003774   0x08003774   0x00000030   Code   RO         1624    .text.USBD_CUSTOM_HID_GetHSCfgDesc  usbd_customhid.o
    0x080037a4   0x080037a4   0x0000002c   Code   RO         1628    .text.USBD_CUSTOM_HID_GetOtherSpeedCfgDesc  usbd_customhid.o
    0x080037d0   0x080037d0   0x00000082   Code   RO         1612    .text.USBD_CUSTOM_HID_Init  usbd_customhid.o
    0x08003852   0x08003852   0x00000020   Code   RO         1634    .text.USBD_CUSTOM_HID_ReceivePacket  usbd_customhid.o
    0x08003872   0x08003872   0x00000016   Code   RO         1636    .text.USBD_CUSTOM_HID_RegisterInterface  usbd_customhid.o
    0x08003888   0x08003888   0x00000038   Code   RO         1632    .text.USBD_CUSTOM_HID_SendReport  usbd_customhid.o
    0x080038c0   0x080038c0   0x000000f4   Code   RO         1616    .text.USBD_CUSTOM_HID_Setup  usbd_customhid.o
    0x080039b4   0x080039b4   0x00000012   Code   RO         1511    .text.USBD_ClrClassConfig  usbd_core.o
    0x080039c6   0x080039c6   0x00000004   Code   RO         1519    .text.USBD_CoreFindEP  usbd_core.o
    0x080039ca   0x080039ca   0x00000004   Code   RO         1517    .text.USBD_CoreFindIF  usbd_core.o
    0x080039ce   0x080039ce   0x00000010   Code   RO         1596    .text.USBD_CtlContinueRx  usbd_ioreq.o
    0x080039de   0x080039de   0x00000010   Code   RO         1592    .text.USBD_CtlContinueSendData  usbd_ioreq.o
    0x080039ee   0x080039ee   0x00000016   Code   RO         1561    .text.USBD_CtlError  usbd_ctlreq.o
    0x08003a04   0x08003a04   0x0000001e   Code   RO         1594    .text.USBD_CtlPrepareRx  usbd_ioreq.o
    0x08003a22   0x08003a22   0x00000016   Code   RO         1600    .text.USBD_CtlReceiveStatus  usbd_ioreq.o
    0x08003a38   0x08003a38   0x0000001c   Code   RO         1590    .text.USBD_CtlSendData  usbd_ioreq.o
    0x08003a54   0x08003a54   0x00000016   Code   RO         1598    .text.USBD_CtlSendStatus  usbd_ioreq.o
    0x08003a6a   0x08003a6a   0x00000002   PAD
    0x08003a6c   0x08003a6c   0x00000024   Code   RO          168    .text.USBD_FS_ConfigStrDescriptor  usbd_desc.o
    0x08003a90   0x08003a90   0x0000000c   Code   RO          158    .text.USBD_FS_DeviceDescriptor  usbd_desc.o
    0x08003a9c   0x08003a9c   0x00000028   Code   RO          170    .text.USBD_FS_InterfaceStrDescriptor  usbd_desc.o
    0x08003ac4   0x08003ac4   0x0000000c   Code   RO          160    .text.USBD_FS_LangIDStrDescriptor  usbd_desc.o
    0x08003ad0   0x08003ad0   0x00000024   Code   RO          162    .text.USBD_FS_ManufacturerStrDescriptor  usbd_desc.o
    0x08003af4   0x08003af4   0x00000034   Code   RO          164    .text.USBD_FS_ProductStrDescriptor  usbd_desc.o
    0x08003b28   0x08003b28   0x00000034   Code   RO          166    .text.USBD_FS_SerialStrDescriptor  usbd_desc.o
    0x08003b5c   0x08003b5c   0x0000002a   Code   RO         1541    .text.USBD_GetEpDesc  usbd_core.o
    0x08003b86   0x08003b86   0x00000010   Code   RO         1571    .text.USBD_GetLen   usbd_ctlreq.o
    0x08003b96   0x08003b96   0x00000034   Code   RO         1569    .text.USBD_GetString  usbd_ctlreq.o
    0x08003bca   0x08003bca   0x00000002   PAD
    0x08003bcc   0x08003bcc   0x00000018   Code   RO          235    .text.USBD_Get_USB_Status  usbd_conf.o
    0x08003be4   0x08003be4   0x00000026   Code   RO         1497    .text.USBD_Init     usbd_core.o
    0x08003c0a   0x08003c0a   0x00000012   Code   RO          249    .text.USBD_LL_ClearStallEP  usbd_conf.o
    0x08003c1c   0x08003c1c   0x00000012   Code   RO          243    .text.USBD_LL_CloseEP  usbd_conf.o
    0x08003c2e   0x08003c2e   0x000000a4   Code   RO         1521    .text.USBD_LL_DataInStage  usbd_core.o
    0x08003cd2   0x08003cd2   0x0000006e   Code   RO         1515    .text.USBD_LL_DataOutStage  usbd_core.o
    0x08003d40   0x08003d40   0x00000004   Code   RO         1537    .text.USBD_LL_DevConnected  usbd_core.o
    0x08003d44   0x08003d44   0x00000020   Code   RO         1539    .text.USBD_LL_DevDisconnected  usbd_core.o
    0x08003d64   0x08003d64   0x0000005c   Code   RO          231    .text.USBD_LL_Init  usbd_conf.o
    0x08003dc0   0x08003dc0   0x00000022   Code   RO          251    .text.USBD_LL_IsStallEP  usbd_conf.o
    0x08003de2   0x08003de2   0x0000001e   Code   RO         1533    .text.USBD_LL_IsoINIncomplete  usbd_core.o
    0x08003e00   0x08003e00   0x0000001e   Code   RO         1535    .text.USBD_LL_IsoOUTIncomplete  usbd_core.o
    0x08003e1e   0x08003e1e   0x00000018   Code   RO          241    .text.USBD_LL_OpenEP  usbd_conf.o
    0x08003e36   0x08003e36   0x00000012   Code   RO          257    .text.USBD_LL_PrepareReceive  usbd_conf.o
    0x08003e48   0x08003e48   0x00000062   Code   RO         1523    .text.USBD_LL_Reset  usbd_core.o
    0x08003eaa   0x08003eaa   0x00000014   Code   RO         1529    .text.USBD_LL_Resume  usbd_core.o
    0x08003ebe   0x08003ebe   0x0000001a   Code   RO         1531    .text.USBD_LL_SOF   usbd_core.o
    0x08003ed8   0x08003ed8   0x00000006   Code   RO         1525    .text.USBD_LL_SetSpeed  usbd_core.o
    0x08003ede   0x08003ede   0x00000012   Code   RO          253    .text.USBD_LL_SetUSBAddress  usbd_conf.o
    0x08003ef0   0x08003ef0   0x00000060   Code   RO         1513    .text.USBD_LL_SetupStage  usbd_core.o
    0x08003f50   0x08003f50   0x00000012   Code   RO          247    .text.USBD_LL_StallEP  usbd_conf.o
    0x08003f62   0x08003f62   0x00000012   Code   RO          237    .text.USBD_LL_Start  usbd_conf.o
    0x08003f74   0x08003f74   0x0000001a   Code   RO         1527    .text.USBD_LL_Suspend  usbd_core.o
    0x08003f8e   0x08003f8e   0x00000012   Code   RO          255    .text.USBD_LL_Transmit  usbd_conf.o
    0x08003fa0   0x08003fa0   0x00000016   Code   RO         1567    .text.USBD_ParseSetupRequest  usbd_ctlreq.o
    0x08003fb6   0x08003fb6   0x0000003c   Code   RO         1501    .text.USBD_RegisterClass  usbd_core.o
    0x08003ff2   0x08003ff2   0x0000000e   Code   RO         1509    .text.USBD_SetClassConfig  usbd_core.o
    0x08004000   0x08004000   0x00000004   Code   RO         1503    .text.USBD_Start    usbd_core.o
    0x08004004   0x08004004   0x000002b0   Code   RO         1559    .text.USBD_StdDevReq  usbd_ctlreq.o
    0x080042b4   0x080042b4   0x00000134   Code   RO         1565    .text.USBD_StdEPReq  usbd_ctlreq.o
    0x080043e8   0x080043e8   0x00000060   Code   RO         1563    .text.USBD_StdItfReq  usbd_ctlreq.o
    0x08004448   0x08004448   0x00000002   Code   RO          263    .text.USBD_static_free  usbd_conf.o
    0x0800444a   0x0800444a   0x00000002   PAD
    0x0800444c   0x0800444c   0x00000008   Code   RO          261    .text.USBD_static_malloc  usbd_conf.o
    0x08004454   0x08004454   0x0000007c   Code   RO          411    .text.USB_ActivateEndpoint  stm32f4xx_ll_usb.o
    0x080044d0   0x080044d0   0x0000001a   Code   RO          453    .text.USB_ActivateSetup  stm32f4xx_ll_usb.o
    0x080044ea   0x080044ea   0x00000002   PAD
    0x080044ec   0x080044ec   0x00000084   Code   RO          387    .text.USB_CoreInit  stm32f4xx_ll_usb.o
    0x08004570   0x08004570   0x00000048   Code   RO          389    .text.USB_CoreReset  stm32f4xx_ll_usb.o
    0x080045b8   0x080045b8   0x00000078   Code   RO          415    .text.USB_DeactivateEndpoint  stm32f4xx_ll_usb.o
    0x08004630   0x08004630   0x00000018   Code   RO          435    .text.USB_DevConnect  stm32f4xx_ll_usb.o
    0x08004648   0x08004648   0x00000018   Code   RO          437    .text.USB_DevDisconnect  stm32f4xx_ll_usb.o
    0x08004660   0x08004660   0x0000018c   Code   RO          401    .text.USB_DevInit   stm32f4xx_ll_usb.o
    0x080047ec   0x080047ec   0x0000000c   Code   RO          395    .text.USB_DisableGlobalInt  stm32f4xx_ll_usb.o
    0x080047f8   0x080047f8   0x00000058   Code   RO          455    .text.USB_EP0_OutStart  stm32f4xx_ll_usb.o
    0x08004850   0x08004850   0x0000004e   Code   RO          429    .text.USB_EPClearStall  stm32f4xx_ll_usb.o
    0x0800489e   0x0800489e   0x00000036   Code   RO          427    .text.USB_EPSetStall  stm32f4xx_ll_usb.o
    0x080048d4   0x080048d4   0x000001b4   Code   RO          419    .text.USB_EPStartXfer  stm32f4xx_ll_usb.o
    0x08004a88   0x08004a88   0x00000068   Code   RO          423    .text.USB_EPStopXfer  stm32f4xx_ll_usb.o
    0x08004af0   0x08004af0   0x0000000c   Code   RO          393    .text.USB_EnableGlobalInt  stm32f4xx_ll_usb.o
    0x08004afc   0x08004afc   0x0000003a   Code   RO          407    .text.USB_FlushRxFifo  stm32f4xx_ll_usb.o
    0x08004b36   0x08004b36   0x00000040   Code   RO          405    .text.USB_FlushTxFifo  stm32f4xx_ll_usb.o
    0x08004b76   0x08004b76   0x00000002   PAD
    0x08004b78   0x08004b78   0x00000018   Code   RO          409    .text.USB_GetDevSpeed  stm32f4xx_ll_usb.o
    0x08004b90   0x08004b90   0x00000008   Code   RO          399    .text.USB_GetMode   stm32f4xx_ll_usb.o
    0x08004b98   0x08004b98   0x0000000e   Code   RO          445    .text.USB_ReadDevAllInEpInterrupt  stm32f4xx_ll_usb.o
    0x08004ba6   0x08004ba6   0x0000000e   Code   RO          443    .text.USB_ReadDevAllOutEpInterrupt  stm32f4xx_ll_usb.o
    0x08004bb4   0x08004bb4   0x00000024   Code   RO          449    .text.USB_ReadDevInEPInterrupt  stm32f4xx_ll_usb.o
    0x08004bd8   0x08004bd8   0x00000010   Code   RO          447    .text.USB_ReadDevOutEPInterrupt  stm32f4xx_ll_usb.o
    0x08004be8   0x08004be8   0x00000008   Code   RO          439    .text.USB_ReadInterrupts  stm32f4xx_ll_usb.o
    0x08004bf0   0x08004bf0   0x00000036   Code   RO          425    .text.USB_ReadPacket  stm32f4xx_ll_usb.o
    0x08004c26   0x08004c26   0x00000062   Code   RO          397    .text.USB_SetCurrentMode  stm32f4xx_ll_usb.o
    0x08004c88   0x08004c88   0x00000020   Code   RO          433    .text.USB_SetDevAddress  stm32f4xx_ll_usb.o
    0x08004ca8   0x08004ca8   0x000000f0   Code   RO          391    .text.USB_SetTurnaroundTime  stm32f4xx_ll_usb.o
    0x08004d98   0x08004d98   0x00000022   Code   RO          421    .text.USB_WritePacket  stm32f4xx_ll_usb.o
    0x08004dba   0x08004dba   0x00000002   Code   RO          100    .text.UsageFault_Handler  stm32f4xx_it.o
    0x08004dbc   0x08004dbc   0x00000080   Code   RO         1726    .text.XCalculatePower  lpp_sdk.o
    0x08004e3c   0x08004e3c   0x00000198   Code   RO         1702    .text.XEncoderCallback  lpp_sdk.o
    0x08004fd4   0x08004fd4   0x00000044   Code   RO         1672    .text.XEncoder_Update  lpp_sdk.o
    0x08005018   0x08005018   0x00000064   Code   RO         1708    .text.XInterpTimerCallback  lpp_sdk.o
    0x0800507c   0x0800507c   0x00000024   Code   RO           55    .text.XInterpTimerStart  main.o
    0x080050a0   0x080050a0   0x0000021c   Code   RO           21    .text.XMotorInit    main.o
    0x080052bc   0x080052bc   0x0000008c   Code   RO           23    .text.XMotorSet     main.o
    0x08005348   0x08005348   0x00000048   Code   RO         1724    .text.XMove         lpp_sdk.o
    0x08005390   0x08005390   0x00000024   Code   RO           31    .text.XSetDir       main.o
    0x080053b4   0x080053b4   0x00000024   Code   RO           35    .text.XSetEnable    main.o
    0x080053d8   0x080053d8   0x00000028   Code   RO           33    .text.XSetStep      main.o
    0x08005400   0x08005400   0x00000048   Code   RO         1698    .text.XStartTracking  lpp_sdk.o
    0x08005448   0x08005448   0x0000018c   Code   RO         1706    .text.XStepperStepCallback  lpp_sdk.o
    0x080055d4   0x080055d4   0x0000002c   Code   RO         1700    .text.XStopTracking  lpp_sdk.o
    0x08005600   0x08005600   0x0000028c   Code   RO         1728    .text.XTimerCallback  lpp_sdk.o
    0x0800588c   0x0800588c   0x0000000c   Code   RO           37    .text.XTimerSet     main.o
    0x08005898   0x08005898   0x00000010   Code   RO           15    .text.XferCpltCallback  main.o
    0x080058a8   0x080058a8   0x00000080   Code   RO         1720    .text.YCalculatePower  lpp_sdk.o
    0x08005928   0x08005928   0x00000040   Code   RO         1718    .text.YMove         lpp_sdk.o
    0x08005968   0x08005968   0x00000014   Code   RO           39    .text.YSetDir       main.o
    0x0800597c   0x0800597c   0x00000034   Code   RO           43    .text.YSetEnable    main.o
    0x080059b0   0x080059b0   0x00000014   Code   RO           41    .text.YSetStep      main.o
    0x080059c4   0x080059c4   0x00000078   Code   RO         1722    .text.YTimerCallback  lpp_sdk.o
    0x08005a3c   0x08005a3c   0x00000008   Code   RO           45    .text.YTimerSet     main.o
    0x08005a44   0x08005a44   0x00000024   Code   RO          825    .text.__NVIC_SystemReset  stm32f4xx_hal_cortex.o
    0x08005a68   0x08005a68   0x0000004e   Code   RO         1664    .text.flash_erase_area  lpp_sdk.o
    0x08005ab6   0x08005ab6   0x00000046   Code   RO         1662    .text.flash_write_buffer  lpp_sdk.o
    0x08005afc   0x08005afc   0x00000284   Code   RO           11    .text.main          main.o
    0x08005d80   0x08005d80   0x0000001a   Code   RO         1895    x$fpl$fpinit        fz_wm.l(fpinit.o)
    0x08005d9a   0x08005d9a   0x00000010   Data   RO         1487    .rodata.AHBPrescTable  system_stm32f4xx.o
    0x08005daa   0x08005daa   0x00000008   Data   RO         1488    .rodata.APBPrescTable  system_stm32f4xx.o
    0x08005db2   0x08005db2   0x00000002   PAD
    0x08005db4   0x08005db4   0x00000020   Data   RO         1956    Region$$Table       anon$$obj.o


    Execution Region RW_IRAM1 (Exec base: 0x20000000, Load base: 0x08005dd8, Size: 0x00002c50, Max: 0x00020000, ABSOLUTE, COMPRESSED[0x000000e0])

    Exec Addr    Load Addr    Size         Type   Attr      Idx    E Section Name        Object

    0x20000000   COMPRESSED   0x00000008   Data   RW          928    .data..L_MergedGlobals  stm32f4xx_hal.o
    0x20000008   COMPRESSED   0x00000008   Data   RW         1760    .data..L_MergedGlobals  lpp_sdk.o
    0x20000010   COMPRESSED   0x00000022   Data   RW          195    .data.CUSTOM_HID_ReportDesc_FS  usbd_custom_hid_if.o
    0x20000032   COMPRESSED   0x00000002   PAD
    0x20000034   COMPRESSED   0x0000001c   Data   RW          176    .data.FS_Desc       usbd_desc.o
    0x20000050   COMPRESSED   0x00000004   Data   RW         1486    .data.SystemCoreClock  system_stm32f4xx.o
    0x20000054   COMPRESSED   0x00000038   Data   RW         1642    .data.USBD_CUSTOM_HID  usbd_customhid.o
    0x2000008c   COMPRESSED   0x00000029   Data   RW         1644    .data.USBD_CUSTOM_HID_CfgDesc  usbd_customhid.o
    0x200000b5   COMPRESSED   0x00000003   PAD
    0x200000b8   COMPRESSED   0x00000009   Data   RW         1643    .data.USBD_CUSTOM_HID_Desc  usbd_customhid.o
    0x200000c1   COMPRESSED   0x00000003   PAD
    0x200000c4   COMPRESSED   0x0000000a   Data   RW         1645    .data.USBD_CUSTOM_HID_DeviceQualifierDesc  usbd_customhid.o
    0x200000ce   COMPRESSED   0x00000002   PAD
    0x200000d0   COMPRESSED   0x00000010   Data   RW          196    .data.USBD_CustomHID_fops_FS  usbd_custom_hid_if.o
    0x200000e0   COMPRESSED   0x00000012   Data   RW          177    .data.USBD_FS_DeviceDesc  usbd_desc.o
    0x200000f2   COMPRESSED   0x00000002   PAD
    0x200000f4   COMPRESSED   0x00000004   Data   RW          178    .data.USBD_LangIDDesc  usbd_desc.o
    0x200000f8   COMPRESSED   0x0000001a   Data   RW          179    .data.USBD_StringSerial  usbd_desc.o
    0x20000112   COMPRESSED   0x00000002   PAD
    0x20000114   COMPRESSED   0x00000020   Data   RW          605    .data.pFlash        stm32f4xx_hal_flash.o
    0x20000134   COMPRESSED   0x00000004   PAD
    0x20000138        -       0x00000060   Zero   RW         1821    .bss                c_w.l(libspace.o)
    0x20000198        -       0x0000007c   Zero   RW         1761    .bss..L_MergedGlobals.1  lpp_sdk.o
    0x20000214        -       0x00000048   Zero   RW         1762    .bss..L_MergedGlobals.2  lpp_sdk.o
    0x2000025c        -       0x00000040   Zero   RW         1753    .bss.APP_ERASE      lpp_sdk.o
    0x2000029c        -       0x00000040   Zero   RW         1754    .bss.APP_ID         lpp_sdk.o
    0x200002dc        -       0x00000040   Zero   RW         1750    .bss.APP_JAMP_TO_BOOT  lpp_sdk.o
    0x2000031c        -       0x00000040   Zero   RW         1751    .bss.APP_SPEED_TEST  lpp_sdk.o
    0x2000035c        -       0x00000040   Zero   RW         1752    .bss.APP_WRITE      lpp_sdk.o
    0x2000039c        -       0x00000534   Zero   RW         1758    .bss.FIFO_DATA      lpp_sdk.o
    0x200008d0        -       0x00000040   Zero   RW         1749    .bss.LAZER          lpp_sdk.o
    0x20000910        -       0x00000040   Zero   RW         1748    .bss.LIGHT          lpp_sdk.o
    0x20000950        -       0x00000040   Zero   RW         1738    .bss.PRINT_CONFIG   lpp_sdk.o
    0x20000990        -       0x00000040   Zero   RW         1747    .bss.SET_PARAM      lpp_sdk.o
    0x200009d0        -       0x00000040   Zero   RW         1745    .bss.SET_X          lpp_sdk.o
    0x20000a10        -       0x00000040   Zero   RW         1746    .bss.SET_Y          lpp_sdk.o
    0x20000a50        -       0x00000040   Zero   RW         1743    .bss.TRACK          lpp_sdk.o
    0x20000a90        -       0x000007d0   Zero   RW         1756    .bss.TUNING_X       lpp_sdk.o
    0x20001260        -       0x000007d0   Zero   RW         1757    .bss.TUNING_Y       lpp_sdk.o
    0x20001a30        -       0x00000001   Zero   RW         1581    .bss.USBD_SetConfig.cfgidx  usbd_ctlreq.o
    0x20001a31   COMPRESSED   0x00000003   PAD
    0x20001a34        -       0x00000200   Zero   RW          180    .bss.USBD_StrDesc   usbd_desc.o
    0x20001c34        -       0x00000058   Zero   RW          268    .bss.USBD_static_malloc.mem  usbd_conf.o
    0x20001c8c        -       0x00000040   Zero   RW         1740    .bss.USB_TUNING_X   lpp_sdk.o
    0x20001ccc        -       0x00000040   Zero   RW         1741    .bss.USB_TUNING_Y   lpp_sdk.o
    0x20001d0c        -       0x000002dc   Zero   RW          151    .bss.hUsbDeviceFS   usb_device.o
    0x20001fe8        -       0x00000060   Zero   RW           80    .bss.hdma_memtomem_dma2_stream0  main.o
    0x20002048        -       0x000004e4   Zero   RW          267    .bss.hpcd_USB_OTG_FS  usbd_conf.o
    0x2000252c        -       0x00000048   Zero   RW           81    .bss.htim1          main.o
    0x20002574        -       0x00000048   Zero   RW           79    .bss.htim2          main.o
    0x200025bc        -       0x00000048   Zero   RW           82    .bss.htim3          main.o
    0x20002604        -       0x00000048   Zero   RW           78    .bss.htim4          main.o
    0x2000264c        -       0x00000004   Zero   RW          927    .bss.uwTick         stm32f4xx_hal.o
    0x20002650        -       0x00000200   Zero   RW            2    HEAP                startup_stm32f411xe.o
    0x20002850        -       0x00000400   Zero   RW            1    STACK               startup_stm32f411xe.o



  Load Region LR$$.ARM.__at_0x08007FEC (Base: 0x08007fec, Size: 0x00000004, Max: 0x00000004, ABSOLUTE)

    Execution Region ER$$.ARM.__at_0x08007FEC (Exec base: 0x08007fec, Load base: 0x08007fec, Size: 0x00000004, Max: 0x00000004, ABSOLUTE, UNINIT)

    Exec Addr    Load Addr    Size         Type   Attr      Idx    E Section Name        Object

    0x08007fec   0x08007fec   0x00000004   Data   RO           73    .ARM.__at_0x08007FEC  main.o



  Load Region LR$$.ARM.__at_0x08007FF0 (Base: 0x08007ff0, Size: 0x00000004, Max: 0x00000004, ABSOLUTE)

    Execution Region ER$$.ARM.__at_0x08007FF0 (Exec base: 0x08007ff0, Load base: 0x08007ff0, Size: 0x00000004, Max: 0x00000004, ABSOLUTE, UNINIT)

    Exec Addr    Load Addr    Size         Type   Attr      Idx    E Section Name        Object

    0x08007ff0   0x08007ff0   0x00000004   Data   RO           74    .ARM.__at_0x08007FF0  main.o



  Load Region LR$$.ARM.__at_0x08007FF4 (Base: 0x08007ff4, Size: 0x00000004, Max: 0x00000004, ABSOLUTE)

    Execution Region ER$$.ARM.__at_0x08007FF4 (Exec base: 0x08007ff4, Load base: 0x08007ff4, Size: 0x00000004, Max: 0x00000004, ABSOLUTE, UNINIT)

    Exec Addr    Load Addr    Size         Type   Attr      Idx    E Section Name        Object

    0x08007ff4   0x08007ff4   0x00000004   Data   RO           75    .ARM.__at_0x08007FF4  main.o



  Load Region LR$$.ARM.__at_0x08007FF8 (Base: 0x08007ff8, Size: 0x00000004, Max: 0x00000004, ABSOLUTE)

    Execution Region ER$$.ARM.__at_0x08007FF8 (Exec base: 0x08007ff8, Load base: 0x08007ff8, Size: 0x00000004, Max: 0x00000004, ABSOLUTE, UNINIT)

    Exec Addr    Load Addr    Size         Type   Attr      Idx    E Section Name        Object

    0x08007ff8   0x08007ff8   0x00000004   Data   RO           76    .ARM.__at_0x08007FF8  main.o



  Load Region LR$$.ARM.__at_0x08007FFC (Base: 0x08007ffc, Size: 0x00000004, Max: 0x00000004, ABSOLUTE)

    Execution Region ER$$.ARM.__at_0x08007FFC (Exec base: 0x08007ffc, Load base: 0x08007ffc, Size: 0x00000004, Max: 0x00000004, ABSOLUTE, UNINIT)

    Exec Addr    Load Addr    Size         Type   Attr      Idx    E Section Name        Object

    0x08007ffc   0x08007ffc   0x00000004   Data   RO           77    .ARM.__at_0x08007FFC  main.o


==============================================================================

Image component sizes


      Code (inc. data)   RO Data    RW Data    ZI Data      Debug   Object Name

      4860        342          0          8       6424      28405   lpp_sdk.o
      2080        140         20          0        384      17908   main.o
        64         26        408          0       1536        836   startup_stm32f411xe.o
       278         44          0          8          4       7016   stm32f4xx_hal.o
       224         32          0          0          0      10137   stm32f4xx_hal_cortex.o
       906         26          0          0          0       9367   stm32f4xx_hal_dma.o
       536         32          0         32          0       5200   stm32f4xx_hal_flash.o
       324          4          0          0          0       6379   stm32f4xx_hal_flash_ex.o
       434         28          0          0          0       5169   stm32f4xx_hal_gpio.o
       288         20          0          0          0       7523   stm32f4xx_hal_msp.o
      2568          4          0          0          0      16552   stm32f4xx_hal_pcd.o
        74          0          0          0          0       4372   stm32f4xx_hal_pcd_ex.o
        28          8          0          0          0       4698   stm32f4xx_hal_pwr.o
      1238         48          0          0          0       7662   stm32f4xx_hal_rcc.o
      1872         68          0          0          0      47336   stm32f4xx_hal_tim.o
       178          0          0          0          0      20078   stm32f4xx_hal_tim_ex.o
        96         16          0          0          0       7199   stm32f4xx_it.o
      2456        108          0          0          0      25741   stm32f4xx_ll_usb.o
        16          4         24          4          0       2625   system_stm32f4xx.o
        80         16          0          0        732       3194   usb_device.o
       614         24          0          0       1340      16287   usbd_conf.o
       862          0          0          0          0      10644   usbd_core.o
      1232         38          0          0          1       9390   usbd_ctlreq.o
        40          4          0         50          0       2082   usbd_custom_hid_if.o
       842         34          0        116          0       9069   usbd_customhid.o
       288        116          0         76        512       3686   usbd_desc.o
       134          0          0          0          0       4721   usbd_ioreq.o

    ----------------------------------------------------------------------
     22658       1182        486        308      10940     293276   Object Totals
         0          0         32          0          0          0   (incl. Generated)
        46          0          2         14          7          0   (incl. Padding)

    ----------------------------------------------------------------------

      Code (inc. data)   RO Data    RW Data    ZI Data      Debug   Library Member Name

        58          0          0          0          0          0   __dczerorl.o
         8          0          0          0          0         68   __main.o
         0          0          0          0          0          0   __rtentry.o
        12          0          0          0          0          0   __rtentry2.o
         6          0          0          0          0          0   __rtentry4.o
        52          8          0          0          0          0   __scatter.o
        28          0          0          0          0          0   __scatter_zi.o
        18          0          0          0          0         80   exit.o
         6          0          0          0          0        152   heapauxi.o
         0          0          0          0          0          0   indicate_semi.o
         2          0          0          0          0          0   libinit.o
         6          0          0          0          0          0   libinit2.o
         2          0          0          0          0          0   libshutdown.o
         2          0          0          0          0          0   libshutdown2.o
         8          4          0          0         96         68   libspace.o
       240          0          0          0          0        100   lludivv7m.o
        78          0          0          0          0         80   rt_memclr_w.o
       138          0          0          0          0         68   rt_memcpy_v6.o
       100          0          0          0          0         80   rt_memcpy_w.o
         2          0          0          0          0          0   rtexit.o
        10          0          0          0          0          0   rtexit2.o
        12          4          0          0          0         68   sys_exit.o
        74          0          0          0          0         80   sys_stackheap_outer.o
         2          0          0          0          0         68   use_no_semi.o
        26          0          0          0          0        116   fpinit.o

    ----------------------------------------------------------------------
       896         16          0          0         96       1028   Library Totals
         6          0          0          0          0          0   (incl. Padding)

    ----------------------------------------------------------------------

      Code (inc. data)   RO Data    RW Data    ZI Data      Debug   Library Name

       864         16          0          0         96        912   c_w.l
        26          0          0          0          0        116   fz_wm.l

    ----------------------------------------------------------------------
       896         16          0          0         96       1028   Library Totals

    ----------------------------------------------------------------------

==============================================================================


      Code (inc. data)   RO Data    RW Data    ZI Data      Debug   

     23554       1198        486        308      11036     293440   Grand Totals
     23554       1198        486        224      11036     293440   ELF Image Totals (compressed)
     23554       1198        486        224          0          0   ROM Totals

==============================================================================

    Total RO  Size (Code + RO Data)                24040 (  23.48kB)
    Total RW  Size (RW Data + ZI Data)             11344 (  11.08kB)
    Total ROM Size (Code + RO Data + RW Data)      24264 (  23.70kB)

==============================================================================

