<!doctype html public "-//w3c//dtd html 4.0 transitional//en">
<html><head>
<title>Static Call Graph - [LPP_STM32G431Cx\LPP_STM32G431Cx.axf]</title></head>
<body><HR>
<H1>Static Call Graph for image LPP_STM32G431Cx\LPP_STM32G431Cx.axf</H1><HR>
<BR><P>#&#060CALLGRAPH&#062# ARM Linker, 6190004: Last Updated: Fri Sep 19 06:55:33 2025
<BR><P>
<H3>Maximum Stack Usage =        232 bytes + Unknown(Functions without stacksize, Cycles, Untraceable Function Pointers)</H3><H3>
Call chain for Maximum Stack Depth:</H3>
__rt_entry_main &rArr; main &rArr; MX_USB_Device_Init &rArr; USBD_Init &rArr; USBD_LL_Init &rArr; HAL_PCD_Init &rArr; HAL_PCD_MspInit &rArr; HAL_RCCEx_PeriphCLKConfig
<P>
<H3>
Functions with no stack information
</H3><UL>
 <LI><a href="#[77]">__user_initial_stackheap</a>
</UL>
</UL>
<P>
<H3>
Mutually Recursive functions
</H3> <LI><a href="#[2f]">ADC1_2_IRQHandler</a>&nbsp;&nbsp;&nbsp;&rArr;&nbsp;&nbsp;&nbsp;<a href="#[2f]">ADC1_2_IRQHandler</a><BR>
 <LI><a href="#[18]">BusFault_Handler</a>&nbsp;&nbsp;&nbsp;&rArr;&nbsp;&nbsp;&nbsp;<a href="#[18]">BusFault_Handler</a><BR>
 <LI><a href="#[16]">HardFault_Handler</a>&nbsp;&nbsp;&nbsp;&rArr;&nbsp;&nbsp;&nbsp;<a href="#[16]">HardFault_Handler</a><BR>
 <LI><a href="#[17]">MemManage_Handler</a>&nbsp;&nbsp;&nbsp;&rArr;&nbsp;&nbsp;&nbsp;<a href="#[17]">MemManage_Handler</a><BR>
 <LI><a href="#[15]">NMI_Handler</a>&nbsp;&nbsp;&nbsp;&rArr;&nbsp;&nbsp;&nbsp;<a href="#[15]">NMI_Handler</a><BR>
 <LI><a href="#[19]">UsageFault_Handler</a>&nbsp;&nbsp;&nbsp;&rArr;&nbsp;&nbsp;&nbsp;<a href="#[19]">UsageFault_Handler</a><BR>
</UL>
<P>
<H3>
Function Pointers
</H3><UL>
 <LI><a href="#[2f]">ADC1_2_IRQHandler</a> from startup_stm32g431xx.o(.text) referenced from startup_stm32g431xx.o(RESET)
 <LI><a href="#[18]">BusFault_Handler</a> from stm32g4xx_it.o(.text.BusFault_Handler) referenced from startup_stm32g431xx.o(RESET)
 <LI><a href="#[57]">COMP1_2_3_IRQHandler</a> from startup_stm32g431xx.o(.text) referenced from startup_stm32g431xx.o(RESET)
 <LI><a href="#[58]">COMP4_IRQHandler</a> from startup_stm32g431xx.o(.text) referenced from startup_stm32g431xx.o(RESET)
 <LI><a href="#[62]">CORDIC_IRQHandler</a> from startup_stm32g431xx.o(.text) referenced from startup_stm32g431xx.o(RESET)
 <LI><a href="#[59]">CRS_IRQHandler</a> from startup_stm32g431xx.o(.text) referenced from startup_stm32g431xx.o(RESET)
 <LI><a href="#[12]">CUSTOM_HID_DeInit_FS</a> from usbd_custom_hid_if.o(.text.CUSTOM_HID_DeInit_FS) referenced 2 times from usbd_custom_hid_if.o(.data.USBD_CustomHID_fops_FS)
 <LI><a href="#[11]">CUSTOM_HID_Init_FS</a> from usbd_custom_hid_if.o(.text.CUSTOM_HID_Init_FS) referenced 2 times from usbd_custom_hid_if.o(.data.USBD_CustomHID_fops_FS)
 <LI><a href="#[13]">CUSTOM_HID_OutEvent_FS</a> from usbd_custom_hid_if.o(.text.CUSTOM_HID_OutEvent_FS) referenced 2 times from usbd_custom_hid_if.o(.data.USBD_CustomHID_fops_FS)
 <LI><a href="#[29]">DMA1_Channel1_IRQHandler</a> from startup_stm32g431xx.o(.text) referenced from startup_stm32g431xx.o(RESET)
 <LI><a href="#[2a]">DMA1_Channel2_IRQHandler</a> from startup_stm32g431xx.o(.text) referenced from startup_stm32g431xx.o(RESET)
 <LI><a href="#[2b]">DMA1_Channel3_IRQHandler</a> from startup_stm32g431xx.o(.text) referenced from startup_stm32g431xx.o(RESET)
 <LI><a href="#[2c]">DMA1_Channel4_IRQHandler</a> from startup_stm32g431xx.o(.text) referenced from startup_stm32g431xx.o(RESET)
 <LI><a href="#[2d]">DMA1_Channel5_IRQHandler</a> from startup_stm32g431xx.o(.text) referenced from startup_stm32g431xx.o(RESET)
 <LI><a href="#[2e]">DMA1_Channel6_IRQHandler</a> from startup_stm32g431xx.o(.text) referenced from startup_stm32g431xx.o(RESET)
 <LI><a href="#[51]">DMA2_Channel1_IRQHandler</a> from startup_stm32g431xx.o(.text) referenced from startup_stm32g431xx.o(RESET)
 <LI><a href="#[52]">DMA2_Channel2_IRQHandler</a> from startup_stm32g431xx.o(.text) referenced from startup_stm32g431xx.o(RESET)
 <LI><a href="#[53]">DMA2_Channel3_IRQHandler</a> from startup_stm32g431xx.o(.text) referenced from startup_stm32g431xx.o(RESET)
 <LI><a href="#[54]">DMA2_Channel4_IRQHandler</a> from startup_stm32g431xx.o(.text) referenced from startup_stm32g431xx.o(RESET)
 <LI><a href="#[55]">DMA2_Channel5_IRQHandler</a> from startup_stm32g431xx.o(.text) referenced from startup_stm32g431xx.o(RESET)
 <LI><a href="#[61]">DMA2_Channel6_IRQHandler</a> from startup_stm32g431xx.o(.text) referenced from startup_stm32g431xx.o(RESET)
 <LI><a href="#[60]">DMAMUX_OVR_IRQHandler</a> from startup_stm32g431xx.o(.text) referenced from startup_stm32g431xx.o(RESET)
 <LI><a href="#[1b]">DebugMon_Handler</a> from stm32g4xx_it.o(.text.DebugMon_Handler) referenced from startup_stm32g431xx.o(RESET)
 <LI><a href="#[24]">EXTI0_IRQHandler</a> from startup_stm32g431xx.o(.text) referenced from startup_stm32g431xx.o(RESET)
 <LI><a href="#[45]">EXTI15_10_IRQHandler</a> from startup_stm32g431xx.o(.text) referenced from startup_stm32g431xx.o(RESET)
 <LI><a href="#[25]">EXTI1_IRQHandler</a> from startup_stm32g431xx.o(.text) referenced from startup_stm32g431xx.o(RESET)
 <LI><a href="#[26]">EXTI2_IRQHandler</a> from startup_stm32g431xx.o(.text) referenced from startup_stm32g431xx.o(RESET)
 <LI><a href="#[27]">EXTI3_IRQHandler</a> from startup_stm32g431xx.o(.text) referenced from startup_stm32g431xx.o(RESET)
 <LI><a href="#[28]">EXTI4_IRQHandler</a> from startup_stm32g431xx.o(.text) referenced from startup_stm32g431xx.o(RESET)
 <LI><a href="#[34]">EXTI9_5_IRQHandler</a> from startup_stm32g431xx.o(.text) referenced from startup_stm32g431xx.o(RESET)
 <LI><a href="#[32]">FDCAN1_IT0_IRQHandler</a> from startup_stm32g431xx.o(.text) referenced from startup_stm32g431xx.o(RESET)
 <LI><a href="#[33]">FDCAN1_IT1_IRQHandler</a> from startup_stm32g431xx.o(.text) referenced from startup_stm32g431xx.o(RESET)
 <LI><a href="#[22]">FLASH_IRQHandler</a> from startup_stm32g431xx.o(.text) referenced from startup_stm32g431xx.o(RESET)
 <LI><a href="#[63]">FMAC_IRQHandler</a> from startup_stm32g431xx.o(.text) referenced from startup_stm32g431xx.o(RESET)
 <LI><a href="#[5b]">FPU_IRQHandler</a> from startup_stm32g431xx.o(.text) referenced from startup_stm32g431xx.o(RESET)
 <LI><a href="#[16]">HardFault_Handler</a> from stm32g4xx_it.o(.text.HardFault_Handler) referenced from startup_stm32g431xx.o(RESET)
 <LI><a href="#[3d]">I2C1_ER_IRQHandler</a> from startup_stm32g431xx.o(.text) referenced from startup_stm32g431xx.o(RESET)
 <LI><a href="#[3c]">I2C1_EV_IRQHandler</a> from startup_stm32g431xx.o(.text) referenced from startup_stm32g431xx.o(RESET)
 <LI><a href="#[3f]">I2C2_ER_IRQHandler</a> from startup_stm32g431xx.o(.text) referenced from startup_stm32g431xx.o(RESET)
 <LI><a href="#[3e]">I2C2_EV_IRQHandler</a> from startup_stm32g431xx.o(.text) referenced from startup_stm32g431xx.o(RESET)
 <LI><a href="#[5f]">I2C3_ER_IRQHandler</a> from startup_stm32g431xx.o(.text) referenced from startup_stm32g431xx.o(RESET)
 <LI><a href="#[5e]">I2C3_EV_IRQHandler</a> from startup_stm32g431xx.o(.text) referenced from startup_stm32g431xx.o(RESET)
 <LI><a href="#[4c]">LPTIM1_IRQHandler</a> from startup_stm32g431xx.o(.text) referenced from startup_stm32g431xx.o(RESET)
 <LI><a href="#[5d]">LPUART1_IRQHandler</a> from startup_stm32g431xx.o(.text) referenced from startup_stm32g431xx.o(RESET)
 <LI><a href="#[17]">MemManage_Handler</a> from stm32g4xx_it.o(.text.MemManage_Handler) referenced from startup_stm32g431xx.o(RESET)
 <LI><a href="#[15]">NMI_Handler</a> from stm32g4xx_it.o(.text.NMI_Handler) referenced from startup_stm32g431xx.o(RESET)
 <LI><a href="#[1f]">PVD_PVM_IRQHandler</a> from startup_stm32g431xx.o(.text) referenced from startup_stm32g431xx.o(RESET)
 <LI><a href="#[1c]">PendSV_Handler</a> from stm32g4xx_it.o(.text.PendSV_Handler) referenced from startup_stm32g431xx.o(RESET)
 <LI><a href="#[23]">RCC_IRQHandler</a> from startup_stm32g431xx.o(.text) referenced from startup_stm32g431xx.o(RESET)
 <LI><a href="#[5c]">RNG_IRQHandler</a> from startup_stm32g431xx.o(.text) referenced from startup_stm32g431xx.o(RESET)
 <LI><a href="#[46]">RTC_Alarm_IRQHandler</a> from startup_stm32g431xx.o(.text) referenced from startup_stm32g431xx.o(RESET)
 <LI><a href="#[20]">RTC_TAMP_LSECSS_IRQHandler</a> from startup_stm32g431xx.o(.text) referenced from startup_stm32g431xx.o(RESET)
 <LI><a href="#[21]">RTC_WKUP_IRQHandler</a> from startup_stm32g431xx.o(.text) referenced from startup_stm32g431xx.o(RESET)
 <LI><a href="#[14]">Reset_Handler</a> from startup_stm32g431xx.o(.text) referenced from startup_stm32g431xx.o(RESET)
 <LI><a href="#[5a]">SAI1_IRQHandler</a> from startup_stm32g431xx.o(.text) referenced from startup_stm32g431xx.o(RESET)
 <LI><a href="#[40]">SPI1_IRQHandler</a> from startup_stm32g431xx.o(.text) referenced from startup_stm32g431xx.o(RESET)
 <LI><a href="#[41]">SPI2_IRQHandler</a> from startup_stm32g431xx.o(.text) referenced from startup_stm32g431xx.o(RESET)
 <LI><a href="#[4d]">SPI3_IRQHandler</a> from startup_stm32g431xx.o(.text) referenced from startup_stm32g431xx.o(RESET)
 <LI><a href="#[1a]">SVC_Handler</a> from stm32g4xx_it.o(.text.SVC_Handler) referenced from startup_stm32g431xx.o(RESET)
 <LI><a href="#[1d]">SysTick_Handler</a> from stm32g4xx_it.o(.text.SysTick_Handler) referenced from startup_stm32g431xx.o(RESET)
 <LI><a href="#[64]">SystemInit</a> from system_stm32g4xx.o(.text.SystemInit) referenced from startup_stm32g431xx.o(.text)
 <LI><a href="#[35]">TIM1_BRK_TIM15_IRQHandler</a> from startup_stm32g431xx.o(.text) referenced from startup_stm32g431xx.o(RESET)
 <LI><a href="#[38]">TIM1_CC_IRQHandler</a> from startup_stm32g431xx.o(.text) referenced from startup_stm32g431xx.o(RESET)
 <LI><a href="#[37]">TIM1_TRG_COM_TIM17_IRQHandler</a> from startup_stm32g431xx.o(.text) referenced from startup_stm32g431xx.o(RESET)
 <LI><a href="#[36]">TIM1_UP_TIM16_IRQHandler</a> from startup_stm32g431xx.o(.text) referenced from startup_stm32g431xx.o(RESET)
 <LI><a href="#[39]">TIM2_IRQHandler</a> from startup_stm32g431xx.o(.text) referenced from startup_stm32g431xx.o(RESET)
 <LI><a href="#[3a]">TIM3_IRQHandler</a> from startup_stm32g431xx.o(.text) referenced from startup_stm32g431xx.o(RESET)
 <LI><a href="#[3b]">TIM4_IRQHandler</a> from startup_stm32g431xx.o(.text) referenced from startup_stm32g431xx.o(RESET)
 <LI><a href="#[4f]">TIM6_DAC_IRQHandler</a> from startup_stm32g431xx.o(.text) referenced from startup_stm32g431xx.o(RESET)
 <LI><a href="#[50]">TIM7_IRQHandler</a> from startup_stm32g431xx.o(.text) referenced from startup_stm32g431xx.o(RESET)
 <LI><a href="#[48]">TIM8_BRK_IRQHandler</a> from startup_stm32g431xx.o(.text) referenced from startup_stm32g431xx.o(RESET)
 <LI><a href="#[4b]">TIM8_CC_IRQHandler</a> from startup_stm32g431xx.o(.text) referenced from startup_stm32g431xx.o(RESET)
 <LI><a href="#[4a]">TIM8_TRG_COM_IRQHandler</a> from startup_stm32g431xx.o(.text) referenced from startup_stm32g431xx.o(RESET)
 <LI><a href="#[49]">TIM8_UP_IRQHandler</a> from startup_stm32g431xx.o(.text) referenced from startup_stm32g431xx.o(RESET)
 <LI><a href="#[4e]">UART4_IRQHandler</a> from startup_stm32g431xx.o(.text) referenced from startup_stm32g431xx.o(RESET)
 <LI><a href="#[56]">UCPD1_IRQHandler</a> from startup_stm32g431xx.o(.text) referenced from startup_stm32g431xx.o(RESET)
 <LI><a href="#[42]">USART1_IRQHandler</a> from startup_stm32g431xx.o(.text) referenced from startup_stm32g431xx.o(RESET)
 <LI><a href="#[43]">USART2_IRQHandler</a> from startup_stm32g431xx.o(.text) referenced from startup_stm32g431xx.o(RESET)
 <LI><a href="#[44]">USART3_IRQHandler</a> from startup_stm32g431xx.o(.text) referenced from startup_stm32g431xx.o(RESET)
 <LI><a href="#[5]">USBD_CUSTOM_HID_ConfigStrDescriptor</a> from usbd_desc.o(.text.USBD_CUSTOM_HID_ConfigStrDescriptor) referenced 2 times from usbd_desc.o(.data.CUSTOM_HID_Desc)
 <LI><a href="#[b]">USBD_CUSTOM_HID_DataIn</a> from usbd_customhid.o(.text.USBD_CUSTOM_HID_DataIn) referenced 2 times from usbd_customhid.o(.data.USBD_CUSTOM_HID)
 <LI><a href="#[c]">USBD_CUSTOM_HID_DataOut</a> from usbd_customhid.o(.text.USBD_CUSTOM_HID_DataOut) referenced 2 times from usbd_customhid.o(.data.USBD_CUSTOM_HID)
 <LI><a href="#[8]">USBD_CUSTOM_HID_DeInit</a> from usbd_customhid.o(.text.USBD_CUSTOM_HID_DeInit) referenced 2 times from usbd_customhid.o(.data.USBD_CUSTOM_HID)
 <LI><a href="#[0]">USBD_CUSTOM_HID_DeviceDescriptor</a> from usbd_desc.o(.text.USBD_CUSTOM_HID_DeviceDescriptor) referenced 2 times from usbd_desc.o(.data.CUSTOM_HID_Desc)
 <LI><a href="#[a]">USBD_CUSTOM_HID_EP0_RxReady</a> from usbd_customhid.o(.text.USBD_CUSTOM_HID_EP0_RxReady) referenced 2 times from usbd_customhid.o(.data.USBD_CUSTOM_HID)
 <LI><a href="#[10]">USBD_CUSTOM_HID_GetDeviceQualifierDesc</a> from usbd_customhid.o(.text.USBD_CUSTOM_HID_GetDeviceQualifierDesc) referenced 2 times from usbd_customhid.o(.data.USBD_CUSTOM_HID)
 <LI><a href="#[e]">USBD_CUSTOM_HID_GetFSCfgDesc</a> from usbd_customhid.o(.text.USBD_CUSTOM_HID_GetFSCfgDesc) referenced 2 times from usbd_customhid.o(.data.USBD_CUSTOM_HID)
 <LI><a href="#[d]">USBD_CUSTOM_HID_GetHSCfgDesc</a> from usbd_customhid.o(.text.USBD_CUSTOM_HID_GetHSCfgDesc) referenced 2 times from usbd_customhid.o(.data.USBD_CUSTOM_HID)
 <LI><a href="#[f]">USBD_CUSTOM_HID_GetOtherSpeedCfgDesc</a> from usbd_customhid.o(.text.USBD_CUSTOM_HID_GetOtherSpeedCfgDesc) referenced 2 times from usbd_customhid.o(.data.USBD_CUSTOM_HID)
 <LI><a href="#[7]">USBD_CUSTOM_HID_Init</a> from usbd_customhid.o(.text.USBD_CUSTOM_HID_Init) referenced 2 times from usbd_customhid.o(.data.USBD_CUSTOM_HID)
 <LI><a href="#[6]">USBD_CUSTOM_HID_InterfaceStrDescriptor</a> from usbd_desc.o(.text.USBD_CUSTOM_HID_InterfaceStrDescriptor) referenced 2 times from usbd_desc.o(.data.CUSTOM_HID_Desc)
 <LI><a href="#[1]">USBD_CUSTOM_HID_LangIDStrDescriptor</a> from usbd_desc.o(.text.USBD_CUSTOM_HID_LangIDStrDescriptor) referenced 2 times from usbd_desc.o(.data.CUSTOM_HID_Desc)
 <LI><a href="#[2]">USBD_CUSTOM_HID_ManufacturerStrDescriptor</a> from usbd_desc.o(.text.USBD_CUSTOM_HID_ManufacturerStrDescriptor) referenced 2 times from usbd_desc.o(.data.CUSTOM_HID_Desc)
 <LI><a href="#[3]">USBD_CUSTOM_HID_ProductStrDescriptor</a> from usbd_desc.o(.text.USBD_CUSTOM_HID_ProductStrDescriptor) referenced 2 times from usbd_desc.o(.data.CUSTOM_HID_Desc)
 <LI><a href="#[4]">USBD_CUSTOM_HID_SerialStrDescriptor</a> from usbd_desc.o(.text.USBD_CUSTOM_HID_SerialStrDescriptor) referenced 2 times from usbd_desc.o(.data.CUSTOM_HID_Desc)
 <LI><a href="#[9]">USBD_CUSTOM_HID_Setup</a> from usbd_customhid.o(.text.USBD_CUSTOM_HID_Setup) referenced 2 times from usbd_customhid.o(.data.USBD_CUSTOM_HID)
 <LI><a href="#[47]">USBWakeUp_IRQHandler</a> from startup_stm32g431xx.o(.text) referenced from startup_stm32g431xx.o(RESET)
 <LI><a href="#[30]">USB_HP_IRQHandler</a> from startup_stm32g431xx.o(.text) referenced from startup_stm32g431xx.o(RESET)
 <LI><a href="#[31]">USB_LP_IRQHandler</a> from stm32g4xx_it.o(.text.USB_LP_IRQHandler) referenced from startup_stm32g431xx.o(RESET)
 <LI><a href="#[19]">UsageFault_Handler</a> from stm32g4xx_it.o(.text.UsageFault_Handler) referenced from startup_stm32g431xx.o(RESET)
 <LI><a href="#[1e]">WWDG_IRQHandler</a> from startup_stm32g431xx.o(.text) referenced from startup_stm32g431xx.o(RESET)
 <LI><a href="#[65]">__main</a> from __main.o(!!!main) referenced from startup_stm32g431xx.o(.text)
</UL>
<P>
<H3>
Global Symbols
</H3>
<P><STRONG><a name="[65]"></a>__main</STRONG> (Thumb, 8 bytes, Stack size 0 bytes, __main.o(!!!main))
<BR><BR>[Calls]<UL><LI><a href="#[66]">&gt;&gt;</a>&nbsp;&nbsp;&nbsp;__scatterload
<LI><a href="#[67]">&gt;&gt;</a>&nbsp;&nbsp;&nbsp;__rt_entry
</UL>
<BR>[Address Reference Count : 1]<UL><LI> startup_stm32g431xx.o(.text)
</UL>
<P><STRONG><a name="[66]"></a>__scatterload</STRONG> (Thumb, 0 bytes, Stack size unknown bytes, __scatter.o(!!!scatter))
<BR><BR>[Called By]<UL><LI><a href="#[65]">&gt;&gt;</a>&nbsp;&nbsp;&nbsp;__main
</UL>

<P><STRONG><a name="[68]"></a>__scatterload_rt2</STRONG> (Thumb, 44 bytes, Stack size unknown bytes, __scatter.o(!!!scatter), UNUSED)
<BR><BR>[Calls]<UL><LI><a href="#[67]">&gt;&gt;</a>&nbsp;&nbsp;&nbsp;__rt_entry
</UL>

<P><STRONG><a name="[d5]"></a>__scatterload_rt2_thumb_only</STRONG> (Thumb, 0 bytes, Stack size unknown bytes, __scatter.o(!!!scatter), UNUSED)

<P><STRONG><a name="[d6]"></a>__scatterload_null</STRONG> (Thumb, 0 bytes, Stack size unknown bytes, __scatter.o(!!!scatter), UNUSED)

<P><STRONG><a name="[d7]"></a>__decompress</STRONG> (Thumb, 90 bytes, Stack size unknown bytes, __dczerorl2.o(!!dczerorl2), UNUSED)

<P><STRONG><a name="[d8]"></a>__decompress1</STRONG> (Thumb, 0 bytes, Stack size unknown bytes, __dczerorl2.o(!!dczerorl2), UNUSED)

<P><STRONG><a name="[d9]"></a>__scatterload_zeroinit</STRONG> (Thumb, 28 bytes, Stack size unknown bytes, __scatter_zi.o(!!handler_zi), UNUSED)

<P><STRONG><a name="[6e]"></a>__rt_lib_init</STRONG> (Thumb, 0 bytes, Stack size unknown bytes, libinit.o(.ARM.Collect$$libinit$$00000000))
<BR><BR>[Called By]<UL><LI><a href="#[6d]">&gt;&gt;</a>&nbsp;&nbsp;&nbsp;__rt_entry_li
</UL>

<P><STRONG><a name="[69]"></a>__rt_lib_init_fp_1</STRONG> (Thumb, 0 bytes, Stack size unknown bytes, libinit2.o(.ARM.Collect$$libinit$$00000001))
<BR><BR>[Calls]<UL><LI><a href="#[6a]">&gt;&gt;</a>&nbsp;&nbsp;&nbsp;_fp_init
</UL>

<P><STRONG><a name="[da]"></a>__rt_lib_init_alloca_1</STRONG> (Thumb, 0 bytes, Stack size unknown bytes, libinit2.o(.ARM.Collect$$libinit$$00000030))

<P><STRONG><a name="[db]"></a>__rt_lib_init_argv_1</STRONG> (Thumb, 0 bytes, Stack size unknown bytes, libinit2.o(.ARM.Collect$$libinit$$0000002E))

<P><STRONG><a name="[dc]"></a>__rt_lib_init_atexit_1</STRONG> (Thumb, 0 bytes, Stack size unknown bytes, libinit2.o(.ARM.Collect$$libinit$$0000001D))

<P><STRONG><a name="[dd]"></a>__rt_lib_init_clock_1</STRONG> (Thumb, 0 bytes, Stack size unknown bytes, libinit2.o(.ARM.Collect$$libinit$$00000023))

<P><STRONG><a name="[de]"></a>__rt_lib_init_cpp_1</STRONG> (Thumb, 0 bytes, Stack size unknown bytes, libinit2.o(.ARM.Collect$$libinit$$00000034))

<P><STRONG><a name="[df]"></a>__rt_lib_init_exceptions_1</STRONG> (Thumb, 0 bytes, Stack size unknown bytes, libinit2.o(.ARM.Collect$$libinit$$00000032))

<P><STRONG><a name="[e0]"></a>__rt_lib_init_fp_trap_1</STRONG> (Thumb, 0 bytes, Stack size unknown bytes, libinit2.o(.ARM.Collect$$libinit$$00000021))

<P><STRONG><a name="[e1]"></a>__rt_lib_init_getenv_1</STRONG> (Thumb, 0 bytes, Stack size unknown bytes, libinit2.o(.ARM.Collect$$libinit$$00000025))

<P><STRONG><a name="[e2]"></a>__rt_lib_init_heap_1</STRONG> (Thumb, 0 bytes, Stack size unknown bytes, libinit2.o(.ARM.Collect$$libinit$$0000000C))

<P><STRONG><a name="[e3]"></a>__rt_lib_init_lc_collate_1</STRONG> (Thumb, 0 bytes, Stack size unknown bytes, libinit2.o(.ARM.Collect$$libinit$$00000013))

<P><STRONG><a name="[e4]"></a>__rt_lib_init_lc_ctype_1</STRONG> (Thumb, 0 bytes, Stack size unknown bytes, libinit2.o(.ARM.Collect$$libinit$$00000015))

<P><STRONG><a name="[e5]"></a>__rt_lib_init_lc_monetary_1</STRONG> (Thumb, 0 bytes, Stack size unknown bytes, libinit2.o(.ARM.Collect$$libinit$$00000017))

<P><STRONG><a name="[e6]"></a>__rt_lib_init_lc_numeric_1</STRONG> (Thumb, 0 bytes, Stack size unknown bytes, libinit2.o(.ARM.Collect$$libinit$$00000019))

<P><STRONG><a name="[e7]"></a>__rt_lib_init_lc_time_1</STRONG> (Thumb, 0 bytes, Stack size unknown bytes, libinit2.o(.ARM.Collect$$libinit$$0000001B))

<P><STRONG><a name="[e8]"></a>__rt_lib_init_preinit_1</STRONG> (Thumb, 0 bytes, Stack size unknown bytes, libinit2.o(.ARM.Collect$$libinit$$00000006))

<P><STRONG><a name="[e9]"></a>__rt_lib_init_rand_1</STRONG> (Thumb, 0 bytes, Stack size unknown bytes, libinit2.o(.ARM.Collect$$libinit$$00000010))

<P><STRONG><a name="[ea]"></a>__rt_lib_init_relocate_pie_1</STRONG> (Thumb, 0 bytes, Stack size unknown bytes, libinit2.o(.ARM.Collect$$libinit$$00000004))

<P><STRONG><a name="[eb]"></a>__rt_lib_init_return</STRONG> (Thumb, 0 bytes, Stack size unknown bytes, libinit2.o(.ARM.Collect$$libinit$$00000035))

<P><STRONG><a name="[ec]"></a>__rt_lib_init_signal_1</STRONG> (Thumb, 0 bytes, Stack size unknown bytes, libinit2.o(.ARM.Collect$$libinit$$0000001F))

<P><STRONG><a name="[ed]"></a>__rt_lib_init_stdio_1</STRONG> (Thumb, 0 bytes, Stack size unknown bytes, libinit2.o(.ARM.Collect$$libinit$$00000027))

<P><STRONG><a name="[ee]"></a>__rt_lib_init_user_alloc_1</STRONG> (Thumb, 0 bytes, Stack size unknown bytes, libinit2.o(.ARM.Collect$$libinit$$0000000E))

<P><STRONG><a name="[73]"></a>__rt_lib_shutdown</STRONG> (Thumb, 0 bytes, Stack size unknown bytes, libshutdown.o(.ARM.Collect$$libshutdown$$00000000))
<BR><BR>[Called By]<UL><LI><a href="#[72]">&gt;&gt;</a>&nbsp;&nbsp;&nbsp;__rt_exit_ls
</UL>

<P><STRONG><a name="[ef]"></a>__rt_lib_shutdown_cpp_1</STRONG> (Thumb, 0 bytes, Stack size unknown bytes, libshutdown2.o(.ARM.Collect$$libshutdown$$00000002))

<P><STRONG><a name="[f0]"></a>__rt_lib_shutdown_fp_trap_1</STRONG> (Thumb, 0 bytes, Stack size unknown bytes, libshutdown2.o(.ARM.Collect$$libshutdown$$00000007))

<P><STRONG><a name="[f1]"></a>__rt_lib_shutdown_heap_1</STRONG> (Thumb, 0 bytes, Stack size unknown bytes, libshutdown2.o(.ARM.Collect$$libshutdown$$0000000F))

<P><STRONG><a name="[f2]"></a>__rt_lib_shutdown_return</STRONG> (Thumb, 0 bytes, Stack size unknown bytes, libshutdown2.o(.ARM.Collect$$libshutdown$$00000010))

<P><STRONG><a name="[f3]"></a>__rt_lib_shutdown_signal_1</STRONG> (Thumb, 0 bytes, Stack size unknown bytes, libshutdown2.o(.ARM.Collect$$libshutdown$$0000000A))

<P><STRONG><a name="[f4]"></a>__rt_lib_shutdown_stdio_1</STRONG> (Thumb, 0 bytes, Stack size unknown bytes, libshutdown2.o(.ARM.Collect$$libshutdown$$00000004))

<P><STRONG><a name="[f5]"></a>__rt_lib_shutdown_user_alloc_1</STRONG> (Thumb, 0 bytes, Stack size unknown bytes, libshutdown2.o(.ARM.Collect$$libshutdown$$0000000C))

<P><STRONG><a name="[67]"></a>__rt_entry</STRONG> (Thumb, 0 bytes, Stack size unknown bytes, __rtentry.o(.ARM.Collect$$rtentry$$00000000))
<BR><BR>[Called By]<UL><LI><a href="#[68]">&gt;&gt;</a>&nbsp;&nbsp;&nbsp;__scatterload_rt2
<LI><a href="#[65]">&gt;&gt;</a>&nbsp;&nbsp;&nbsp;__main
</UL>

<P><STRONG><a name="[f6]"></a>__rt_entry_presh_1</STRONG> (Thumb, 0 bytes, Stack size unknown bytes, __rtentry2.o(.ARM.Collect$$rtentry$$00000002))

<P><STRONG><a name="[6b]"></a>__rt_entry_sh</STRONG> (Thumb, 0 bytes, Stack size unknown bytes, __rtentry4.o(.ARM.Collect$$rtentry$$00000004))
<BR><BR>[Stack]<UL><LI>Max Depth = 8 + Unknown Stack Size
<LI>Call Chain = __rt_entry_sh &rArr; __user_setup_stackheap
</UL>
<BR>[Calls]<UL><LI><a href="#[6c]">&gt;&gt;</a>&nbsp;&nbsp;&nbsp;__user_setup_stackheap
</UL>

<P><STRONG><a name="[6d]"></a>__rt_entry_li</STRONG> (Thumb, 0 bytes, Stack size unknown bytes, __rtentry2.o(.ARM.Collect$$rtentry$$0000000A))
<BR><BR>[Calls]<UL><LI><a href="#[6e]">&gt;&gt;</a>&nbsp;&nbsp;&nbsp;__rt_lib_init
</UL>

<P><STRONG><a name="[f7]"></a>__rt_entry_postsh_1</STRONG> (Thumb, 0 bytes, Stack size unknown bytes, __rtentry2.o(.ARM.Collect$$rtentry$$00000009))

<P><STRONG><a name="[6f]"></a>__rt_entry_main</STRONG> (Thumb, 0 bytes, Stack size unknown bytes, __rtentry2.o(.ARM.Collect$$rtentry$$0000000D))
<BR><BR>[Stack]<UL><LI>Max Depth = 232 + Unknown Stack Size
<LI>Call Chain = __rt_entry_main &rArr; main &rArr; MX_USB_Device_Init &rArr; USBD_Init &rArr; USBD_LL_Init &rArr; HAL_PCD_Init &rArr; HAL_PCD_MspInit &rArr; HAL_RCCEx_PeriphCLKConfig
</UL>
<BR>[Calls]<UL><LI><a href="#[70]">&gt;&gt;</a>&nbsp;&nbsp;&nbsp;main
<LI><a href="#[71]">&gt;&gt;</a>&nbsp;&nbsp;&nbsp;exit
</UL>

<P><STRONG><a name="[f8]"></a>__rt_entry_postli_1</STRONG> (Thumb, 0 bytes, Stack size unknown bytes, __rtentry2.o(.ARM.Collect$$rtentry$$0000000C))

<P><STRONG><a name="[78]"></a>__rt_exit</STRONG> (Thumb, 0 bytes, Stack size unknown bytes, rtexit.o(.ARM.Collect$$rtexit$$00000000))
<BR><BR>[Called By]<UL><LI><a href="#[71]">&gt;&gt;</a>&nbsp;&nbsp;&nbsp;exit
</UL>

<P><STRONG><a name="[72]"></a>__rt_exit_ls</STRONG> (Thumb, 0 bytes, Stack size unknown bytes, rtexit2.o(.ARM.Collect$$rtexit$$00000003))
<BR><BR>[Calls]<UL><LI><a href="#[73]">&gt;&gt;</a>&nbsp;&nbsp;&nbsp;__rt_lib_shutdown
</UL>

<P><STRONG><a name="[f9]"></a>__rt_exit_prels_1</STRONG> (Thumb, 0 bytes, Stack size unknown bytes, rtexit2.o(.ARM.Collect$$rtexit$$00000002))

<P><STRONG><a name="[74]"></a>__rt_exit_exit</STRONG> (Thumb, 0 bytes, Stack size unknown bytes, rtexit2.o(.ARM.Collect$$rtexit$$00000004))
<BR><BR>[Calls]<UL><LI><a href="#[75]">&gt;&gt;</a>&nbsp;&nbsp;&nbsp;_sys_exit
</UL>

<P><STRONG><a name="[14]"></a>Reset_Handler</STRONG> (Thumb, 8 bytes, Stack size 0 bytes, startup_stm32g431xx.o(.text))
<BR>[Address Reference Count : 1]<UL><LI> startup_stm32g431xx.o(RESET)
</UL>
<P><STRONG><a name="[2f]"></a>ADC1_2_IRQHandler</STRONG> (Thumb, 0 bytes, Stack size 0 bytes, startup_stm32g431xx.o(.text))
<BR><BR>[Calls]<UL><LI><a href="#[2f]">&gt;&gt;</a>&nbsp;&nbsp;&nbsp;ADC1_2_IRQHandler
</UL>
<BR>[Called By]<UL><LI><a href="#[2f]">&gt;&gt;</a>&nbsp;&nbsp;&nbsp;ADC1_2_IRQHandler
</UL>
<BR>[Address Reference Count : 1]<UL><LI> startup_stm32g431xx.o(RESET)
</UL>
<P><STRONG><a name="[57]"></a>COMP1_2_3_IRQHandler</STRONG> (Thumb, 0 bytes, Stack size 0 bytes, startup_stm32g431xx.o(.text))
<BR>[Address Reference Count : 1]<UL><LI> startup_stm32g431xx.o(RESET)
</UL>
<P><STRONG><a name="[58]"></a>COMP4_IRQHandler</STRONG> (Thumb, 0 bytes, Stack size 0 bytes, startup_stm32g431xx.o(.text))
<BR>[Address Reference Count : 1]<UL><LI> startup_stm32g431xx.o(RESET)
</UL>
<P><STRONG><a name="[62]"></a>CORDIC_IRQHandler</STRONG> (Thumb, 0 bytes, Stack size 0 bytes, startup_stm32g431xx.o(.text))
<BR>[Address Reference Count : 1]<UL><LI> startup_stm32g431xx.o(RESET)
</UL>
<P><STRONG><a name="[59]"></a>CRS_IRQHandler</STRONG> (Thumb, 0 bytes, Stack size 0 bytes, startup_stm32g431xx.o(.text))
<BR>[Address Reference Count : 1]<UL><LI> startup_stm32g431xx.o(RESET)
</UL>
<P><STRONG><a name="[29]"></a>DMA1_Channel1_IRQHandler</STRONG> (Thumb, 0 bytes, Stack size 0 bytes, startup_stm32g431xx.o(.text))
<BR>[Address Reference Count : 1]<UL><LI> startup_stm32g431xx.o(RESET)
</UL>
<P><STRONG><a name="[2a]"></a>DMA1_Channel2_IRQHandler</STRONG> (Thumb, 0 bytes, Stack size 0 bytes, startup_stm32g431xx.o(.text))
<BR>[Address Reference Count : 1]<UL><LI> startup_stm32g431xx.o(RESET)
</UL>
<P><STRONG><a name="[2b]"></a>DMA1_Channel3_IRQHandler</STRONG> (Thumb, 0 bytes, Stack size 0 bytes, startup_stm32g431xx.o(.text))
<BR>[Address Reference Count : 1]<UL><LI> startup_stm32g431xx.o(RESET)
</UL>
<P><STRONG><a name="[2c]"></a>DMA1_Channel4_IRQHandler</STRONG> (Thumb, 0 bytes, Stack size 0 bytes, startup_stm32g431xx.o(.text))
<BR>[Address Reference Count : 1]<UL><LI> startup_stm32g431xx.o(RESET)
</UL>
<P><STRONG><a name="[2d]"></a>DMA1_Channel5_IRQHandler</STRONG> (Thumb, 0 bytes, Stack size 0 bytes, startup_stm32g431xx.o(.text))
<BR>[Address Reference Count : 1]<UL><LI> startup_stm32g431xx.o(RESET)
</UL>
<P><STRONG><a name="[2e]"></a>DMA1_Channel6_IRQHandler</STRONG> (Thumb, 0 bytes, Stack size 0 bytes, startup_stm32g431xx.o(.text))
<BR>[Address Reference Count : 1]<UL><LI> startup_stm32g431xx.o(RESET)
</UL>
<P><STRONG><a name="[51]"></a>DMA2_Channel1_IRQHandler</STRONG> (Thumb, 0 bytes, Stack size 0 bytes, startup_stm32g431xx.o(.text))
<BR>[Address Reference Count : 1]<UL><LI> startup_stm32g431xx.o(RESET)
</UL>
<P><STRONG><a name="[52]"></a>DMA2_Channel2_IRQHandler</STRONG> (Thumb, 0 bytes, Stack size 0 bytes, startup_stm32g431xx.o(.text))
<BR>[Address Reference Count : 1]<UL><LI> startup_stm32g431xx.o(RESET)
</UL>
<P><STRONG><a name="[53]"></a>DMA2_Channel3_IRQHandler</STRONG> (Thumb, 0 bytes, Stack size 0 bytes, startup_stm32g431xx.o(.text))
<BR>[Address Reference Count : 1]<UL><LI> startup_stm32g431xx.o(RESET)
</UL>
<P><STRONG><a name="[54]"></a>DMA2_Channel4_IRQHandler</STRONG> (Thumb, 0 bytes, Stack size 0 bytes, startup_stm32g431xx.o(.text))
<BR>[Address Reference Count : 1]<UL><LI> startup_stm32g431xx.o(RESET)
</UL>
<P><STRONG><a name="[55]"></a>DMA2_Channel5_IRQHandler</STRONG> (Thumb, 0 bytes, Stack size 0 bytes, startup_stm32g431xx.o(.text))
<BR>[Address Reference Count : 1]<UL><LI> startup_stm32g431xx.o(RESET)
</UL>
<P><STRONG><a name="[61]"></a>DMA2_Channel6_IRQHandler</STRONG> (Thumb, 0 bytes, Stack size 0 bytes, startup_stm32g431xx.o(.text))
<BR>[Address Reference Count : 1]<UL><LI> startup_stm32g431xx.o(RESET)
</UL>
<P><STRONG><a name="[60]"></a>DMAMUX_OVR_IRQHandler</STRONG> (Thumb, 0 bytes, Stack size 0 bytes, startup_stm32g431xx.o(.text))
<BR>[Address Reference Count : 1]<UL><LI> startup_stm32g431xx.o(RESET)
</UL>
<P><STRONG><a name="[24]"></a>EXTI0_IRQHandler</STRONG> (Thumb, 0 bytes, Stack size 0 bytes, startup_stm32g431xx.o(.text))
<BR>[Address Reference Count : 1]<UL><LI> startup_stm32g431xx.o(RESET)
</UL>
<P><STRONG><a name="[45]"></a>EXTI15_10_IRQHandler</STRONG> (Thumb, 0 bytes, Stack size 0 bytes, startup_stm32g431xx.o(.text))
<BR>[Address Reference Count : 1]<UL><LI> startup_stm32g431xx.o(RESET)
</UL>
<P><STRONG><a name="[25]"></a>EXTI1_IRQHandler</STRONG> (Thumb, 0 bytes, Stack size 0 bytes, startup_stm32g431xx.o(.text))
<BR>[Address Reference Count : 1]<UL><LI> startup_stm32g431xx.o(RESET)
</UL>
<P><STRONG><a name="[26]"></a>EXTI2_IRQHandler</STRONG> (Thumb, 0 bytes, Stack size 0 bytes, startup_stm32g431xx.o(.text))
<BR>[Address Reference Count : 1]<UL><LI> startup_stm32g431xx.o(RESET)
</UL>
<P><STRONG><a name="[27]"></a>EXTI3_IRQHandler</STRONG> (Thumb, 0 bytes, Stack size 0 bytes, startup_stm32g431xx.o(.text))
<BR>[Address Reference Count : 1]<UL><LI> startup_stm32g431xx.o(RESET)
</UL>
<P><STRONG><a name="[28]"></a>EXTI4_IRQHandler</STRONG> (Thumb, 0 bytes, Stack size 0 bytes, startup_stm32g431xx.o(.text))
<BR>[Address Reference Count : 1]<UL><LI> startup_stm32g431xx.o(RESET)
</UL>
<P><STRONG><a name="[34]"></a>EXTI9_5_IRQHandler</STRONG> (Thumb, 0 bytes, Stack size 0 bytes, startup_stm32g431xx.o(.text))
<BR>[Address Reference Count : 1]<UL><LI> startup_stm32g431xx.o(RESET)
</UL>
<P><STRONG><a name="[32]"></a>FDCAN1_IT0_IRQHandler</STRONG> (Thumb, 0 bytes, Stack size 0 bytes, startup_stm32g431xx.o(.text))
<BR>[Address Reference Count : 1]<UL><LI> startup_stm32g431xx.o(RESET)
</UL>
<P><STRONG><a name="[33]"></a>FDCAN1_IT1_IRQHandler</STRONG> (Thumb, 0 bytes, Stack size 0 bytes, startup_stm32g431xx.o(.text))
<BR>[Address Reference Count : 1]<UL><LI> startup_stm32g431xx.o(RESET)
</UL>
<P><STRONG><a name="[22]"></a>FLASH_IRQHandler</STRONG> (Thumb, 0 bytes, Stack size 0 bytes, startup_stm32g431xx.o(.text))
<BR>[Address Reference Count : 1]<UL><LI> startup_stm32g431xx.o(RESET)
</UL>
<P><STRONG><a name="[63]"></a>FMAC_IRQHandler</STRONG> (Thumb, 0 bytes, Stack size 0 bytes, startup_stm32g431xx.o(.text))
<BR>[Address Reference Count : 1]<UL><LI> startup_stm32g431xx.o(RESET)
</UL>
<P><STRONG><a name="[5b]"></a>FPU_IRQHandler</STRONG> (Thumb, 0 bytes, Stack size 0 bytes, startup_stm32g431xx.o(.text))
<BR>[Address Reference Count : 1]<UL><LI> startup_stm32g431xx.o(RESET)
</UL>
<P><STRONG><a name="[3d]"></a>I2C1_ER_IRQHandler</STRONG> (Thumb, 0 bytes, Stack size 0 bytes, startup_stm32g431xx.o(.text))
<BR>[Address Reference Count : 1]<UL><LI> startup_stm32g431xx.o(RESET)
</UL>
<P><STRONG><a name="[3c]"></a>I2C1_EV_IRQHandler</STRONG> (Thumb, 0 bytes, Stack size 0 bytes, startup_stm32g431xx.o(.text))
<BR>[Address Reference Count : 1]<UL><LI> startup_stm32g431xx.o(RESET)
</UL>
<P><STRONG><a name="[3f]"></a>I2C2_ER_IRQHandler</STRONG> (Thumb, 0 bytes, Stack size 0 bytes, startup_stm32g431xx.o(.text))
<BR>[Address Reference Count : 1]<UL><LI> startup_stm32g431xx.o(RESET)
</UL>
<P><STRONG><a name="[3e]"></a>I2C2_EV_IRQHandler</STRONG> (Thumb, 0 bytes, Stack size 0 bytes, startup_stm32g431xx.o(.text))
<BR>[Address Reference Count : 1]<UL><LI> startup_stm32g431xx.o(RESET)
</UL>
<P><STRONG><a name="[5f]"></a>I2C3_ER_IRQHandler</STRONG> (Thumb, 0 bytes, Stack size 0 bytes, startup_stm32g431xx.o(.text))
<BR>[Address Reference Count : 1]<UL><LI> startup_stm32g431xx.o(RESET)
</UL>
<P><STRONG><a name="[5e]"></a>I2C3_EV_IRQHandler</STRONG> (Thumb, 0 bytes, Stack size 0 bytes, startup_stm32g431xx.o(.text))
<BR>[Address Reference Count : 1]<UL><LI> startup_stm32g431xx.o(RESET)
</UL>
<P><STRONG><a name="[4c]"></a>LPTIM1_IRQHandler</STRONG> (Thumb, 0 bytes, Stack size 0 bytes, startup_stm32g431xx.o(.text))
<BR>[Address Reference Count : 1]<UL><LI> startup_stm32g431xx.o(RESET)
</UL>
<P><STRONG><a name="[5d]"></a>LPUART1_IRQHandler</STRONG> (Thumb, 0 bytes, Stack size 0 bytes, startup_stm32g431xx.o(.text))
<BR>[Address Reference Count : 1]<UL><LI> startup_stm32g431xx.o(RESET)
</UL>
<P><STRONG><a name="[1f]"></a>PVD_PVM_IRQHandler</STRONG> (Thumb, 0 bytes, Stack size 0 bytes, startup_stm32g431xx.o(.text))
<BR>[Address Reference Count : 1]<UL><LI> startup_stm32g431xx.o(RESET)
</UL>
<P><STRONG><a name="[23]"></a>RCC_IRQHandler</STRONG> (Thumb, 0 bytes, Stack size 0 bytes, startup_stm32g431xx.o(.text))
<BR>[Address Reference Count : 1]<UL><LI> startup_stm32g431xx.o(RESET)
</UL>
<P><STRONG><a name="[5c]"></a>RNG_IRQHandler</STRONG> (Thumb, 0 bytes, Stack size 0 bytes, startup_stm32g431xx.o(.text))
<BR>[Address Reference Count : 1]<UL><LI> startup_stm32g431xx.o(RESET)
</UL>
<P><STRONG><a name="[46]"></a>RTC_Alarm_IRQHandler</STRONG> (Thumb, 0 bytes, Stack size 0 bytes, startup_stm32g431xx.o(.text))
<BR>[Address Reference Count : 1]<UL><LI> startup_stm32g431xx.o(RESET)
</UL>
<P><STRONG><a name="[20]"></a>RTC_TAMP_LSECSS_IRQHandler</STRONG> (Thumb, 0 bytes, Stack size 0 bytes, startup_stm32g431xx.o(.text))
<BR>[Address Reference Count : 1]<UL><LI> startup_stm32g431xx.o(RESET)
</UL>
<P><STRONG><a name="[21]"></a>RTC_WKUP_IRQHandler</STRONG> (Thumb, 0 bytes, Stack size 0 bytes, startup_stm32g431xx.o(.text))
<BR>[Address Reference Count : 1]<UL><LI> startup_stm32g431xx.o(RESET)
</UL>
<P><STRONG><a name="[5a]"></a>SAI1_IRQHandler</STRONG> (Thumb, 0 bytes, Stack size 0 bytes, startup_stm32g431xx.o(.text))
<BR>[Address Reference Count : 1]<UL><LI> startup_stm32g431xx.o(RESET)
</UL>
<P><STRONG><a name="[40]"></a>SPI1_IRQHandler</STRONG> (Thumb, 0 bytes, Stack size 0 bytes, startup_stm32g431xx.o(.text))
<BR>[Address Reference Count : 1]<UL><LI> startup_stm32g431xx.o(RESET)
</UL>
<P><STRONG><a name="[41]"></a>SPI2_IRQHandler</STRONG> (Thumb, 0 bytes, Stack size 0 bytes, startup_stm32g431xx.o(.text))
<BR>[Address Reference Count : 1]<UL><LI> startup_stm32g431xx.o(RESET)
</UL>
<P><STRONG><a name="[4d]"></a>SPI3_IRQHandler</STRONG> (Thumb, 0 bytes, Stack size 0 bytes, startup_stm32g431xx.o(.text))
<BR>[Address Reference Count : 1]<UL><LI> startup_stm32g431xx.o(RESET)
</UL>
<P><STRONG><a name="[35]"></a>TIM1_BRK_TIM15_IRQHandler</STRONG> (Thumb, 0 bytes, Stack size 0 bytes, startup_stm32g431xx.o(.text))
<BR>[Address Reference Count : 1]<UL><LI> startup_stm32g431xx.o(RESET)
</UL>
<P><STRONG><a name="[38]"></a>TIM1_CC_IRQHandler</STRONG> (Thumb, 0 bytes, Stack size 0 bytes, startup_stm32g431xx.o(.text))
<BR>[Address Reference Count : 1]<UL><LI> startup_stm32g431xx.o(RESET)
</UL>
<P><STRONG><a name="[37]"></a>TIM1_TRG_COM_TIM17_IRQHandler</STRONG> (Thumb, 0 bytes, Stack size 0 bytes, startup_stm32g431xx.o(.text))
<BR>[Address Reference Count : 1]<UL><LI> startup_stm32g431xx.o(RESET)
</UL>
<P><STRONG><a name="[36]"></a>TIM1_UP_TIM16_IRQHandler</STRONG> (Thumb, 0 bytes, Stack size 0 bytes, startup_stm32g431xx.o(.text))
<BR>[Address Reference Count : 1]<UL><LI> startup_stm32g431xx.o(RESET)
</UL>
<P><STRONG><a name="[39]"></a>TIM2_IRQHandler</STRONG> (Thumb, 0 bytes, Stack size 0 bytes, startup_stm32g431xx.o(.text))
<BR>[Address Reference Count : 1]<UL><LI> startup_stm32g431xx.o(RESET)
</UL>
<P><STRONG><a name="[3a]"></a>TIM3_IRQHandler</STRONG> (Thumb, 0 bytes, Stack size 0 bytes, startup_stm32g431xx.o(.text))
<BR>[Address Reference Count : 1]<UL><LI> startup_stm32g431xx.o(RESET)
</UL>
<P><STRONG><a name="[3b]"></a>TIM4_IRQHandler</STRONG> (Thumb, 0 bytes, Stack size 0 bytes, startup_stm32g431xx.o(.text))
<BR>[Address Reference Count : 1]<UL><LI> startup_stm32g431xx.o(RESET)
</UL>
<P><STRONG><a name="[4f]"></a>TIM6_DAC_IRQHandler</STRONG> (Thumb, 0 bytes, Stack size 0 bytes, startup_stm32g431xx.o(.text))
<BR>[Address Reference Count : 1]<UL><LI> startup_stm32g431xx.o(RESET)
</UL>
<P><STRONG><a name="[50]"></a>TIM7_IRQHandler</STRONG> (Thumb, 0 bytes, Stack size 0 bytes, startup_stm32g431xx.o(.text))
<BR>[Address Reference Count : 1]<UL><LI> startup_stm32g431xx.o(RESET)
</UL>
<P><STRONG><a name="[48]"></a>TIM8_BRK_IRQHandler</STRONG> (Thumb, 0 bytes, Stack size 0 bytes, startup_stm32g431xx.o(.text))
<BR>[Address Reference Count : 1]<UL><LI> startup_stm32g431xx.o(RESET)
</UL>
<P><STRONG><a name="[4b]"></a>TIM8_CC_IRQHandler</STRONG> (Thumb, 0 bytes, Stack size 0 bytes, startup_stm32g431xx.o(.text))
<BR>[Address Reference Count : 1]<UL><LI> startup_stm32g431xx.o(RESET)
</UL>
<P><STRONG><a name="[4a]"></a>TIM8_TRG_COM_IRQHandler</STRONG> (Thumb, 0 bytes, Stack size 0 bytes, startup_stm32g431xx.o(.text))
<BR>[Address Reference Count : 1]<UL><LI> startup_stm32g431xx.o(RESET)
</UL>
<P><STRONG><a name="[49]"></a>TIM8_UP_IRQHandler</STRONG> (Thumb, 0 bytes, Stack size 0 bytes, startup_stm32g431xx.o(.text))
<BR>[Address Reference Count : 1]<UL><LI> startup_stm32g431xx.o(RESET)
</UL>
<P><STRONG><a name="[4e]"></a>UART4_IRQHandler</STRONG> (Thumb, 0 bytes, Stack size 0 bytes, startup_stm32g431xx.o(.text))
<BR>[Address Reference Count : 1]<UL><LI> startup_stm32g431xx.o(RESET)
</UL>
<P><STRONG><a name="[56]"></a>UCPD1_IRQHandler</STRONG> (Thumb, 0 bytes, Stack size 0 bytes, startup_stm32g431xx.o(.text))
<BR>[Address Reference Count : 1]<UL><LI> startup_stm32g431xx.o(RESET)
</UL>
<P><STRONG><a name="[42]"></a>USART1_IRQHandler</STRONG> (Thumb, 0 bytes, Stack size 0 bytes, startup_stm32g431xx.o(.text))
<BR>[Address Reference Count : 1]<UL><LI> startup_stm32g431xx.o(RESET)
</UL>
<P><STRONG><a name="[43]"></a>USART2_IRQHandler</STRONG> (Thumb, 0 bytes, Stack size 0 bytes, startup_stm32g431xx.o(.text))
<BR>[Address Reference Count : 1]<UL><LI> startup_stm32g431xx.o(RESET)
</UL>
<P><STRONG><a name="[44]"></a>USART3_IRQHandler</STRONG> (Thumb, 0 bytes, Stack size 0 bytes, startup_stm32g431xx.o(.text))
<BR>[Address Reference Count : 1]<UL><LI> startup_stm32g431xx.o(RESET)
</UL>
<P><STRONG><a name="[47]"></a>USBWakeUp_IRQHandler</STRONG> (Thumb, 0 bytes, Stack size 0 bytes, startup_stm32g431xx.o(.text))
<BR>[Address Reference Count : 1]<UL><LI> startup_stm32g431xx.o(RESET)
</UL>
<P><STRONG><a name="[30]"></a>USB_HP_IRQHandler</STRONG> (Thumb, 0 bytes, Stack size 0 bytes, startup_stm32g431xx.o(.text))
<BR>[Address Reference Count : 1]<UL><LI> startup_stm32g431xx.o(RESET)
</UL>
<P><STRONG><a name="[1e]"></a>WWDG_IRQHandler</STRONG> (Thumb, 0 bytes, Stack size 0 bytes, startup_stm32g431xx.o(.text))
<BR>[Address Reference Count : 1]<UL><LI> startup_stm32g431xx.o(RESET)
</UL>
<P><STRONG><a name="[77]"></a>__user_initial_stackheap</STRONG> (Thumb, 0 bytes, Stack size unknown bytes, startup_stm32g431xx.o(.text))
<BR><BR>[Called By]<UL><LI><a href="#[6c]">&gt;&gt;</a>&nbsp;&nbsp;&nbsp;__user_setup_stackheap
</UL>

<P><STRONG><a name="[a3]"></a>__aeabi_memclr4</STRONG> (Thumb, 0 bytes, Stack size unknown bytes, rt_memclr_w.o(.text))
<BR><BR>[Called By]<UL><LI><a href="#[9f]">&gt;&gt;</a>&nbsp;&nbsp;&nbsp;HAL_PCD_MspInit
</UL>

<P><STRONG><a name="[fa]"></a>__aeabi_memclr8</STRONG> (Thumb, 0 bytes, Stack size unknown bytes, rt_memclr_w.o(.text), UNUSED)

<P><STRONG><a name="[fb]"></a>__rt_memclr_w</STRONG> (Thumb, 0 bytes, Stack size unknown bytes, rt_memclr_w.o(.text), UNUSED)

<P><STRONG><a name="[fc]"></a>_memset_w</STRONG> (Thumb, 74 bytes, Stack size 4 bytes, rt_memclr_w.o(.text), UNUSED)

<P><STRONG><a name="[fd]"></a>__use_two_region_memory</STRONG> (Thumb, 2 bytes, Stack size 0 bytes, heapauxi.o(.text), UNUSED)

<P><STRONG><a name="[fe]"></a>__rt_heap_escrow$2region</STRONG> (Thumb, 2 bytes, Stack size 0 bytes, heapauxi.o(.text), UNUSED)

<P><STRONG><a name="[ff]"></a>__rt_heap_expand$2region</STRONG> (Thumb, 2 bytes, Stack size 0 bytes, heapauxi.o(.text), UNUSED)

<P><STRONG><a name="[6c]"></a>__user_setup_stackheap</STRONG> (Thumb, 74 bytes, Stack size 8 bytes, sys_stackheap_outer.o(.text))
<BR><BR>[Stack]<UL><LI>Max Depth = 8 + Unknown Stack Size
<LI>Call Chain = __user_setup_stackheap
</UL>
<BR>[Calls]<UL><LI><a href="#[77]">&gt;&gt;</a>&nbsp;&nbsp;&nbsp;__user_initial_stackheap
<LI><a href="#[76]">&gt;&gt;</a>&nbsp;&nbsp;&nbsp;__user_perproc_libspace
</UL>
<BR>[Called By]<UL><LI><a href="#[6b]">&gt;&gt;</a>&nbsp;&nbsp;&nbsp;__rt_entry_sh
</UL>

<P><STRONG><a name="[71]"></a>exit</STRONG> (Thumb, 18 bytes, Stack size 8 bytes, exit.o(.text))
<BR><BR>[Stack]<UL><LI>Max Depth = 8 + Unknown Stack Size
<LI>Call Chain = exit
</UL>
<BR>[Calls]<UL><LI><a href="#[78]">&gt;&gt;</a>&nbsp;&nbsp;&nbsp;__rt_exit
</UL>
<BR>[Called By]<UL><LI><a href="#[6f]">&gt;&gt;</a>&nbsp;&nbsp;&nbsp;__rt_entry_main
</UL>

<P><STRONG><a name="[100]"></a>__user_libspace</STRONG> (Thumb, 8 bytes, Stack size 0 bytes, libspace.o(.text), UNUSED)

<P><STRONG><a name="[76]"></a>__user_perproc_libspace</STRONG> (Thumb, 0 bytes, Stack size 0 bytes, libspace.o(.text))
<BR><BR>[Called By]<UL><LI><a href="#[6c]">&gt;&gt;</a>&nbsp;&nbsp;&nbsp;__user_setup_stackheap
</UL>

<P><STRONG><a name="[101]"></a>__user_perthread_libspace</STRONG> (Thumb, 0 bytes, Stack size 0 bytes, libspace.o(.text), UNUSED)

<P><STRONG><a name="[75]"></a>_sys_exit</STRONG> (Thumb, 8 bytes, Stack size 0 bytes, sys_exit.o(.text))
<BR><BR>[Called By]<UL><LI><a href="#[74]">&gt;&gt;</a>&nbsp;&nbsp;&nbsp;__rt_exit_exit
</UL>

<P><STRONG><a name="[102]"></a>__I$use$semihosting</STRONG> (Thumb, 0 bytes, Stack size 0 bytes, use_no_semi.o(.text), UNUSED)

<P><STRONG><a name="[103]"></a>__use_no_semihosting_swi</STRONG> (Thumb, 2 bytes, Stack size 0 bytes, use_no_semi.o(.text), UNUSED)

<P><STRONG><a name="[104]"></a>__semihosting_library_function</STRONG> (Thumb, 0 bytes, Stack size unknown bytes, indicate_semi.o(.text), UNUSED)

<P><STRONG><a name="[18]"></a>BusFault_Handler</STRONG> (Thumb, 2 bytes, Stack size 0 bytes, stm32g4xx_it.o(.text.BusFault_Handler))
<BR><BR>[Calls]<UL><LI><a href="#[18]">&gt;&gt;</a>&nbsp;&nbsp;&nbsp;BusFault_Handler
</UL>
<BR>[Called By]<UL><LI><a href="#[18]">&gt;&gt;</a>&nbsp;&nbsp;&nbsp;BusFault_Handler
</UL>
<BR>[Address Reference Count : 1]<UL><LI> startup_stm32g431xx.o(RESET)
</UL>
<P><STRONG><a name="[1b]"></a>DebugMon_Handler</STRONG> (Thumb, 2 bytes, Stack size 0 bytes, stm32g4xx_it.o(.text.DebugMon_Handler))
<BR>[Address Reference Count : 1]<UL><LI> startup_stm32g431xx.o(RESET)
</UL>
<P><STRONG><a name="[a5]"></a>Error_Handler</STRONG> (Thumb, 10 bytes, Stack size 0 bytes, main.o(.text.Error_Handler))
<BR><BR>[Called By]<UL><LI><a href="#[c8]">&gt;&gt;</a>&nbsp;&nbsp;&nbsp;USBD_LL_Init
<LI><a href="#[99]">&gt;&gt;</a>&nbsp;&nbsp;&nbsp;HAL_PCD_ResetCallback
<LI><a href="#[9f]">&gt;&gt;</a>&nbsp;&nbsp;&nbsp;HAL_PCD_MspInit
<LI><a href="#[b2]">&gt;&gt;</a>&nbsp;&nbsp;&nbsp;MX_USB_Device_Init
</UL>

<P><STRONG><a name="[af]"></a>HAL_GetTick</STRONG> (Thumb, 12 bytes, Stack size 0 bytes, stm32g4xx_hal.o(.text.HAL_GetTick))
<BR><BR>[Called By]<UL><LI><a href="#[a4]">&gt;&gt;</a>&nbsp;&nbsp;&nbsp;HAL_RCCEx_PeriphCLKConfig
<LI><a href="#[b0]">&gt;&gt;</a>&nbsp;&nbsp;&nbsp;HAL_RCC_ClockConfig
<LI><a href="#[b1]">&gt;&gt;</a>&nbsp;&nbsp;&nbsp;HAL_RCC_OscConfig
</UL>

<P><STRONG><a name="[b7]"></a>HAL_IncTick</STRONG> (Thumb, 26 bytes, Stack size 0 bytes, stm32g4xx_hal.o(.text.HAL_IncTick))
<BR><BR>[Called By]<UL><LI><a href="#[1d]">&gt;&gt;</a>&nbsp;&nbsp;&nbsp;SysTick_Handler
</UL>

<P><STRONG><a name="[7a]"></a>HAL_Init</STRONG> (Thumb, 30 bytes, Stack size 8 bytes, stm32g4xx_hal.o(.text.HAL_Init))
<BR><BR>[Stack]<UL><LI>Max Depth = 32<LI>Call Chain = HAL_Init &rArr; HAL_InitTick &rArr; HAL_NVIC_SetPriority
</UL>
<BR>[Calls]<UL><LI><a href="#[7c]">&gt;&gt;</a>&nbsp;&nbsp;&nbsp;HAL_InitTick
<LI><a href="#[7b]">&gt;&gt;</a>&nbsp;&nbsp;&nbsp;HAL_NVIC_SetPriorityGrouping
<LI><a href="#[7d]">&gt;&gt;</a>&nbsp;&nbsp;&nbsp;HAL_MspInit
</UL>
<BR>[Called By]<UL><LI><a href="#[70]">&gt;&gt;</a>&nbsp;&nbsp;&nbsp;main
</UL>

<P><STRONG><a name="[7c]"></a>HAL_InitTick</STRONG> (Thumb, 76 bytes, Stack size 16 bytes, stm32g4xx_hal.o(.text.HAL_InitTick))
<BR><BR>[Stack]<UL><LI>Max Depth = 24<LI>Call Chain = HAL_InitTick &rArr; HAL_NVIC_SetPriority
</UL>
<BR>[Calls]<UL><LI><a href="#[7e]">&gt;&gt;</a>&nbsp;&nbsp;&nbsp;HAL_SYSTICK_Config
<LI><a href="#[7f]">&gt;&gt;</a>&nbsp;&nbsp;&nbsp;HAL_NVIC_SetPriority
</UL>
<BR>[Called By]<UL><LI><a href="#[b0]">&gt;&gt;</a>&nbsp;&nbsp;&nbsp;HAL_RCC_ClockConfig
<LI><a href="#[b1]">&gt;&gt;</a>&nbsp;&nbsp;&nbsp;HAL_RCC_OscConfig
<LI><a href="#[7a]">&gt;&gt;</a>&nbsp;&nbsp;&nbsp;HAL_Init
</UL>

<P><STRONG><a name="[7d]"></a>HAL_MspInit</STRONG> (Thumb, 52 bytes, Stack size 8 bytes, stm32g4xx_hal_msp.o(.text.HAL_MspInit))
<BR><BR>[Stack]<UL><LI>Max Depth = 8<LI>Call Chain = HAL_MspInit
</UL>
<BR>[Calls]<UL><LI><a href="#[80]">&gt;&gt;</a>&nbsp;&nbsp;&nbsp;HAL_PWREx_DisableUCPDDeadBattery
</UL>
<BR>[Called By]<UL><LI><a href="#[7a]">&gt;&gt;</a>&nbsp;&nbsp;&nbsp;HAL_Init
</UL>

<P><STRONG><a name="[a6]"></a>HAL_NVIC_EnableIRQ</STRONG> (Thumb, 38 bytes, Stack size 0 bytes, stm32g4xx_hal_cortex.o(.text.HAL_NVIC_EnableIRQ))
<BR><BR>[Called By]<UL><LI><a href="#[9f]">&gt;&gt;</a>&nbsp;&nbsp;&nbsp;HAL_PCD_MspInit
</UL>

<P><STRONG><a name="[7f]"></a>HAL_NVIC_SetPriority</STRONG> (Thumb, 86 bytes, Stack size 8 bytes, stm32g4xx_hal_cortex.o(.text.HAL_NVIC_SetPriority))
<BR><BR>[Stack]<UL><LI>Max Depth = 8<LI>Call Chain = HAL_NVIC_SetPriority
</UL>
<BR>[Called By]<UL><LI><a href="#[7c]">&gt;&gt;</a>&nbsp;&nbsp;&nbsp;HAL_InitTick
<LI><a href="#[9f]">&gt;&gt;</a>&nbsp;&nbsp;&nbsp;HAL_PCD_MspInit
</UL>

<P><STRONG><a name="[7b]"></a>HAL_NVIC_SetPriorityGrouping</STRONG> (Thumb, 32 bytes, Stack size 0 bytes, stm32g4xx_hal_cortex.o(.text.HAL_NVIC_SetPriorityGrouping))
<BR><BR>[Called By]<UL><LI><a href="#[7a]">&gt;&gt;</a>&nbsp;&nbsp;&nbsp;HAL_Init
</UL>

<P><STRONG><a name="[a2]"></a>HAL_PCDEx_ActivateLPM</STRONG> (Thumb, 42 bytes, Stack size 0 bytes, stm32g4xx_hal_pcd_ex.o(.text.HAL_PCDEx_ActivateLPM))
<BR><BR>[Called By]<UL><LI><a href="#[9e]">&gt;&gt;</a>&nbsp;&nbsp;&nbsp;HAL_PCD_Init
</UL>

<P><STRONG><a name="[81]"></a>HAL_PCDEx_LPM_Callback</STRONG> (Thumb, 82 bytes, Stack size 8 bytes, usbd_conf.o(.text.HAL_PCDEx_LPM_Callback))
<BR><BR>[Stack]<UL><LI>Max Depth = 160<LI>Call Chain = HAL_PCDEx_LPM_Callback &rArr; SystemClock_Config &rArr; HAL_RCC_ClockConfig &rArr; HAL_InitTick &rArr; HAL_NVIC_SetPriority
</UL>
<BR>[Calls]<UL><LI><a href="#[83]">&gt;&gt;</a>&nbsp;&nbsp;&nbsp;USBD_LL_Resume
<LI><a href="#[84]">&gt;&gt;</a>&nbsp;&nbsp;&nbsp;USBD_LL_Suspend
<LI><a href="#[82]">&gt;&gt;</a>&nbsp;&nbsp;&nbsp;SystemClock_Config
</UL>
<BR>[Called By]<UL><LI><a href="#[94]">&gt;&gt;</a>&nbsp;&nbsp;&nbsp;HAL_PCD_IRQHandler
</UL>

<P><STRONG><a name="[ca]"></a>HAL_PCDEx_PMAConfig</STRONG> (Thumb, 58 bytes, Stack size 8 bytes, stm32g4xx_hal_pcd_ex.o(.text.HAL_PCDEx_PMAConfig))
<BR><BR>[Stack]<UL><LI>Max Depth = 8<LI>Call Chain = HAL_PCDEx_PMAConfig
</UL>
<BR>[Called By]<UL><LI><a href="#[c8]">&gt;&gt;</a>&nbsp;&nbsp;&nbsp;USBD_LL_Init
</UL>

<P><STRONG><a name="[85]"></a>HAL_PCD_DataInStageCallback</STRONG> (Thumb, 20 bytes, Stack size 0 bytes, usbd_conf.o(.text.HAL_PCD_DataInStageCallback))
<BR><BR>[Stack]<UL><LI>Max Depth = 84<LI>Call Chain = HAL_PCD_DataInStageCallback &rArr; USBD_LL_DataInStage &rArr; USBD_CtlReceiveStatus &rArr; USBD_LL_PrepareReceive &rArr; HAL_PCD_EP_Receive &rArr; USB_EPStartXfer
</UL>
<BR>[Calls]<UL><LI><a href="#[86]">&gt;&gt;</a>&nbsp;&nbsp;&nbsp;USBD_LL_DataInStage
</UL>
<BR>[Called By]<UL><LI><a href="#[94]">&gt;&gt;</a>&nbsp;&nbsp;&nbsp;HAL_PCD_IRQHandler
</UL>

<P><STRONG><a name="[87]"></a>HAL_PCD_DataOutStageCallback</STRONG> (Thumb, 22 bytes, Stack size 0 bytes, usbd_conf.o(.text.HAL_PCD_DataOutStageCallback))
<BR><BR>[Stack]<UL><LI>Max Depth = 76<LI>Call Chain = HAL_PCD_DataOutStageCallback &rArr; USBD_LL_DataOutStage &rArr; USBD_CtlSendStatus &rArr; USBD_LL_Transmit &rArr; HAL_PCD_EP_Transmit &rArr; USB_EPStartXfer
</UL>
<BR>[Calls]<UL><LI><a href="#[88]">&gt;&gt;</a>&nbsp;&nbsp;&nbsp;USBD_LL_DataOutStage
</UL>
<BR>[Called By]<UL><LI><a href="#[94]">&gt;&gt;</a>&nbsp;&nbsp;&nbsp;HAL_PCD_IRQHandler
</UL>

<P><STRONG><a name="[89]"></a>HAL_PCD_EP_Close</STRONG> (Thumb, 78 bytes, Stack size 8 bytes, stm32g4xx_hal_pcd.o(.text.HAL_PCD_EP_Close))
<BR><BR>[Stack]<UL><LI>Max Depth = 24<LI>Call Chain = HAL_PCD_EP_Close &rArr; USB_DeactivateEndpoint
</UL>
<BR>[Calls]<UL><LI><a href="#[8a]">&gt;&gt;</a>&nbsp;&nbsp;&nbsp;USB_DeactivateEndpoint
</UL>
<BR>[Called By]<UL><LI><a href="#[ba]">&gt;&gt;</a>&nbsp;&nbsp;&nbsp;USBD_LL_CloseEP
</UL>

<P><STRONG><a name="[8b]"></a>HAL_PCD_EP_ClrStall</STRONG> (Thumb, 98 bytes, Stack size 16 bytes, stm32g4xx_hal_pcd.o(.text.HAL_PCD_EP_ClrStall))
<BR><BR>[Stack]<UL><LI>Max Depth = 24<LI>Call Chain = HAL_PCD_EP_ClrStall &rArr; USB_EPClearStall
</UL>
<BR>[Calls]<UL><LI><a href="#[8c]">&gt;&gt;</a>&nbsp;&nbsp;&nbsp;USB_EPClearStall
</UL>
<BR>[Called By]<UL><LI><a href="#[c9]">&gt;&gt;</a>&nbsp;&nbsp;&nbsp;USBD_LL_ClearStallEP
</UL>

<P><STRONG><a name="[8d]"></a>HAL_PCD_EP_Open</STRONG> (Thumb, 100 bytes, Stack size 16 bytes, stm32g4xx_hal_pcd.o(.text.HAL_PCD_EP_Open))
<BR><BR>[Stack]<UL><LI>Max Depth = 40<LI>Call Chain = HAL_PCD_EP_Open &rArr; USB_ActivateEndpoint
</UL>
<BR>[Calls]<UL><LI><a href="#[8e]">&gt;&gt;</a>&nbsp;&nbsp;&nbsp;USB_ActivateEndpoint
</UL>
<BR>[Called By]<UL><LI><a href="#[bd]">&gt;&gt;</a>&nbsp;&nbsp;&nbsp;USBD_LL_OpenEP
</UL>

<P><STRONG><a name="[8f]"></a>HAL_PCD_EP_Receive</STRONG> (Thumb, 50 bytes, Stack size 8 bytes, stm32g4xx_hal_pcd.o(.text.HAL_PCD_EP_Receive))
<BR><BR>[Stack]<UL><LI>Max Depth = 52<LI>Call Chain = HAL_PCD_EP_Receive &rArr; USB_EPStartXfer
</UL>
<BR>[Calls]<UL><LI><a href="#[90]">&gt;&gt;</a>&nbsp;&nbsp;&nbsp;USB_EPStartXfer
</UL>
<BR>[Called By]<UL><LI><a href="#[be]">&gt;&gt;</a>&nbsp;&nbsp;&nbsp;USBD_LL_PrepareReceive
</UL>

<P><STRONG><a name="[91]"></a>HAL_PCD_EP_SetStall</STRONG> (Thumb, 100 bytes, Stack size 8 bytes, stm32g4xx_hal_pcd.o(.text.HAL_PCD_EP_SetStall))
<BR><BR>[Stack]<UL><LI>Max Depth = 8<LI>Call Chain = HAL_PCD_EP_SetStall
</UL>
<BR>[Calls]<UL><LI><a href="#[92]">&gt;&gt;</a>&nbsp;&nbsp;&nbsp;USB_EPSetStall
</UL>
<BR>[Called By]<UL><LI><a href="#[c5]">&gt;&gt;</a>&nbsp;&nbsp;&nbsp;USBD_LL_StallEP
</UL>

<P><STRONG><a name="[93]"></a>HAL_PCD_EP_Transmit</STRONG> (Thumb, 54 bytes, Stack size 8 bytes, stm32g4xx_hal_pcd.o(.text.HAL_PCD_EP_Transmit))
<BR><BR>[Stack]<UL><LI>Max Depth = 52<LI>Call Chain = HAL_PCD_EP_Transmit &rArr; USB_EPStartXfer
</UL>
<BR>[Calls]<UL><LI><a href="#[90]">&gt;&gt;</a>&nbsp;&nbsp;&nbsp;USB_EPStartXfer
</UL>
<BR>[Called By]<UL><LI><a href="#[c4]">&gt;&gt;</a>&nbsp;&nbsp;&nbsp;USBD_LL_Transmit
</UL>

<P><STRONG><a name="[94]"></a>HAL_PCD_IRQHandler</STRONG> (Thumb, 2362 bytes, Stack size 40 bytes, stm32g4xx_hal_pcd.o(.text.HAL_PCD_IRQHandler))
<BR><BR>[Stack]<UL><LI>Max Depth = 200<LI>Call Chain = HAL_PCD_IRQHandler &rArr; HAL_PCDEx_LPM_Callback &rArr; SystemClock_Config &rArr; HAL_RCC_ClockConfig &rArr; HAL_InitTick &rArr; HAL_NVIC_SetPriority
</UL>
<BR>[Calls]<UL><LI><a href="#[9a]">&gt;&gt;</a>&nbsp;&nbsp;&nbsp;USB_SetDevAddress
<LI><a href="#[98]">&gt;&gt;</a>&nbsp;&nbsp;&nbsp;USB_WritePMA
<LI><a href="#[90]">&gt;&gt;</a>&nbsp;&nbsp;&nbsp;USB_EPStartXfer
<LI><a href="#[96]">&gt;&gt;</a>&nbsp;&nbsp;&nbsp;USB_ReadPMA
<LI><a href="#[95]">&gt;&gt;</a>&nbsp;&nbsp;&nbsp;USB_ReadInterrupts
<LI><a href="#[81]">&gt;&gt;</a>&nbsp;&nbsp;&nbsp;HAL_PCDEx_LPM_Callback
<LI><a href="#[9b]">&gt;&gt;</a>&nbsp;&nbsp;&nbsp;HAL_PCD_ResumeCallback
<LI><a href="#[9c]">&gt;&gt;</a>&nbsp;&nbsp;&nbsp;HAL_PCD_SuspendCallback
<LI><a href="#[99]">&gt;&gt;</a>&nbsp;&nbsp;&nbsp;HAL_PCD_ResetCallback
<LI><a href="#[9d]">&gt;&gt;</a>&nbsp;&nbsp;&nbsp;HAL_PCD_SOFCallback
<LI><a href="#[85]">&gt;&gt;</a>&nbsp;&nbsp;&nbsp;HAL_PCD_DataInStageCallback
<LI><a href="#[87]">&gt;&gt;</a>&nbsp;&nbsp;&nbsp;HAL_PCD_DataOutStageCallback
<LI><a href="#[97]">&gt;&gt;</a>&nbsp;&nbsp;&nbsp;HAL_PCD_SetupStageCallback
</UL>
<BR>[Called By]<UL><LI><a href="#[31]">&gt;&gt;</a>&nbsp;&nbsp;&nbsp;USB_LP_IRQHandler
</UL>

<P><STRONG><a name="[9e]"></a>HAL_PCD_Init</STRONG> (Thumb, 534 bytes, Stack size 24 bytes, stm32g4xx_hal_pcd.o(.text.HAL_PCD_Init))
<BR><BR>[Stack]<UL><LI>Max Depth = 136 + Unknown Stack Size
<LI>Call Chain = HAL_PCD_Init &rArr; HAL_PCD_MspInit &rArr; HAL_RCCEx_PeriphCLKConfig
</UL>
<BR>[Calls]<UL><LI><a href="#[a2]">&gt;&gt;</a>&nbsp;&nbsp;&nbsp;HAL_PCDEx_ActivateLPM
<LI><a href="#[a1]">&gt;&gt;</a>&nbsp;&nbsp;&nbsp;USB_DevInit
<LI><a href="#[a0]">&gt;&gt;</a>&nbsp;&nbsp;&nbsp;USB_DisableGlobalInt
<LI><a href="#[9f]">&gt;&gt;</a>&nbsp;&nbsp;&nbsp;HAL_PCD_MspInit
</UL>
<BR>[Called By]<UL><LI><a href="#[c8]">&gt;&gt;</a>&nbsp;&nbsp;&nbsp;USBD_LL_Init
</UL>

<P><STRONG><a name="[9f]"></a>HAL_PCD_MspInit</STRONG> (Thumb, 102 bytes, Stack size 80 bytes, usbd_conf.o(.text.HAL_PCD_MspInit))
<BR><BR>[Stack]<UL><LI>Max Depth = 112 + Unknown Stack Size
<LI>Call Chain = HAL_PCD_MspInit &rArr; HAL_RCCEx_PeriphCLKConfig
</UL>
<BR>[Calls]<UL><LI><a href="#[a6]">&gt;&gt;</a>&nbsp;&nbsp;&nbsp;HAL_NVIC_EnableIRQ
<LI><a href="#[7f]">&gt;&gt;</a>&nbsp;&nbsp;&nbsp;HAL_NVIC_SetPriority
<LI><a href="#[a4]">&gt;&gt;</a>&nbsp;&nbsp;&nbsp;HAL_RCCEx_PeriphCLKConfig
<LI><a href="#[a5]">&gt;&gt;</a>&nbsp;&nbsp;&nbsp;Error_Handler
<LI><a href="#[a3]">&gt;&gt;</a>&nbsp;&nbsp;&nbsp;__aeabi_memclr4
</UL>
<BR>[Called By]<UL><LI><a href="#[9e]">&gt;&gt;</a>&nbsp;&nbsp;&nbsp;HAL_PCD_Init
</UL>

<P><STRONG><a name="[99]"></a>HAL_PCD_ResetCallback</STRONG> (Thumb, 36 bytes, Stack size 8 bytes, usbd_conf.o(.text.HAL_PCD_ResetCallback))
<BR><BR>[Stack]<UL><LI>Max Depth = 80<LI>Call Chain = HAL_PCD_ResetCallback &rArr; USBD_LL_Reset &rArr; USBD_LL_OpenEP &rArr; HAL_PCD_EP_Open &rArr; USB_ActivateEndpoint
</UL>
<BR>[Calls]<UL><LI><a href="#[a8]">&gt;&gt;</a>&nbsp;&nbsp;&nbsp;USBD_LL_Reset
<LI><a href="#[a7]">&gt;&gt;</a>&nbsp;&nbsp;&nbsp;USBD_LL_SetSpeed
<LI><a href="#[a5]">&gt;&gt;</a>&nbsp;&nbsp;&nbsp;Error_Handler
</UL>
<BR>[Called By]<UL><LI><a href="#[94]">&gt;&gt;</a>&nbsp;&nbsp;&nbsp;HAL_PCD_IRQHandler
</UL>

<P><STRONG><a name="[9b]"></a>HAL_PCD_ResumeCallback</STRONG> (Thumb, 40 bytes, Stack size 8 bytes, usbd_conf.o(.text.HAL_PCD_ResumeCallback))
<BR><BR>[Stack]<UL><LI>Max Depth = 160<LI>Call Chain = HAL_PCD_ResumeCallback &rArr; SystemClock_Config &rArr; HAL_RCC_ClockConfig &rArr; HAL_InitTick &rArr; HAL_NVIC_SetPriority
</UL>
<BR>[Calls]<UL><LI><a href="#[83]">&gt;&gt;</a>&nbsp;&nbsp;&nbsp;USBD_LL_Resume
<LI><a href="#[82]">&gt;&gt;</a>&nbsp;&nbsp;&nbsp;SystemClock_Config
</UL>
<BR>[Called By]<UL><LI><a href="#[94]">&gt;&gt;</a>&nbsp;&nbsp;&nbsp;HAL_PCD_IRQHandler
</UL>

<P><STRONG><a name="[9d]"></a>HAL_PCD_SOFCallback</STRONG> (Thumb, 8 bytes, Stack size 0 bytes, usbd_conf.o(.text.HAL_PCD_SOFCallback))
<BR><BR>[Stack]<UL><LI>Max Depth = 8<LI>Call Chain = HAL_PCD_SOFCallback &rArr; USBD_LL_SOF
</UL>
<BR>[Calls]<UL><LI><a href="#[a9]">&gt;&gt;</a>&nbsp;&nbsp;&nbsp;USBD_LL_SOF
</UL>
<BR>[Called By]<UL><LI><a href="#[94]">&gt;&gt;</a>&nbsp;&nbsp;&nbsp;HAL_PCD_IRQHandler
</UL>

<P><STRONG><a name="[aa]"></a>HAL_PCD_SetAddress</STRONG> (Thumb, 38 bytes, Stack size 8 bytes, stm32g4xx_hal_pcd.o(.text.HAL_PCD_SetAddress))
<BR><BR>[Stack]<UL><LI>Max Depth = 8<LI>Call Chain = HAL_PCD_SetAddress
</UL>
<BR>[Calls]<UL><LI><a href="#[9a]">&gt;&gt;</a>&nbsp;&nbsp;&nbsp;USB_SetDevAddress
</UL>
<BR>[Called By]<UL><LI><a href="#[cb]">&gt;&gt;</a>&nbsp;&nbsp;&nbsp;USBD_LL_SetUSBAddress
</UL>

<P><STRONG><a name="[97]"></a>HAL_PCD_SetupStageCallback</STRONG> (Thumb, 14 bytes, Stack size 0 bytes, usbd_conf.o(.text.HAL_PCD_SetupStageCallback))
<BR><BR>[Stack]<UL><LI>Max Depth = 108<LI>Call Chain = HAL_PCD_SetupStageCallback &rArr; USBD_LL_SetupStage &rArr; USBD_StdDevReq &rArr; USBD_CtlSendStatus &rArr; USBD_LL_Transmit &rArr; HAL_PCD_EP_Transmit &rArr; USB_EPStartXfer
</UL>
<BR>[Calls]<UL><LI><a href="#[ab]">&gt;&gt;</a>&nbsp;&nbsp;&nbsp;USBD_LL_SetupStage
</UL>
<BR>[Called By]<UL><LI><a href="#[94]">&gt;&gt;</a>&nbsp;&nbsp;&nbsp;HAL_PCD_IRQHandler
</UL>

<P><STRONG><a name="[ac]"></a>HAL_PCD_Start</STRONG> (Thumb, 42 bytes, Stack size 8 bytes, stm32g4xx_hal_pcd.o(.text.HAL_PCD_Start))
<BR><BR>[Stack]<UL><LI>Max Depth = 8<LI>Call Chain = HAL_PCD_Start
</UL>
<BR>[Calls]<UL><LI><a href="#[ad]">&gt;&gt;</a>&nbsp;&nbsp;&nbsp;USB_EnableGlobalInt
<LI><a href="#[ae]">&gt;&gt;</a>&nbsp;&nbsp;&nbsp;USB_DevConnect
</UL>
<BR>[Called By]<UL><LI><a href="#[d0]">&gt;&gt;</a>&nbsp;&nbsp;&nbsp;USBD_LL_Start
</UL>

<P><STRONG><a name="[9c]"></a>HAL_PCD_SuspendCallback</STRONG> (Thumb, 38 bytes, Stack size 8 bytes, usbd_conf.o(.text.HAL_PCD_SuspendCallback))
<BR><BR>[Stack]<UL><LI>Max Depth = 8<LI>Call Chain = HAL_PCD_SuspendCallback
</UL>
<BR>[Calls]<UL><LI><a href="#[84]">&gt;&gt;</a>&nbsp;&nbsp;&nbsp;USBD_LL_Suspend
</UL>
<BR>[Called By]<UL><LI><a href="#[94]">&gt;&gt;</a>&nbsp;&nbsp;&nbsp;HAL_PCD_IRQHandler
</UL>

<P><STRONG><a name="[b8]"></a>HAL_PWREx_ControlVoltageScaling</STRONG> (Thumb, 294 bytes, Stack size 0 bytes, stm32g4xx_hal_pwr_ex.o(.text.HAL_PWREx_ControlVoltageScaling))
<BR><BR>[Called By]<UL><LI><a href="#[82]">&gt;&gt;</a>&nbsp;&nbsp;&nbsp;SystemClock_Config
<LI><a href="#[70]">&gt;&gt;</a>&nbsp;&nbsp;&nbsp;main
</UL>

<P><STRONG><a name="[80]"></a>HAL_PWREx_DisableUCPDDeadBattery</STRONG> (Thumb, 18 bytes, Stack size 0 bytes, stm32g4xx_hal_pwr_ex.o(.text.HAL_PWREx_DisableUCPDDeadBattery))
<BR><BR>[Called By]<UL><LI><a href="#[7d]">&gt;&gt;</a>&nbsp;&nbsp;&nbsp;HAL_MspInit
</UL>

<P><STRONG><a name="[a4]"></a>HAL_RCCEx_PeriphCLKConfig</STRONG> (Thumb, 618 bytes, Stack size 32 bytes, stm32g4xx_hal_rcc_ex.o(.text.HAL_RCCEx_PeriphCLKConfig))
<BR><BR>[Stack]<UL><LI>Max Depth = 32<LI>Call Chain = HAL_RCCEx_PeriphCLKConfig
</UL>
<BR>[Calls]<UL><LI><a href="#[af]">&gt;&gt;</a>&nbsp;&nbsp;&nbsp;HAL_GetTick
</UL>
<BR>[Called By]<UL><LI><a href="#[9f]">&gt;&gt;</a>&nbsp;&nbsp;&nbsp;HAL_PCD_MspInit
</UL>

<P><STRONG><a name="[b0]"></a>HAL_RCC_ClockConfig</STRONG> (Thumb, 788 bytes, Stack size 32 bytes, stm32g4xx_hal_rcc.o(.text.HAL_RCC_ClockConfig))
<BR><BR>[Stack]<UL><LI>Max Depth = 56<LI>Call Chain = HAL_RCC_ClockConfig &rArr; HAL_InitTick &rArr; HAL_NVIC_SetPriority
</UL>
<BR>[Calls]<UL><LI><a href="#[7c]">&gt;&gt;</a>&nbsp;&nbsp;&nbsp;HAL_InitTick
<LI><a href="#[af]">&gt;&gt;</a>&nbsp;&nbsp;&nbsp;HAL_GetTick
</UL>
<BR>[Called By]<UL><LI><a href="#[82]">&gt;&gt;</a>&nbsp;&nbsp;&nbsp;SystemClock_Config
<LI><a href="#[70]">&gt;&gt;</a>&nbsp;&nbsp;&nbsp;main
</UL>

<P><STRONG><a name="[b1]"></a>HAL_RCC_OscConfig</STRONG> (Thumb, 1194 bytes, Stack size 32 bytes, stm32g4xx_hal_rcc.o(.text.HAL_RCC_OscConfig))
<BR><BR>[Stack]<UL><LI>Max Depth = 56<LI>Call Chain = HAL_RCC_OscConfig &rArr; HAL_InitTick &rArr; HAL_NVIC_SetPriority
</UL>
<BR>[Calls]<UL><LI><a href="#[7c]">&gt;&gt;</a>&nbsp;&nbsp;&nbsp;HAL_InitTick
<LI><a href="#[af]">&gt;&gt;</a>&nbsp;&nbsp;&nbsp;HAL_GetTick
</UL>
<BR>[Called By]<UL><LI><a href="#[82]">&gt;&gt;</a>&nbsp;&nbsp;&nbsp;SystemClock_Config
<LI><a href="#[70]">&gt;&gt;</a>&nbsp;&nbsp;&nbsp;main
</UL>

<P><STRONG><a name="[7e]"></a>HAL_SYSTICK_Config</STRONG> (Thumb, 44 bytes, Stack size 0 bytes, stm32g4xx_hal_cortex.o(.text.HAL_SYSTICK_Config))
<BR><BR>[Called By]<UL><LI><a href="#[7c]">&gt;&gt;</a>&nbsp;&nbsp;&nbsp;HAL_InitTick
</UL>

<P><STRONG><a name="[16]"></a>HardFault_Handler</STRONG> (Thumb, 2 bytes, Stack size 0 bytes, stm32g4xx_it.o(.text.HardFault_Handler))
<BR><BR>[Calls]<UL><LI><a href="#[16]">&gt;&gt;</a>&nbsp;&nbsp;&nbsp;HardFault_Handler
</UL>
<BR>[Called By]<UL><LI><a href="#[16]">&gt;&gt;</a>&nbsp;&nbsp;&nbsp;HardFault_Handler
</UL>
<BR>[Address Reference Count : 1]<UL><LI> startup_stm32g431xx.o(RESET)
</UL>
<P><STRONG><a name="[b2]"></a>MX_USB_Device_Init</STRONG> (Thumb, 114 bytes, Stack size 8 bytes, usb_device.o(.text.MX_USB_Device_Init))
<BR><BR>[Stack]<UL><LI>Max Depth = 152 + Unknown Stack Size
<LI>Call Chain = MX_USB_Device_Init &rArr; USBD_Init &rArr; USBD_LL_Init &rArr; HAL_PCD_Init &rArr; HAL_PCD_MspInit &rArr; HAL_RCCEx_PeriphCLKConfig
</UL>
<BR>[Calls]<UL><LI><a href="#[b6]">&gt;&gt;</a>&nbsp;&nbsp;&nbsp;USBD_Start
<LI><a href="#[b5]">&gt;&gt;</a>&nbsp;&nbsp;&nbsp;USBD_CUSTOM_HID_RegisterInterface
<LI><a href="#[b4]">&gt;&gt;</a>&nbsp;&nbsp;&nbsp;USBD_RegisterClass
<LI><a href="#[b3]">&gt;&gt;</a>&nbsp;&nbsp;&nbsp;USBD_Init
<LI><a href="#[a5]">&gt;&gt;</a>&nbsp;&nbsp;&nbsp;Error_Handler
</UL>
<BR>[Called By]<UL><LI><a href="#[70]">&gt;&gt;</a>&nbsp;&nbsp;&nbsp;main
</UL>

<P><STRONG><a name="[17]"></a>MemManage_Handler</STRONG> (Thumb, 2 bytes, Stack size 0 bytes, stm32g4xx_it.o(.text.MemManage_Handler))
<BR><BR>[Calls]<UL><LI><a href="#[17]">&gt;&gt;</a>&nbsp;&nbsp;&nbsp;MemManage_Handler
</UL>
<BR>[Called By]<UL><LI><a href="#[17]">&gt;&gt;</a>&nbsp;&nbsp;&nbsp;MemManage_Handler
</UL>
<BR>[Address Reference Count : 1]<UL><LI> startup_stm32g431xx.o(RESET)
</UL>
<P><STRONG><a name="[15]"></a>NMI_Handler</STRONG> (Thumb, 2 bytes, Stack size 0 bytes, stm32g4xx_it.o(.text.NMI_Handler))
<BR><BR>[Calls]<UL><LI><a href="#[15]">&gt;&gt;</a>&nbsp;&nbsp;&nbsp;NMI_Handler
</UL>
<BR>[Called By]<UL><LI><a href="#[15]">&gt;&gt;</a>&nbsp;&nbsp;&nbsp;NMI_Handler
</UL>
<BR>[Address Reference Count : 1]<UL><LI> startup_stm32g431xx.o(RESET)
</UL>
<P><STRONG><a name="[1c]"></a>PendSV_Handler</STRONG> (Thumb, 2 bytes, Stack size 0 bytes, stm32g4xx_it.o(.text.PendSV_Handler))
<BR>[Address Reference Count : 1]<UL><LI> startup_stm32g431xx.o(RESET)
</UL>
<P><STRONG><a name="[1a]"></a>SVC_Handler</STRONG> (Thumb, 2 bytes, Stack size 0 bytes, stm32g4xx_it.o(.text.SVC_Handler))
<BR>[Address Reference Count : 1]<UL><LI> startup_stm32g431xx.o(RESET)
</UL>
<P><STRONG><a name="[1d]"></a>SysTick_Handler</STRONG> (Thumb, 4 bytes, Stack size 0 bytes, stm32g4xx_it.o(.text.SysTick_Handler))
<BR><BR>[Calls]<UL><LI><a href="#[b7]">&gt;&gt;</a>&nbsp;&nbsp;&nbsp;HAL_IncTick
</UL>
<BR>[Address Reference Count : 1]<UL><LI> startup_stm32g431xx.o(RESET)
</UL>
<P><STRONG><a name="[82]"></a>SystemClock_Config</STRONG> (Thumb, 108 bytes, Stack size 96 bytes, main.o(.text.SystemClock_Config))
<BR><BR>[Stack]<UL><LI>Max Depth = 152<LI>Call Chain = SystemClock_Config &rArr; HAL_RCC_ClockConfig &rArr; HAL_InitTick &rArr; HAL_NVIC_SetPriority
</UL>
<BR>[Calls]<UL><LI><a href="#[b0]">&gt;&gt;</a>&nbsp;&nbsp;&nbsp;HAL_RCC_ClockConfig
<LI><a href="#[b1]">&gt;&gt;</a>&nbsp;&nbsp;&nbsp;HAL_RCC_OscConfig
<LI><a href="#[b8]">&gt;&gt;</a>&nbsp;&nbsp;&nbsp;HAL_PWREx_ControlVoltageScaling
</UL>
<BR>[Called By]<UL><LI><a href="#[81]">&gt;&gt;</a>&nbsp;&nbsp;&nbsp;HAL_PCDEx_LPM_Callback
<LI><a href="#[9b]">&gt;&gt;</a>&nbsp;&nbsp;&nbsp;HAL_PCD_ResumeCallback
</UL>

<P><STRONG><a name="[64]"></a>SystemInit</STRONG> (Thumb, 18 bytes, Stack size 0 bytes, system_stm32g4xx.o(.text.SystemInit))
<BR>[Address Reference Count : 1]<UL><LI> startup_stm32g431xx.o(.text)
</UL>
<P><STRONG><a name="[5]"></a>USBD_CUSTOM_HID_ConfigStrDescriptor</STRONG> (Thumb, 24 bytes, Stack size 8 bytes, usbd_desc.o(.text.USBD_CUSTOM_HID_ConfigStrDescriptor))
<BR><BR>[Stack]<UL><LI>Max Depth = 16<LI>Call Chain = USBD_CUSTOM_HID_ConfigStrDescriptor &rArr; USBD_GetString
</UL>
<BR>[Calls]<UL><LI><a href="#[b9]">&gt;&gt;</a>&nbsp;&nbsp;&nbsp;USBD_GetString
</UL>
<BR>[Address Reference Count : 1]<UL><LI> usbd_desc.o(.data.CUSTOM_HID_Desc)
</UL>
<P><STRONG><a name="[0]"></a>USBD_CUSTOM_HID_DeviceDescriptor</STRONG> (Thumb, 14 bytes, Stack size 0 bytes, usbd_desc.o(.text.USBD_CUSTOM_HID_DeviceDescriptor))
<BR>[Address Reference Count : 1]<UL><LI> usbd_desc.o(.data.CUSTOM_HID_Desc)
</UL>
<P><STRONG><a name="[6]"></a>USBD_CUSTOM_HID_InterfaceStrDescriptor</STRONG> (Thumb, 24 bytes, Stack size 8 bytes, usbd_desc.o(.text.USBD_CUSTOM_HID_InterfaceStrDescriptor))
<BR><BR>[Stack]<UL><LI>Max Depth = 16<LI>Call Chain = USBD_CUSTOM_HID_InterfaceStrDescriptor &rArr; USBD_GetString
</UL>
<BR>[Calls]<UL><LI><a href="#[b9]">&gt;&gt;</a>&nbsp;&nbsp;&nbsp;USBD_GetString
</UL>
<BR>[Address Reference Count : 1]<UL><LI> usbd_desc.o(.data.CUSTOM_HID_Desc)
</UL>
<P><STRONG><a name="[1]"></a>USBD_CUSTOM_HID_LangIDStrDescriptor</STRONG> (Thumb, 14 bytes, Stack size 0 bytes, usbd_desc.o(.text.USBD_CUSTOM_HID_LangIDStrDescriptor))
<BR>[Address Reference Count : 1]<UL><LI> usbd_desc.o(.data.CUSTOM_HID_Desc)
</UL>
<P><STRONG><a name="[2]"></a>USBD_CUSTOM_HID_ManufacturerStrDescriptor</STRONG> (Thumb, 24 bytes, Stack size 8 bytes, usbd_desc.o(.text.USBD_CUSTOM_HID_ManufacturerStrDescriptor))
<BR><BR>[Stack]<UL><LI>Max Depth = 16<LI>Call Chain = USBD_CUSTOM_HID_ManufacturerStrDescriptor &rArr; USBD_GetString
</UL>
<BR>[Calls]<UL><LI><a href="#[b9]">&gt;&gt;</a>&nbsp;&nbsp;&nbsp;USBD_GetString
</UL>
<BR>[Address Reference Count : 1]<UL><LI> usbd_desc.o(.data.CUSTOM_HID_Desc)
</UL>
<P><STRONG><a name="[3]"></a>USBD_CUSTOM_HID_ProductStrDescriptor</STRONG> (Thumb, 24 bytes, Stack size 8 bytes, usbd_desc.o(.text.USBD_CUSTOM_HID_ProductStrDescriptor))
<BR><BR>[Stack]<UL><LI>Max Depth = 16<LI>Call Chain = USBD_CUSTOM_HID_ProductStrDescriptor &rArr; USBD_GetString
</UL>
<BR>[Calls]<UL><LI><a href="#[b9]">&gt;&gt;</a>&nbsp;&nbsp;&nbsp;USBD_GetString
</UL>
<BR>[Address Reference Count : 1]<UL><LI> usbd_desc.o(.data.CUSTOM_HID_Desc)
</UL>
<P><STRONG><a name="[79]"></a>USBD_CUSTOM_HID_ReceivePacket</STRONG> (Thumb, 24 bytes, Stack size 8 bytes, usbd_customhid.o(.text.USBD_CUSTOM_HID_ReceivePacket))
<BR><BR>[Stack]<UL><LI>Max Depth = 68<LI>Call Chain = USBD_CUSTOM_HID_ReceivePacket &rArr; USBD_LL_PrepareReceive &rArr; HAL_PCD_EP_Receive &rArr; USB_EPStartXfer
</UL>
<BR>[Calls]<UL><LI><a href="#[be]">&gt;&gt;</a>&nbsp;&nbsp;&nbsp;USBD_LL_PrepareReceive
</UL>
<BR>[Called By]<UL><LI><a href="#[13]">&gt;&gt;</a>&nbsp;&nbsp;&nbsp;CUSTOM_HID_OutEvent_FS
</UL>

<P><STRONG><a name="[b5]"></a>USBD_CUSTOM_HID_RegisterInterface</STRONG> (Thumb, 14 bytes, Stack size 0 bytes, usbd_customhid.o(.text.USBD_CUSTOM_HID_RegisterInterface))
<BR><BR>[Called By]<UL><LI><a href="#[b2]">&gt;&gt;</a>&nbsp;&nbsp;&nbsp;MX_USB_Device_Init
</UL>

<P><STRONG><a name="[4]"></a>USBD_CUSTOM_HID_SerialStrDescriptor</STRONG> (Thumb, 364 bytes, Stack size 16 bytes, usbd_desc.o(.text.USBD_CUSTOM_HID_SerialStrDescriptor))
<BR><BR>[Stack]<UL><LI>Max Depth = 16<LI>Call Chain = USBD_CUSTOM_HID_SerialStrDescriptor
</UL>
<BR>[Address Reference Count : 1]<UL><LI> usbd_desc.o(.data.CUSTOM_HID_Desc)
</UL>
<P><STRONG><a name="[d2]"></a>USBD_ClrClassConfig</STRONG> (Thumb, 16 bytes, Stack size 8 bytes, usbd_core.o(.text.USBD_ClrClassConfig))
<BR><BR>[Stack]<UL><LI>Max Depth = 8<LI>Call Chain = USBD_ClrClassConfig
</UL>
<BR>[Called By]<UL><LI><a href="#[cd]">&gt;&gt;</a>&nbsp;&nbsp;&nbsp;USBD_StdDevReq
</UL>

<P><STRONG><a name="[c2]"></a>USBD_CtlContinueRx</STRONG> (Thumb, 16 bytes, Stack size 8 bytes, usbd_ioreq.o(.text.USBD_CtlContinueRx))
<BR><BR>[Stack]<UL><LI>Max Depth = 68<LI>Call Chain = USBD_CtlContinueRx &rArr; USBD_LL_PrepareReceive &rArr; HAL_PCD_EP_Receive &rArr; USB_EPStartXfer
</UL>
<BR>[Calls]<UL><LI><a href="#[be]">&gt;&gt;</a>&nbsp;&nbsp;&nbsp;USBD_LL_PrepareReceive
</UL>
<BR>[Called By]<UL><LI><a href="#[88]">&gt;&gt;</a>&nbsp;&nbsp;&nbsp;USBD_LL_DataOutStage
</UL>

<P><STRONG><a name="[c3]"></a>USBD_CtlContinueSendData</STRONG> (Thumb, 16 bytes, Stack size 8 bytes, usbd_ioreq.o(.text.USBD_CtlContinueSendData))
<BR><BR>[Stack]<UL><LI>Max Depth = 68<LI>Call Chain = USBD_CtlContinueSendData &rArr; USBD_LL_Transmit &rArr; HAL_PCD_EP_Transmit &rArr; USB_EPStartXfer
</UL>
<BR>[Calls]<UL><LI><a href="#[c4]">&gt;&gt;</a>&nbsp;&nbsp;&nbsp;USBD_LL_Transmit
</UL>
<BR>[Called By]<UL><LI><a href="#[86]">&gt;&gt;</a>&nbsp;&nbsp;&nbsp;USBD_LL_DataInStage
</UL>

<P><STRONG><a name="[c1]"></a>USBD_CtlError</STRONG> (Thumb, 22 bytes, Stack size 8 bytes, usbd_ctlreq.o(.text.USBD_CtlError))
<BR><BR>[Stack]<UL><LI>Max Depth = 24<LI>Call Chain = USBD_CtlError &rArr; USBD_LL_StallEP &rArr; HAL_PCD_EP_SetStall
</UL>
<BR>[Calls]<UL><LI><a href="#[c5]">&gt;&gt;</a>&nbsp;&nbsp;&nbsp;USBD_LL_StallEP
</UL>
<BR>[Called By]<UL><LI><a href="#[9]">&gt;&gt;</a>&nbsp;&nbsp;&nbsp;USBD_CUSTOM_HID_Setup
</UL>

<P><STRONG><a name="[c0]"></a>USBD_CtlPrepareRx</STRONG> (Thumb, 26 bytes, Stack size 8 bytes, usbd_ioreq.o(.text.USBD_CtlPrepareRx))
<BR><BR>[Stack]<UL><LI>Max Depth = 68<LI>Call Chain = USBD_CtlPrepareRx &rArr; USBD_LL_PrepareReceive &rArr; HAL_PCD_EP_Receive &rArr; USB_EPStartXfer
</UL>
<BR>[Calls]<UL><LI><a href="#[be]">&gt;&gt;</a>&nbsp;&nbsp;&nbsp;USBD_LL_PrepareReceive
</UL>
<BR>[Called By]<UL><LI><a href="#[9]">&gt;&gt;</a>&nbsp;&nbsp;&nbsp;USBD_CUSTOM_HID_Setup
</UL>

<P><STRONG><a name="[c6]"></a>USBD_CtlReceiveStatus</STRONG> (Thumb, 22 bytes, Stack size 8 bytes, usbd_ioreq.o(.text.USBD_CtlReceiveStatus))
<BR><BR>[Stack]<UL><LI>Max Depth = 68<LI>Call Chain = USBD_CtlReceiveStatus &rArr; USBD_LL_PrepareReceive &rArr; HAL_PCD_EP_Receive &rArr; USB_EPStartXfer
</UL>
<BR>[Calls]<UL><LI><a href="#[be]">&gt;&gt;</a>&nbsp;&nbsp;&nbsp;USBD_LL_PrepareReceive
</UL>
<BR>[Called By]<UL><LI><a href="#[86]">&gt;&gt;</a>&nbsp;&nbsp;&nbsp;USBD_LL_DataInStage
</UL>

<P><STRONG><a name="[bf]"></a>USBD_CtlSendData</STRONG> (Thumb, 26 bytes, Stack size 8 bytes, usbd_ioreq.o(.text.USBD_CtlSendData))
<BR><BR>[Stack]<UL><LI>Max Depth = 68<LI>Call Chain = USBD_CtlSendData &rArr; USBD_LL_Transmit &rArr; HAL_PCD_EP_Transmit &rArr; USB_EPStartXfer
</UL>
<BR>[Calls]<UL><LI><a href="#[c4]">&gt;&gt;</a>&nbsp;&nbsp;&nbsp;USBD_LL_Transmit
</UL>
<BR>[Called By]<UL><LI><a href="#[ce]">&gt;&gt;</a>&nbsp;&nbsp;&nbsp;USBD_StdEPReq
<LI><a href="#[cd]">&gt;&gt;</a>&nbsp;&nbsp;&nbsp;USBD_StdDevReq
<LI><a href="#[9]">&gt;&gt;</a>&nbsp;&nbsp;&nbsp;USBD_CUSTOM_HID_Setup
</UL>

<P><STRONG><a name="[c7]"></a>USBD_CtlSendStatus</STRONG> (Thumb, 22 bytes, Stack size 8 bytes, usbd_ioreq.o(.text.USBD_CtlSendStatus))
<BR><BR>[Stack]<UL><LI>Max Depth = 68<LI>Call Chain = USBD_CtlSendStatus &rArr; USBD_LL_Transmit &rArr; HAL_PCD_EP_Transmit &rArr; USB_EPStartXfer
</UL>
<BR>[Calls]<UL><LI><a href="#[c4]">&gt;&gt;</a>&nbsp;&nbsp;&nbsp;USBD_LL_Transmit
</UL>
<BR>[Called By]<UL><LI><a href="#[cf]">&gt;&gt;</a>&nbsp;&nbsp;&nbsp;USBD_StdItfReq
<LI><a href="#[ce]">&gt;&gt;</a>&nbsp;&nbsp;&nbsp;USBD_StdEPReq
<LI><a href="#[cd]">&gt;&gt;</a>&nbsp;&nbsp;&nbsp;USBD_StdDevReq
<LI><a href="#[88]">&gt;&gt;</a>&nbsp;&nbsp;&nbsp;USBD_LL_DataOutStage
</UL>

<P><STRONG><a name="[b9]"></a>USBD_GetString</STRONG> (Thumb, 218 bytes, Stack size 8 bytes, usbd_ctlreq.o(.text.USBD_GetString))
<BR><BR>[Stack]<UL><LI>Max Depth = 8<LI>Call Chain = USBD_GetString
</UL>
<BR>[Called By]<UL><LI><a href="#[6]">&gt;&gt;</a>&nbsp;&nbsp;&nbsp;USBD_CUSTOM_HID_InterfaceStrDescriptor
<LI><a href="#[5]">&gt;&gt;</a>&nbsp;&nbsp;&nbsp;USBD_CUSTOM_HID_ConfigStrDescriptor
<LI><a href="#[3]">&gt;&gt;</a>&nbsp;&nbsp;&nbsp;USBD_CUSTOM_HID_ProductStrDescriptor
<LI><a href="#[2]">&gt;&gt;</a>&nbsp;&nbsp;&nbsp;USBD_CUSTOM_HID_ManufacturerStrDescriptor
</UL>

<P><STRONG><a name="[b3]"></a>USBD_Init</STRONG> (Thumb, 42 bytes, Stack size 0 bytes, usbd_core.o(.text.USBD_Init))
<BR><BR>[Stack]<UL><LI>Max Depth = 144 + Unknown Stack Size
<LI>Call Chain = USBD_Init &rArr; USBD_LL_Init &rArr; HAL_PCD_Init &rArr; HAL_PCD_MspInit &rArr; HAL_RCCEx_PeriphCLKConfig
</UL>
<BR>[Calls]<UL><LI><a href="#[c8]">&gt;&gt;</a>&nbsp;&nbsp;&nbsp;USBD_LL_Init
</UL>
<BR>[Called By]<UL><LI><a href="#[b2]">&gt;&gt;</a>&nbsp;&nbsp;&nbsp;MX_USB_Device_Init
</UL>

<P><STRONG><a name="[c9]"></a>USBD_LL_ClearStallEP</STRONG> (Thumb, 34 bytes, Stack size 8 bytes, usbd_conf.o(.text.USBD_LL_ClearStallEP))
<BR><BR>[Stack]<UL><LI>Max Depth = 32<LI>Call Chain = USBD_LL_ClearStallEP &rArr; HAL_PCD_EP_ClrStall &rArr; USB_EPClearStall
</UL>
<BR>[Calls]<UL><LI><a href="#[8b]">&gt;&gt;</a>&nbsp;&nbsp;&nbsp;HAL_PCD_EP_ClrStall
</UL>
<BR>[Called By]<UL><LI><a href="#[ce]">&gt;&gt;</a>&nbsp;&nbsp;&nbsp;USBD_StdEPReq
</UL>

<P><STRONG><a name="[ba]"></a>USBD_LL_CloseEP</STRONG> (Thumb, 34 bytes, Stack size 8 bytes, usbd_conf.o(.text.USBD_LL_CloseEP))
<BR><BR>[Stack]<UL><LI>Max Depth = 32<LI>Call Chain = USBD_LL_CloseEP &rArr; HAL_PCD_EP_Close &rArr; USB_DeactivateEndpoint
</UL>
<BR>[Calls]<UL><LI><a href="#[89]">&gt;&gt;</a>&nbsp;&nbsp;&nbsp;HAL_PCD_EP_Close
</UL>
<BR>[Called By]<UL><LI><a href="#[8]">&gt;&gt;</a>&nbsp;&nbsp;&nbsp;USBD_CUSTOM_HID_DeInit
</UL>

<P><STRONG><a name="[86]"></a>USBD_LL_DataInStage</STRONG> (Thumb, 168 bytes, Stack size 16 bytes, usbd_core.o(.text.USBD_LL_DataInStage))
<BR><BR>[Stack]<UL><LI>Max Depth = 84<LI>Call Chain = USBD_LL_DataInStage &rArr; USBD_CtlReceiveStatus &rArr; USBD_LL_PrepareReceive &rArr; HAL_PCD_EP_Receive &rArr; USB_EPStartXfer
</UL>
<BR>[Calls]<UL><LI><a href="#[c6]">&gt;&gt;</a>&nbsp;&nbsp;&nbsp;USBD_CtlReceiveStatus
<LI><a href="#[c3]">&gt;&gt;</a>&nbsp;&nbsp;&nbsp;USBD_CtlContinueSendData
<LI><a href="#[be]">&gt;&gt;</a>&nbsp;&nbsp;&nbsp;USBD_LL_PrepareReceive
<LI><a href="#[c5]">&gt;&gt;</a>&nbsp;&nbsp;&nbsp;USBD_LL_StallEP
</UL>
<BR>[Called By]<UL><LI><a href="#[85]">&gt;&gt;</a>&nbsp;&nbsp;&nbsp;HAL_PCD_DataInStageCallback
</UL>

<P><STRONG><a name="[88]"></a>USBD_LL_DataOutStage</STRONG> (Thumb, 110 bytes, Stack size 8 bytes, usbd_core.o(.text.USBD_LL_DataOutStage))
<BR><BR>[Stack]<UL><LI>Max Depth = 76<LI>Call Chain = USBD_LL_DataOutStage &rArr; USBD_CtlSendStatus &rArr; USBD_LL_Transmit &rArr; HAL_PCD_EP_Transmit &rArr; USB_EPStartXfer
</UL>
<BR>[Calls]<UL><LI><a href="#[c7]">&gt;&gt;</a>&nbsp;&nbsp;&nbsp;USBD_CtlSendStatus
<LI><a href="#[c2]">&gt;&gt;</a>&nbsp;&nbsp;&nbsp;USBD_CtlContinueRx
</UL>
<BR>[Called By]<UL><LI><a href="#[87]">&gt;&gt;</a>&nbsp;&nbsp;&nbsp;HAL_PCD_DataOutStageCallback
</UL>

<P><STRONG><a name="[c8]"></a>USBD_LL_Init</STRONG> (Thumb, 116 bytes, Stack size 8 bytes, usbd_conf.o(.text.USBD_LL_Init))
<BR><BR>[Stack]<UL><LI>Max Depth = 144 + Unknown Stack Size
<LI>Call Chain = USBD_LL_Init &rArr; HAL_PCD_Init &rArr; HAL_PCD_MspInit &rArr; HAL_RCCEx_PeriphCLKConfig
</UL>
<BR>[Calls]<UL><LI><a href="#[ca]">&gt;&gt;</a>&nbsp;&nbsp;&nbsp;HAL_PCDEx_PMAConfig
<LI><a href="#[9e]">&gt;&gt;</a>&nbsp;&nbsp;&nbsp;HAL_PCD_Init
<LI><a href="#[a5]">&gt;&gt;</a>&nbsp;&nbsp;&nbsp;Error_Handler
</UL>
<BR>[Called By]<UL><LI><a href="#[b3]">&gt;&gt;</a>&nbsp;&nbsp;&nbsp;USBD_Init
</UL>

<P><STRONG><a name="[d3]"></a>USBD_LL_IsStallEP</STRONG> (Thumb, 34 bytes, Stack size 0 bytes, usbd_conf.o(.text.USBD_LL_IsStallEP))
<BR><BR>[Called By]<UL><LI><a href="#[ce]">&gt;&gt;</a>&nbsp;&nbsp;&nbsp;USBD_StdEPReq
</UL>

<P><STRONG><a name="[bd]"></a>USBD_LL_OpenEP</STRONG> (Thumb, 40 bytes, Stack size 8 bytes, usbd_conf.o(.text.USBD_LL_OpenEP))
<BR><BR>[Stack]<UL><LI>Max Depth = 48<LI>Call Chain = USBD_LL_OpenEP &rArr; HAL_PCD_EP_Open &rArr; USB_ActivateEndpoint
</UL>
<BR>[Calls]<UL><LI><a href="#[8d]">&gt;&gt;</a>&nbsp;&nbsp;&nbsp;HAL_PCD_EP_Open
</UL>
<BR>[Called By]<UL><LI><a href="#[a8]">&gt;&gt;</a>&nbsp;&nbsp;&nbsp;USBD_LL_Reset
<LI><a href="#[7]">&gt;&gt;</a>&nbsp;&nbsp;&nbsp;USBD_CUSTOM_HID_Init
</UL>

<P><STRONG><a name="[be]"></a>USBD_LL_PrepareReceive</STRONG> (Thumb, 34 bytes, Stack size 8 bytes, usbd_conf.o(.text.USBD_LL_PrepareReceive))
<BR><BR>[Stack]<UL><LI>Max Depth = 60<LI>Call Chain = USBD_LL_PrepareReceive &rArr; HAL_PCD_EP_Receive &rArr; USB_EPStartXfer
</UL>
<BR>[Calls]<UL><LI><a href="#[8f]">&gt;&gt;</a>&nbsp;&nbsp;&nbsp;HAL_PCD_EP_Receive
</UL>
<BR>[Called By]<UL><LI><a href="#[c6]">&gt;&gt;</a>&nbsp;&nbsp;&nbsp;USBD_CtlReceiveStatus
<LI><a href="#[c2]">&gt;&gt;</a>&nbsp;&nbsp;&nbsp;USBD_CtlContinueRx
<LI><a href="#[79]">&gt;&gt;</a>&nbsp;&nbsp;&nbsp;USBD_CUSTOM_HID_ReceivePacket
<LI><a href="#[86]">&gt;&gt;</a>&nbsp;&nbsp;&nbsp;USBD_LL_DataInStage
<LI><a href="#[7]">&gt;&gt;</a>&nbsp;&nbsp;&nbsp;USBD_CUSTOM_HID_Init
<LI><a href="#[c0]">&gt;&gt;</a>&nbsp;&nbsp;&nbsp;USBD_CtlPrepareRx
</UL>

<P><STRONG><a name="[a8]"></a>USBD_LL_Reset</STRONG> (Thumb, 104 bytes, Stack size 24 bytes, usbd_core.o(.text.USBD_LL_Reset))
<BR><BR>[Stack]<UL><LI>Max Depth = 72<LI>Call Chain = USBD_LL_Reset &rArr; USBD_LL_OpenEP &rArr; HAL_PCD_EP_Open &rArr; USB_ActivateEndpoint
</UL>
<BR>[Calls]<UL><LI><a href="#[bd]">&gt;&gt;</a>&nbsp;&nbsp;&nbsp;USBD_LL_OpenEP
</UL>
<BR>[Called By]<UL><LI><a href="#[99]">&gt;&gt;</a>&nbsp;&nbsp;&nbsp;HAL_PCD_ResetCallback
</UL>

<P><STRONG><a name="[83]"></a>USBD_LL_Resume</STRONG> (Thumb, 20 bytes, Stack size 0 bytes, usbd_core.o(.text.USBD_LL_Resume))
<BR><BR>[Called By]<UL><LI><a href="#[81]">&gt;&gt;</a>&nbsp;&nbsp;&nbsp;HAL_PCDEx_LPM_Callback
<LI><a href="#[9b]">&gt;&gt;</a>&nbsp;&nbsp;&nbsp;HAL_PCD_ResumeCallback
</UL>

<P><STRONG><a name="[a9]"></a>USBD_LL_SOF</STRONG> (Thumb, 32 bytes, Stack size 8 bytes, usbd_core.o(.text.USBD_LL_SOF))
<BR><BR>[Stack]<UL><LI>Max Depth = 8<LI>Call Chain = USBD_LL_SOF
</UL>
<BR>[Called By]<UL><LI><a href="#[9d]">&gt;&gt;</a>&nbsp;&nbsp;&nbsp;HAL_PCD_SOFCallback
</UL>

<P><STRONG><a name="[a7]"></a>USBD_LL_SetSpeed</STRONG> (Thumb, 8 bytes, Stack size 0 bytes, usbd_core.o(.text.USBD_LL_SetSpeed))
<BR><BR>[Called By]<UL><LI><a href="#[99]">&gt;&gt;</a>&nbsp;&nbsp;&nbsp;HAL_PCD_ResetCallback
</UL>

<P><STRONG><a name="[cb]"></a>USBD_LL_SetUSBAddress</STRONG> (Thumb, 34 bytes, Stack size 8 bytes, usbd_conf.o(.text.USBD_LL_SetUSBAddress))
<BR><BR>[Stack]<UL><LI>Max Depth = 16<LI>Call Chain = USBD_LL_SetUSBAddress &rArr; HAL_PCD_SetAddress
</UL>
<BR>[Calls]<UL><LI><a href="#[aa]">&gt;&gt;</a>&nbsp;&nbsp;&nbsp;HAL_PCD_SetAddress
</UL>
<BR>[Called By]<UL><LI><a href="#[cd]">&gt;&gt;</a>&nbsp;&nbsp;&nbsp;USBD_StdDevReq
</UL>

<P><STRONG><a name="[ab]"></a>USBD_LL_SetupStage</STRONG> (Thumb, 98 bytes, Stack size 16 bytes, usbd_core.o(.text.USBD_LL_SetupStage))
<BR><BR>[Stack]<UL><LI>Max Depth = 108<LI>Call Chain = USBD_LL_SetupStage &rArr; USBD_StdDevReq &rArr; USBD_CtlSendStatus &rArr; USBD_LL_Transmit &rArr; HAL_PCD_EP_Transmit &rArr; USB_EPStartXfer
</UL>
<BR>[Calls]<UL><LI><a href="#[cf]">&gt;&gt;</a>&nbsp;&nbsp;&nbsp;USBD_StdItfReq
<LI><a href="#[ce]">&gt;&gt;</a>&nbsp;&nbsp;&nbsp;USBD_StdEPReq
<LI><a href="#[cd]">&gt;&gt;</a>&nbsp;&nbsp;&nbsp;USBD_StdDevReq
<LI><a href="#[cc]">&gt;&gt;</a>&nbsp;&nbsp;&nbsp;USBD_ParseSetupRequest
<LI><a href="#[c5]">&gt;&gt;</a>&nbsp;&nbsp;&nbsp;USBD_LL_StallEP
</UL>
<BR>[Called By]<UL><LI><a href="#[97]">&gt;&gt;</a>&nbsp;&nbsp;&nbsp;HAL_PCD_SetupStageCallback
</UL>

<P><STRONG><a name="[c5]"></a>USBD_LL_StallEP</STRONG> (Thumb, 34 bytes, Stack size 8 bytes, usbd_conf.o(.text.USBD_LL_StallEP))
<BR><BR>[Stack]<UL><LI>Max Depth = 16<LI>Call Chain = USBD_LL_StallEP &rArr; HAL_PCD_EP_SetStall
</UL>
<BR>[Calls]<UL><LI><a href="#[91]">&gt;&gt;</a>&nbsp;&nbsp;&nbsp;HAL_PCD_EP_SetStall
</UL>
<BR>[Called By]<UL><LI><a href="#[cf]">&gt;&gt;</a>&nbsp;&nbsp;&nbsp;USBD_StdItfReq
<LI><a href="#[ce]">&gt;&gt;</a>&nbsp;&nbsp;&nbsp;USBD_StdEPReq
<LI><a href="#[cd]">&gt;&gt;</a>&nbsp;&nbsp;&nbsp;USBD_StdDevReq
<LI><a href="#[86]">&gt;&gt;</a>&nbsp;&nbsp;&nbsp;USBD_LL_DataInStage
<LI><a href="#[ab]">&gt;&gt;</a>&nbsp;&nbsp;&nbsp;USBD_LL_SetupStage
<LI><a href="#[c1]">&gt;&gt;</a>&nbsp;&nbsp;&nbsp;USBD_CtlError
</UL>

<P><STRONG><a name="[d0]"></a>USBD_LL_Start</STRONG> (Thumb, 34 bytes, Stack size 8 bytes, usbd_conf.o(.text.USBD_LL_Start))
<BR><BR>[Stack]<UL><LI>Max Depth = 16<LI>Call Chain = USBD_LL_Start &rArr; HAL_PCD_Start
</UL>
<BR>[Calls]<UL><LI><a href="#[ac]">&gt;&gt;</a>&nbsp;&nbsp;&nbsp;HAL_PCD_Start
</UL>
<BR>[Called By]<UL><LI><a href="#[b6]">&gt;&gt;</a>&nbsp;&nbsp;&nbsp;USBD_Start
</UL>

<P><STRONG><a name="[84]"></a>USBD_LL_Suspend</STRONG> (Thumb, 20 bytes, Stack size 0 bytes, usbd_core.o(.text.USBD_LL_Suspend))
<BR><BR>[Called By]<UL><LI><a href="#[81]">&gt;&gt;</a>&nbsp;&nbsp;&nbsp;HAL_PCDEx_LPM_Callback
<LI><a href="#[9c]">&gt;&gt;</a>&nbsp;&nbsp;&nbsp;HAL_PCD_SuspendCallback
</UL>

<P><STRONG><a name="[c4]"></a>USBD_LL_Transmit</STRONG> (Thumb, 34 bytes, Stack size 8 bytes, usbd_conf.o(.text.USBD_LL_Transmit))
<BR><BR>[Stack]<UL><LI>Max Depth = 60<LI>Call Chain = USBD_LL_Transmit &rArr; HAL_PCD_EP_Transmit &rArr; USB_EPStartXfer
</UL>
<BR>[Calls]<UL><LI><a href="#[93]">&gt;&gt;</a>&nbsp;&nbsp;&nbsp;HAL_PCD_EP_Transmit
</UL>
<BR>[Called By]<UL><LI><a href="#[c3]">&gt;&gt;</a>&nbsp;&nbsp;&nbsp;USBD_CtlContinueSendData
<LI><a href="#[c7]">&gt;&gt;</a>&nbsp;&nbsp;&nbsp;USBD_CtlSendStatus
<LI><a href="#[bf]">&gt;&gt;</a>&nbsp;&nbsp;&nbsp;USBD_CtlSendData
</UL>

<P><STRONG><a name="[cc]"></a>USBD_ParseSetupRequest</STRONG> (Thumb, 22 bytes, Stack size 0 bytes, usbd_ctlreq.o(.text.USBD_ParseSetupRequest))
<BR><BR>[Called By]<UL><LI><a href="#[ab]">&gt;&gt;</a>&nbsp;&nbsp;&nbsp;USBD_LL_SetupStage
</UL>

<P><STRONG><a name="[b4]"></a>USBD_RegisterClass</STRONG> (Thumb, 46 bytes, Stack size 16 bytes, usbd_core.o(.text.USBD_RegisterClass))
<BR><BR>[Stack]<UL><LI>Max Depth = 16<LI>Call Chain = USBD_RegisterClass
</UL>
<BR>[Called By]<UL><LI><a href="#[b2]">&gt;&gt;</a>&nbsp;&nbsp;&nbsp;MX_USB_Device_Init
</UL>

<P><STRONG><a name="[d1]"></a>USBD_SetClassConfig</STRONG> (Thumb, 16 bytes, Stack size 0 bytes, usbd_core.o(.text.USBD_SetClassConfig))
<BR><BR>[Called By]<UL><LI><a href="#[cd]">&gt;&gt;</a>&nbsp;&nbsp;&nbsp;USBD_StdDevReq
</UL>

<P><STRONG><a name="[b6]"></a>USBD_Start</STRONG> (Thumb, 4 bytes, Stack size 0 bytes, usbd_core.o(.text.USBD_Start))
<BR><BR>[Stack]<UL><LI>Max Depth = 16<LI>Call Chain = USBD_Start &rArr; USBD_LL_Start &rArr; HAL_PCD_Start
</UL>
<BR>[Calls]<UL><LI><a href="#[d0]">&gt;&gt;</a>&nbsp;&nbsp;&nbsp;USBD_LL_Start
</UL>
<BR>[Called By]<UL><LI><a href="#[b2]">&gt;&gt;</a>&nbsp;&nbsp;&nbsp;MX_USB_Device_Init
</UL>

<P><STRONG><a name="[cd]"></a>USBD_StdDevReq</STRONG> (Thumb, 884 bytes, Stack size 24 bytes, usbd_ctlreq.o(.text.USBD_StdDevReq))
<BR><BR>[Stack]<UL><LI>Max Depth = 92<LI>Call Chain = USBD_StdDevReq &rArr; USBD_CtlSendStatus &rArr; USBD_LL_Transmit &rArr; HAL_PCD_EP_Transmit &rArr; USB_EPStartXfer
</UL>
<BR>[Calls]<UL><LI><a href="#[c7]">&gt;&gt;</a>&nbsp;&nbsp;&nbsp;USBD_CtlSendStatus
<LI><a href="#[d2]">&gt;&gt;</a>&nbsp;&nbsp;&nbsp;USBD_ClrClassConfig
<LI><a href="#[d1]">&gt;&gt;</a>&nbsp;&nbsp;&nbsp;USBD_SetClassConfig
<LI><a href="#[cb]">&gt;&gt;</a>&nbsp;&nbsp;&nbsp;USBD_LL_SetUSBAddress
<LI><a href="#[c5]">&gt;&gt;</a>&nbsp;&nbsp;&nbsp;USBD_LL_StallEP
<LI><a href="#[bf]">&gt;&gt;</a>&nbsp;&nbsp;&nbsp;USBD_CtlSendData
</UL>
<BR>[Called By]<UL><LI><a href="#[ab]">&gt;&gt;</a>&nbsp;&nbsp;&nbsp;USBD_LL_SetupStage
</UL>

<P><STRONG><a name="[ce]"></a>USBD_StdEPReq</STRONG> (Thumb, 326 bytes, Stack size 16 bytes, usbd_ctlreq.o(.text.USBD_StdEPReq))
<BR><BR>[Stack]<UL><LI>Max Depth = 84<LI>Call Chain = USBD_StdEPReq &rArr; USBD_CtlSendStatus &rArr; USBD_LL_Transmit &rArr; HAL_PCD_EP_Transmit &rArr; USB_EPStartXfer
</UL>
<BR>[Calls]<UL><LI><a href="#[c7]">&gt;&gt;</a>&nbsp;&nbsp;&nbsp;USBD_CtlSendStatus
<LI><a href="#[d3]">&gt;&gt;</a>&nbsp;&nbsp;&nbsp;USBD_LL_IsStallEP
<LI><a href="#[c9]">&gt;&gt;</a>&nbsp;&nbsp;&nbsp;USBD_LL_ClearStallEP
<LI><a href="#[c5]">&gt;&gt;</a>&nbsp;&nbsp;&nbsp;USBD_LL_StallEP
<LI><a href="#[bf]">&gt;&gt;</a>&nbsp;&nbsp;&nbsp;USBD_CtlSendData
</UL>
<BR>[Called By]<UL><LI><a href="#[ab]">&gt;&gt;</a>&nbsp;&nbsp;&nbsp;USBD_LL_SetupStage
</UL>

<P><STRONG><a name="[cf]"></a>USBD_StdItfReq</STRONG> (Thumb, 122 bytes, Stack size 16 bytes, usbd_ctlreq.o(.text.USBD_StdItfReq))
<BR><BR>[Stack]<UL><LI>Max Depth = 84<LI>Call Chain = USBD_StdItfReq &rArr; USBD_CtlSendStatus &rArr; USBD_LL_Transmit &rArr; HAL_PCD_EP_Transmit &rArr; USB_EPStartXfer
</UL>
<BR>[Calls]<UL><LI><a href="#[c7]">&gt;&gt;</a>&nbsp;&nbsp;&nbsp;USBD_CtlSendStatus
<LI><a href="#[c5]">&gt;&gt;</a>&nbsp;&nbsp;&nbsp;USBD_LL_StallEP
</UL>
<BR>[Called By]<UL><LI><a href="#[ab]">&gt;&gt;</a>&nbsp;&nbsp;&nbsp;USBD_LL_SetupStage
</UL>

<P><STRONG><a name="[bb]"></a>USBD_static_free</STRONG> (Thumb, 2 bytes, Stack size 0 bytes, usbd_conf.o(.text.USBD_static_free))
<BR><BR>[Called By]<UL><LI><a href="#[8]">&gt;&gt;</a>&nbsp;&nbsp;&nbsp;USBD_CUSTOM_HID_DeInit
</UL>

<P><STRONG><a name="[bc]"></a>USBD_static_malloc</STRONG> (Thumb, 10 bytes, Stack size 0 bytes, usbd_conf.o(.text.USBD_static_malloc))
<BR><BR>[Called By]<UL><LI><a href="#[7]">&gt;&gt;</a>&nbsp;&nbsp;&nbsp;USBD_CUSTOM_HID_Init
</UL>

<P><STRONG><a name="[8e]"></a>USB_ActivateEndpoint</STRONG> (Thumb, 734 bytes, Stack size 24 bytes, stm32g4xx_ll_usb.o(.text.USB_ActivateEndpoint))
<BR><BR>[Stack]<UL><LI>Max Depth = 24<LI>Call Chain = USB_ActivateEndpoint
</UL>
<BR>[Called By]<UL><LI><a href="#[8d]">&gt;&gt;</a>&nbsp;&nbsp;&nbsp;HAL_PCD_EP_Open
</UL>

<P><STRONG><a name="[8a]"></a>USB_DeactivateEndpoint</STRONG> (Thumb, 226 bytes, Stack size 16 bytes, stm32g4xx_ll_usb.o(.text.USB_DeactivateEndpoint))
<BR><BR>[Stack]<UL><LI>Max Depth = 16<LI>Call Chain = USB_DeactivateEndpoint
</UL>
<BR>[Called By]<UL><LI><a href="#[89]">&gt;&gt;</a>&nbsp;&nbsp;&nbsp;HAL_PCD_EP_Close
</UL>

<P><STRONG><a name="[ae]"></a>USB_DevConnect</STRONG> (Thumb, 18 bytes, Stack size 0 bytes, stm32g4xx_ll_usb.o(.text.USB_DevConnect))
<BR><BR>[Called By]<UL><LI><a href="#[ac]">&gt;&gt;</a>&nbsp;&nbsp;&nbsp;HAL_PCD_Start
<LI><a href="#[70]">&gt;&gt;</a>&nbsp;&nbsp;&nbsp;main
</UL>

<P><STRONG><a name="[d4]"></a>USB_DevDisconnect</STRONG> (Thumb, 18 bytes, Stack size 0 bytes, stm32g4xx_ll_usb.o(.text.USB_DevDisconnect))
<BR><BR>[Called By]<UL><LI><a href="#[70]">&gt;&gt;</a>&nbsp;&nbsp;&nbsp;main
</UL>

<P><STRONG><a name="[a1]"></a>USB_DevInit</STRONG> (Thumb, 26 bytes, Stack size 0 bytes, stm32g4xx_ll_usb.o(.text.USB_DevInit))
<BR><BR>[Called By]<UL><LI><a href="#[9e]">&gt;&gt;</a>&nbsp;&nbsp;&nbsp;HAL_PCD_Init
</UL>

<P><STRONG><a name="[a0]"></a>USB_DisableGlobalInt</STRONG> (Thumb, 20 bytes, Stack size 0 bytes, stm32g4xx_ll_usb.o(.text.USB_DisableGlobalInt))
<BR><BR>[Called By]<UL><LI><a href="#[9e]">&gt;&gt;</a>&nbsp;&nbsp;&nbsp;HAL_PCD_Init
</UL>

<P><STRONG><a name="[8c]"></a>USB_EPClearStall</STRONG> (Thumb, 124 bytes, Stack size 8 bytes, stm32g4xx_ll_usb.o(.text.USB_EPClearStall))
<BR><BR>[Stack]<UL><LI>Max Depth = 8<LI>Call Chain = USB_EPClearStall
</UL>
<BR>[Called By]<UL><LI><a href="#[8b]">&gt;&gt;</a>&nbsp;&nbsp;&nbsp;HAL_PCD_EP_ClrStall
</UL>

<P><STRONG><a name="[92]"></a>USB_EPSetStall</STRONG> (Thumb, 50 bytes, Stack size 0 bytes, stm32g4xx_ll_usb.o(.text.USB_EPSetStall))
<BR><BR>[Called By]<UL><LI><a href="#[91]">&gt;&gt;</a>&nbsp;&nbsp;&nbsp;HAL_PCD_EP_SetStall
</UL>

<P><STRONG><a name="[90]"></a>USB_EPStartXfer</STRONG> (Thumb, 1710 bytes, Stack size 44 bytes, stm32g4xx_ll_usb.o(.text.USB_EPStartXfer))
<BR><BR>[Stack]<UL><LI>Max Depth = 44<LI>Call Chain = USB_EPStartXfer
</UL>
<BR>[Called By]<UL><LI><a href="#[8f]">&gt;&gt;</a>&nbsp;&nbsp;&nbsp;HAL_PCD_EP_Receive
<LI><a href="#[93]">&gt;&gt;</a>&nbsp;&nbsp;&nbsp;HAL_PCD_EP_Transmit
<LI><a href="#[94]">&gt;&gt;</a>&nbsp;&nbsp;&nbsp;HAL_PCD_IRQHandler
</UL>

<P><STRONG><a name="[ad]"></a>USB_EnableGlobalInt</STRONG> (Thumb, 20 bytes, Stack size 0 bytes, stm32g4xx_ll_usb.o(.text.USB_EnableGlobalInt))
<BR><BR>[Called By]<UL><LI><a href="#[ac]">&gt;&gt;</a>&nbsp;&nbsp;&nbsp;HAL_PCD_Start
</UL>

<P><STRONG><a name="[31]"></a>USB_LP_IRQHandler</STRONG> (Thumb, 12 bytes, Stack size 0 bytes, stm32g4xx_it.o(.text.USB_LP_IRQHandler))
<BR><BR>[Stack]<UL><LI>Max Depth = 200<LI>Call Chain = USB_LP_IRQHandler &rArr; HAL_PCD_IRQHandler &rArr; HAL_PCDEx_LPM_Callback &rArr; SystemClock_Config &rArr; HAL_RCC_ClockConfig &rArr; HAL_InitTick &rArr; HAL_NVIC_SetPriority
</UL>
<BR>[Calls]<UL><LI><a href="#[94]">&gt;&gt;</a>&nbsp;&nbsp;&nbsp;HAL_PCD_IRQHandler
</UL>
<BR>[Address Reference Count : 1]<UL><LI> startup_stm32g431xx.o(RESET)
</UL>
<P><STRONG><a name="[95]"></a>USB_ReadInterrupts</STRONG> (Thumb, 6 bytes, Stack size 0 bytes, stm32g4xx_ll_usb.o(.text.USB_ReadInterrupts))
<BR><BR>[Called By]<UL><LI><a href="#[94]">&gt;&gt;</a>&nbsp;&nbsp;&nbsp;HAL_PCD_IRQHandler
</UL>

<P><STRONG><a name="[96]"></a>USB_ReadPMA</STRONG> (Thumb, 156 bytes, Stack size 16 bytes, stm32g4xx_ll_usb.o(.text.USB_ReadPMA))
<BR><BR>[Stack]<UL><LI>Max Depth = 16<LI>Call Chain = USB_ReadPMA
</UL>
<BR>[Called By]<UL><LI><a href="#[94]">&gt;&gt;</a>&nbsp;&nbsp;&nbsp;HAL_PCD_IRQHandler
</UL>

<P><STRONG><a name="[9a]"></a>USB_SetDevAddress</STRONG> (Thumb, 14 bytes, Stack size 0 bytes, stm32g4xx_ll_usb.o(.text.USB_SetDevAddress))
<BR><BR>[Called By]<UL><LI><a href="#[aa]">&gt;&gt;</a>&nbsp;&nbsp;&nbsp;HAL_PCD_SetAddress
<LI><a href="#[94]">&gt;&gt;</a>&nbsp;&nbsp;&nbsp;HAL_PCD_IRQHandler
</UL>

<P><STRONG><a name="[98]"></a>USB_WritePMA</STRONG> (Thumb, 130 bytes, Stack size 16 bytes, stm32g4xx_ll_usb.o(.text.USB_WritePMA))
<BR><BR>[Stack]<UL><LI>Max Depth = 16<LI>Call Chain = USB_WritePMA
</UL>
<BR>[Called By]<UL><LI><a href="#[94]">&gt;&gt;</a>&nbsp;&nbsp;&nbsp;HAL_PCD_IRQHandler
</UL>

<P><STRONG><a name="[19]"></a>UsageFault_Handler</STRONG> (Thumb, 2 bytes, Stack size 0 bytes, stm32g4xx_it.o(.text.UsageFault_Handler))
<BR><BR>[Calls]<UL><LI><a href="#[19]">&gt;&gt;</a>&nbsp;&nbsp;&nbsp;UsageFault_Handler
</UL>
<BR>[Called By]<UL><LI><a href="#[19]">&gt;&gt;</a>&nbsp;&nbsp;&nbsp;UsageFault_Handler
</UL>
<BR>[Address Reference Count : 1]<UL><LI> startup_stm32g431xx.o(RESET)
</UL>
<P><STRONG><a name="[70]"></a>main</STRONG> (Thumb, 178 bytes, Stack size 80 bytes, main.o(.text.main))
<BR><BR>[Stack]<UL><LI>Max Depth = 232 + Unknown Stack Size
<LI>Call Chain = main &rArr; MX_USB_Device_Init &rArr; USBD_Init &rArr; USBD_LL_Init &rArr; HAL_PCD_Init &rArr; HAL_PCD_MspInit &rArr; HAL_RCCEx_PeriphCLKConfig
</UL>
<BR>[Calls]<UL><LI><a href="#[ae]">&gt;&gt;</a>&nbsp;&nbsp;&nbsp;USB_DevConnect
<LI><a href="#[d4]">&gt;&gt;</a>&nbsp;&nbsp;&nbsp;USB_DevDisconnect
<LI><a href="#[b2]">&gt;&gt;</a>&nbsp;&nbsp;&nbsp;MX_USB_Device_Init
<LI><a href="#[b0]">&gt;&gt;</a>&nbsp;&nbsp;&nbsp;HAL_RCC_ClockConfig
<LI><a href="#[b1]">&gt;&gt;</a>&nbsp;&nbsp;&nbsp;HAL_RCC_OscConfig
<LI><a href="#[b8]">&gt;&gt;</a>&nbsp;&nbsp;&nbsp;HAL_PWREx_ControlVoltageScaling
<LI><a href="#[7a]">&gt;&gt;</a>&nbsp;&nbsp;&nbsp;HAL_Init
</UL>
<BR>[Called By]<UL><LI><a href="#[6f]">&gt;&gt;</a>&nbsp;&nbsp;&nbsp;__rt_entry_main
</UL>

<P><STRONG><a name="[6a]"></a>_fp_init</STRONG> (Thumb, 26 bytes, Stack size 0 bytes, fpinit.o(x$fpl$fpinit))
<BR><BR>[Called By]<UL><LI><a href="#[69]">&gt;&gt;</a>&nbsp;&nbsp;&nbsp;__rt_lib_init_fp_1
</UL>

<P><STRONG><a name="[105]"></a>__fplib_config_fpu_vfp</STRONG> (Thumb, 0 bytes, Stack size unknown bytes, fpinit.o(x$fpl$fpinit), UNUSED)

<P><STRONG><a name="[106]"></a>__fplib_config_pureend_doubles</STRONG> (Thumb, 0 bytes, Stack size unknown bytes, fpinit.o(x$fpl$fpinit), UNUSED)
<P>
<H3>
Local Symbols
</H3>
<P><STRONG><a name="[11]"></a>CUSTOM_HID_Init_FS</STRONG> (Thumb, 4 bytes, Stack size 0 bytes, usbd_custom_hid_if.o(.text.CUSTOM_HID_Init_FS))
<BR>[Address Reference Count : 1]<UL><LI> usbd_custom_hid_if.o(.data.USBD_CustomHID_fops_FS)
</UL>
<P><STRONG><a name="[12]"></a>CUSTOM_HID_DeInit_FS</STRONG> (Thumb, 4 bytes, Stack size 0 bytes, usbd_custom_hid_if.o(.text.CUSTOM_HID_DeInit_FS))
<BR>[Address Reference Count : 1]<UL><LI> usbd_custom_hid_if.o(.data.USBD_CustomHID_fops_FS)
</UL>
<P><STRONG><a name="[13]"></a>CUSTOM_HID_OutEvent_FS</STRONG> (Thumb, 18 bytes, Stack size 8 bytes, usbd_custom_hid_if.o(.text.CUSTOM_HID_OutEvent_FS))
<BR><BR>[Stack]<UL><LI>Max Depth = 76<LI>Call Chain = CUSTOM_HID_OutEvent_FS &rArr; USBD_CUSTOM_HID_ReceivePacket &rArr; USBD_LL_PrepareReceive &rArr; HAL_PCD_EP_Receive &rArr; USB_EPStartXfer
</UL>
<BR>[Calls]<UL><LI><a href="#[79]">&gt;&gt;</a>&nbsp;&nbsp;&nbsp;USBD_CUSTOM_HID_ReceivePacket
</UL>
<BR>[Address Reference Count : 1]<UL><LI> usbd_custom_hid_if.o(.data.USBD_CustomHID_fops_FS)
</UL>
<P><STRONG><a name="[7]"></a>USBD_CUSTOM_HID_Init</STRONG> (Thumb, 106 bytes, Stack size 16 bytes, usbd_customhid.o(.text.USBD_CUSTOM_HID_Init))
<BR><BR>[Stack]<UL><LI>Max Depth = 76<LI>Call Chain = USBD_CUSTOM_HID_Init &rArr; USBD_LL_PrepareReceive &rArr; HAL_PCD_EP_Receive &rArr; USB_EPStartXfer
</UL>
<BR>[Calls]<UL><LI><a href="#[bc]">&gt;&gt;</a>&nbsp;&nbsp;&nbsp;USBD_static_malloc
<LI><a href="#[be]">&gt;&gt;</a>&nbsp;&nbsp;&nbsp;USBD_LL_PrepareReceive
<LI><a href="#[bd]">&gt;&gt;</a>&nbsp;&nbsp;&nbsp;USBD_LL_OpenEP
</UL>
<BR>[Address Reference Count : 1]<UL><LI> usbd_customhid.o(.data.USBD_CUSTOM_HID)
</UL>
<P><STRONG><a name="[8]"></a>USBD_CUSTOM_HID_DeInit</STRONG> (Thumb, 56 bytes, Stack size 16 bytes, usbd_customhid.o(.text.USBD_CUSTOM_HID_DeInit))
<BR><BR>[Stack]<UL><LI>Max Depth = 48<LI>Call Chain = USBD_CUSTOM_HID_DeInit &rArr; USBD_LL_CloseEP &rArr; HAL_PCD_EP_Close &rArr; USB_DeactivateEndpoint
</UL>
<BR>[Calls]<UL><LI><a href="#[bb]">&gt;&gt;</a>&nbsp;&nbsp;&nbsp;USBD_static_free
<LI><a href="#[ba]">&gt;&gt;</a>&nbsp;&nbsp;&nbsp;USBD_LL_CloseEP
</UL>
<BR>[Address Reference Count : 1]<UL><LI> usbd_customhid.o(.data.USBD_CUSTOM_HID)
</UL>
<P><STRONG><a name="[9]"></a>USBD_CUSTOM_HID_Setup</STRONG> (Thumb, 302 bytes, Stack size 16 bytes, usbd_customhid.o(.text.USBD_CUSTOM_HID_Setup))
<BR><BR>[Stack]<UL><LI>Max Depth = 84<LI>Call Chain = USBD_CUSTOM_HID_Setup &rArr; USBD_CtlPrepareRx &rArr; USBD_LL_PrepareReceive &rArr; HAL_PCD_EP_Receive &rArr; USB_EPStartXfer
</UL>
<BR>[Calls]<UL><LI><a href="#[c0]">&gt;&gt;</a>&nbsp;&nbsp;&nbsp;USBD_CtlPrepareRx
<LI><a href="#[c1]">&gt;&gt;</a>&nbsp;&nbsp;&nbsp;USBD_CtlError
<LI><a href="#[bf]">&gt;&gt;</a>&nbsp;&nbsp;&nbsp;USBD_CtlSendData
</UL>
<BR>[Address Reference Count : 1]<UL><LI> usbd_customhid.o(.data.USBD_CUSTOM_HID)
</UL>
<P><STRONG><a name="[a]"></a>USBD_CUSTOM_HID_EP0_RxReady</STRONG> (Thumb, 40 bytes, Stack size 16 bytes, usbd_customhid.o(.text.USBD_CUSTOM_HID_EP0_RxReady))
<BR><BR>[Stack]<UL><LI>Max Depth = 16<LI>Call Chain = USBD_CUSTOM_HID_EP0_RxReady
</UL>
<BR>[Address Reference Count : 1]<UL><LI> usbd_customhid.o(.data.USBD_CUSTOM_HID)
</UL>
<P><STRONG><a name="[b]"></a>USBD_CUSTOM_HID_DataIn</STRONG> (Thumb, 12 bytes, Stack size 0 bytes, usbd_customhid.o(.text.USBD_CUSTOM_HID_DataIn))
<BR>[Address Reference Count : 1]<UL><LI> usbd_customhid.o(.data.USBD_CUSTOM_HID)
</UL>
<P><STRONG><a name="[c]"></a>USBD_CUSTOM_HID_DataOut</STRONG> (Thumb, 28 bytes, Stack size 8 bytes, usbd_customhid.o(.text.USBD_CUSTOM_HID_DataOut))
<BR><BR>[Stack]<UL><LI>Max Depth = 8<LI>Call Chain = USBD_CUSTOM_HID_DataOut
</UL>
<BR>[Address Reference Count : 1]<UL><LI> usbd_customhid.o(.data.USBD_CUSTOM_HID)
</UL>
<P><STRONG><a name="[d]"></a>USBD_CUSTOM_HID_GetHSCfgDesc</STRONG> (Thumb, 16 bytes, Stack size 0 bytes, usbd_customhid.o(.text.USBD_CUSTOM_HID_GetHSCfgDesc))
<BR>[Address Reference Count : 1]<UL><LI> usbd_customhid.o(.data.USBD_CUSTOM_HID)
</UL>
<P><STRONG><a name="[e]"></a>USBD_CUSTOM_HID_GetFSCfgDesc</STRONG> (Thumb, 16 bytes, Stack size 0 bytes, usbd_customhid.o(.text.USBD_CUSTOM_HID_GetFSCfgDesc))
<BR>[Address Reference Count : 1]<UL><LI> usbd_customhid.o(.data.USBD_CUSTOM_HID)
</UL>
<P><STRONG><a name="[f]"></a>USBD_CUSTOM_HID_GetOtherSpeedCfgDesc</STRONG> (Thumb, 16 bytes, Stack size 0 bytes, usbd_customhid.o(.text.USBD_CUSTOM_HID_GetOtherSpeedCfgDesc))
<BR>[Address Reference Count : 1]<UL><LI> usbd_customhid.o(.data.USBD_CUSTOM_HID)
</UL>
<P><STRONG><a name="[10]"></a>USBD_CUSTOM_HID_GetDeviceQualifierDesc</STRONG> (Thumb, 16 bytes, Stack size 0 bytes, usbd_customhid.o(.text.USBD_CUSTOM_HID_GetDeviceQualifierDesc))
<BR>[Address Reference Count : 1]<UL><LI> usbd_customhid.o(.data.USBD_CUSTOM_HID)
</UL><P>
<H3>
Undefined Global Symbols
</H3><HR></body></html>
