Component: Arm Compiler for Embedded 6.19 Tool: armlink [5e73cb00]

==============================================================================

Section Cross References

    startup_stm32g431xx.o(STACK) refers (Special) to heapauxi.o(.text) for __use_two_region_memory
    startup_stm32g431xx.o(HEAP) refers (Special) to heapauxi.o(.text) for __use_two_region_memory
    startup_stm32g431xx.o(RESET) refers (Special) to heapauxi.o(.text) for __use_two_region_memory
    startup_stm32g431xx.o(RESET) refers to startup_stm32g431xx.o(STACK) for __initial_sp
    startup_stm32g431xx.o(RESET) refers to startup_stm32g431xx.o(.text) for Reset_Handler
    startup_stm32g431xx.o(RESET) refers to stm32g4xx_it.o(.text.NMI_Handler) for NMI_Handler
    startup_stm32g431xx.o(RESET) refers to stm32g4xx_it.o(.text.HardFault_Handler) for HardFault_Handler
    startup_stm32g431xx.o(RESET) refers to stm32g4xx_it.o(.text.MemManage_Handler) for MemManage_Handler
    startup_stm32g431xx.o(RESET) refers to stm32g4xx_it.o(.text.BusFault_Handler) for BusFault_Handler
    startup_stm32g431xx.o(RESET) refers to stm32g4xx_it.o(.text.UsageFault_Handler) for UsageFault_Handler
    startup_stm32g431xx.o(RESET) refers to stm32g4xx_it.o(.text.SVC_Handler) for SVC_Handler
    startup_stm32g431xx.o(RESET) refers to stm32g4xx_it.o(.text.DebugMon_Handler) for DebugMon_Handler
    startup_stm32g431xx.o(RESET) refers to stm32g4xx_it.o(.text.PendSV_Handler) for PendSV_Handler
    startup_stm32g431xx.o(RESET) refers to stm32g4xx_it.o(.text.SysTick_Handler) for SysTick_Handler
    startup_stm32g431xx.o(RESET) refers to stm32g4xx_it.o(.text.USB_LP_IRQHandler) for USB_LP_IRQHandler
    startup_stm32g431xx.o(.text) refers (Special) to heapauxi.o(.text) for __use_two_region_memory
    startup_stm32g431xx.o(.text) refers to system_stm32g4xx.o(.text.SystemInit) for SystemInit
    startup_stm32g431xx.o(.text) refers to __main.o(!!!main) for __main
    startup_stm32g431xx.o(.text) refers to startup_stm32g431xx.o(HEAP) for Heap_Mem
    startup_stm32g431xx.o(.text) refers to startup_stm32g431xx.o(STACK) for Stack_Mem
    main.o(.text.main) refers to stm32g4xx_hal.o(.text.HAL_Init) for HAL_Init
    main.o(.text.main) refers to stm32g4xx_hal_pwr_ex.o(.text.HAL_PWREx_ControlVoltageScaling) for HAL_PWREx_ControlVoltageScaling
    main.o(.text.main) refers to stm32g4xx_hal_rcc.o(.text.HAL_RCC_OscConfig) for HAL_RCC_OscConfig
    main.o(.text.main) refers to stm32g4xx_hal_rcc.o(.text.HAL_RCC_ClockConfig) for HAL_RCC_ClockConfig
    main.o(.text.main) refers to usb_device.o(.text.MX_USB_Device_Init) for MX_USB_Device_Init
    main.o(.text.main) refers to stm32g4xx_ll_usb.o(.text.USB_DevDisconnect) for USB_DevDisconnect
    main.o(.text.main) refers to stm32g4xx_ll_usb.o(.text.USB_DevConnect) for USB_DevConnect
    main.o(.ARM.exidx.text.main) refers to main.o(.text.main) for [Anonymous Symbol]
    main.o(.text.SystemClock_Config) refers to stm32g4xx_hal_pwr_ex.o(.text.HAL_PWREx_ControlVoltageScaling) for HAL_PWREx_ControlVoltageScaling
    main.o(.text.SystemClock_Config) refers to stm32g4xx_hal_rcc.o(.text.HAL_RCC_OscConfig) for HAL_RCC_OscConfig
    main.o(.text.SystemClock_Config) refers to stm32g4xx_hal_rcc.o(.text.HAL_RCC_ClockConfig) for HAL_RCC_ClockConfig
    main.o(.ARM.exidx.text.SystemClock_Config) refers to main.o(.text.SystemClock_Config) for [Anonymous Symbol]
    main.o(.ARM.exidx.text.Error_Handler) refers to main.o(.text.Error_Handler) for [Anonymous Symbol]
    stm32g4xx_it.o(.ARM.exidx.text.NMI_Handler) refers to stm32g4xx_it.o(.text.NMI_Handler) for [Anonymous Symbol]
    stm32g4xx_it.o(.ARM.exidx.text.HardFault_Handler) refers to stm32g4xx_it.o(.text.HardFault_Handler) for [Anonymous Symbol]
    stm32g4xx_it.o(.ARM.exidx.text.MemManage_Handler) refers to stm32g4xx_it.o(.text.MemManage_Handler) for [Anonymous Symbol]
    stm32g4xx_it.o(.ARM.exidx.text.BusFault_Handler) refers to stm32g4xx_it.o(.text.BusFault_Handler) for [Anonymous Symbol]
    stm32g4xx_it.o(.ARM.exidx.text.UsageFault_Handler) refers to stm32g4xx_it.o(.text.UsageFault_Handler) for [Anonymous Symbol]
    stm32g4xx_it.o(.ARM.exidx.text.SVC_Handler) refers to stm32g4xx_it.o(.text.SVC_Handler) for [Anonymous Symbol]
    stm32g4xx_it.o(.ARM.exidx.text.DebugMon_Handler) refers to stm32g4xx_it.o(.text.DebugMon_Handler) for [Anonymous Symbol]
    stm32g4xx_it.o(.ARM.exidx.text.PendSV_Handler) refers to stm32g4xx_it.o(.text.PendSV_Handler) for [Anonymous Symbol]
    stm32g4xx_it.o(.text.SysTick_Handler) refers to stm32g4xx_hal.o(.text.HAL_IncTick) for HAL_IncTick
    stm32g4xx_it.o(.ARM.exidx.text.SysTick_Handler) refers to stm32g4xx_it.o(.text.SysTick_Handler) for [Anonymous Symbol]
    stm32g4xx_it.o(.text.USB_LP_IRQHandler) refers to usbd_conf.o(.bss.hpcd_USB_FS) for hpcd_USB_FS
    stm32g4xx_it.o(.text.USB_LP_IRQHandler) refers to stm32g4xx_hal_pcd.o(.text.HAL_PCD_IRQHandler) for HAL_PCD_IRQHandler
[...]
    .ARM.Collect$$libinit$$0000000E          0x08000292   Section        0  libinit2.o(.ARM.Collect$$libinit$$0000000E)
    .ARM.Collect$$libinit$$00000010          0x08000292   Section        0  libinit2.o(.ARM.Collect$$libinit$$00000010)
    .ARM.Collect$$libinit$$00000013          0x08000292   Section        0  libinit2.o(.ARM.Collect$$libinit$$00000013)
    .ARM.Collect$$libinit$$00000015          0x08000292   Section        0  libinit2.o(.ARM.Collect$$libinit$$00000015)
    .ARM.Collect$$libinit$$00000017          0x08000292   Section        0  libinit2.o(.ARM.Collect$$libinit$$00000017)
    .ARM.Collect$$libinit$$00000019          0x08000292   Section        0  libinit2.o(.ARM.Collect$$libinit$$00000019)
    .ARM.Collect$$libinit$$0000001B          0x08000292   Section        0  libinit2.o(.ARM.Collect$$libinit$$0000001B)
    .ARM.Collect$$libinit$$0000001D          0x08000292   Section        0  libinit2.o(.ARM.Collect$$libinit$$0000001D)
    .ARM.Collect$$libinit$$0000001F          0x08000292   Section        0  libinit2.o(.ARM.Collect$$libinit$$0000001F)
    .ARM.Collect$$libinit$$00000021          0x08000292   Section        0  libinit2.o(.ARM.Collect$$libinit$$00000021)
    .ARM.Collect$$libinit$$00000023          0x08000292   Section        0  libinit2.o(.ARM.Collect$$libinit$$00000023)
    .ARM.Collect$$libinit$$00000025          0x08000292   Section        0  libinit2.o(.ARM.Collect$$libinit$$00000025)
    .ARM.Collect$$libinit$$00000027          0x08000292   Section        0  libinit2.o(.ARM.Collect$$libinit$$00000027)
    .ARM.Collect$$libinit$$0000002E          0x08000292   Section        0  libinit2.o(.ARM.Collect$$libinit$$0000002E)
    .ARM.Collect$$libinit$$00000030          0x08000292   Section        0  libinit2.o(.ARM.Collect$$libinit$$00000030)
    .ARM.Collect$$libinit$$00000032          0x08000292   Section        0  libinit2.o(.ARM.Collect$$libinit$$00000032)
    .ARM.Collect$$libinit$$00000034          0x08000292   Section        0  libinit2.o(.ARM.Collect$$libinit$$00000034)
    .ARM.Collect$$libinit$$00000035          0x08000292   Section        2  libinit2.o(.ARM.Collect$$libinit$$00000035)
    .ARM.Collect$$libshutdown$$00000000      0x08000294   Section        2  libshutdown.o(.ARM.Collect$$libshutdown$$00000000)
    .ARM.Collect$$libshutdown$$00000002      0x08000296   Section        0  libshutdown2.o(.ARM.Collect$$libshutdown$$00000002)
    .ARM.Collect$$libshutdown$$00000004      0x08000296   Section        0  libshutdown2.o(.ARM.Collect$$libshutdown$$00000004)
    .ARM.Collect$$libshutdown$$00000007      0x08000296   Section        0  libshutdown2.o(.ARM.Collect$$libshutdown$$00000007)
    .ARM.Collect$$libshutdown$$0000000A      0x08000296   Section        0  libshutdown2.o(.ARM.Collect$$libshutdown$$0000000A)
    .ARM.Collect$$libshutdown$$0000000C      0x08000296   Section        0  libshutdown2.o(.ARM.Collect$$libshutdown$$0000000C)
    .ARM.Collect$$libshutdown$$0000000F      0x08000296   Section        0  libshutdown2.o(.ARM.Collect$$libshutdown$$0000000F)
    .ARM.Collect$$libshutdown$$00000010      0x08000296   Section        2  libshutdown2.o(.ARM.Collect$$libshutdown$$00000010)
    .ARM.Collect$$rtentry$$00000000          0x08000298   Section        0  __rtentry.o(.ARM.Collect$$rtentry$$00000000)
    .ARM.Collect$$rtentry$$00000002          0x08000298   Section        0  __rtentry2.o(.ARM.Collect$$rtentry$$00000002)
    .ARM.Collect$$rtentry$$00000004          0x08000298   Section        6  __rtentry4.o(.ARM.Collect$$rtentry$$00000004)
    .ARM.Collect$$rtentry$$00000009          0x0800029e   Section        0  __rtentry2.o(.ARM.Collect$$rtentry$$00000009)
    .ARM.Collect$$rtentry$$0000000A          0x0800029e   Section        4  __rtentry2.o(.ARM.Collect$$rtentry$$0000000A)
    .ARM.Collect$$rtentry$$0000000C          0x080002a2   Section        0  __rtentry2.o(.ARM.Collect$$rtentry$$0000000C)
    .ARM.Collect$$rtentry$$0000000D          0x080002a2   Section        8  __rtentry2.o(.ARM.Collect$$rtentry$$0000000D)
    .ARM.Collect$$rtexit$$00000000           0x080002aa   Section        2  rtexit.o(.ARM.Collect$$rtexit$$00000000)
    .ARM.Collect$$rtexit$$00000002           0x080002ac   Section        0  rtexit2.o(.ARM.Collect$$rtexit$$00000002)
    .ARM.Collect$$rtexit$$00000003           0x080002ac   Section        4  rtexit2.o(.ARM.Collect$$rtexit$$00000003)
    .ARM.Collect$$rtexit$$00000004           0x080002b0   Section        6  rtexit2.o(.ARM.Collect$$rtexit$$00000004)
    $v0                                      0x080002b8   Number         0  startup_stm32g431xx.o(.text)
    .text                                    0x080002b8   Section       64  startup_stm32g431xx.o(.text)
    .text                                    0x080002f8   Section       78  rt_memclr_w.o(.text)
    .text                                    0x08000346   Section        0  heapauxi.o(.text)
    .text                                    0x0800034c   Section       74  sys_stackheap_outer.o(.text)
    .text                                    0x08000396   Section        0  exit.o(.text)
    .text                                    0x080003a8   Section        8  libspace.o(.text)
    .text                                    0x080003b0   Section        0  sys_exit.o(.text)
    .text                                    0x080003bc   Section        2  use_no_semi.o(.text)
    .text                                    0x080003be   Section        0  indicate_semi.o(.text)
    [Anonymous Symbol]                       0x080003c0   Section        0  stm32g4xx_it.o(.text.BusFault_Handler)
    CUSTOM_HID_DeInit_FS                     0x080003c5   Thumb Code     4  usbd_custom_hid_if.o(.text.CUSTOM_HID_DeInit_FS)
    [Anonymous Symbol]                       0x080003c4   Section        0  usbd_custom_hid_if.o(.text.CUSTOM_HID_DeInit_FS)
    CUSTOM_HID_Init_FS                       0x080003c9   Thumb Code     4  usbd_custom_hid_if.o(.text.CUSTOM_HID_Init_FS)
    [Anonymous Symbol]                       0x080003c8   Section        0  usbd_custom_hid_if.o(.text.CUSTOM_HID_Init_FS)
    CUSTOM_HID_OutEvent_FS                   0x080003cd   Thumb Code    18  usbd_custom_hid_if.o(.text.CUSTOM_HID_OutEvent_FS)
    [Anonymous Symbol]                       0x080003cc   Section        0  usbd_custom_hid_if.o(.text.CUSTOM_HID_OutEvent_FS)
    [Anonymous Symbol]                       0x080003e0   Section        0  stm32g4xx_it.o(.text.DebugMon_Handler)
    [Anonymous Symbol]                       0x080003e4   Section        0  main.o(.text.Error_Handler)
    [Anonymous Symbol]                       0x080003f0   Section        0  stm32g4xx_hal.o(.text.HAL_GetTick)
    [Anonymous Symbol]                       0x080003fc   Section        0  stm32g4xx_hal.o(.text.HAL_IncTick)
    [Anonymous Symbol]                       0x08000418   Section        0  stm32g4xx_hal.o(.text.HAL_Init)
    [Anonymous Symbol]                       0x08000438   Section        0  stm32g4xx_hal.o(.text.HAL_InitTick)
    [Anonymous Symbol]                       0x08000484   Section        0  stm32g4xx_hal_msp.o(.text.HAL_MspInit)
    [Anonymous Symbol]                       0x080004b8   Section        0  stm32g4xx_hal_cortex.o(.text.HAL_NVIC_EnableIRQ)
    [Anonymous Symbol]                       0x080004e0   Section        0  stm32g4xx_hal_cortex.o(.text.HAL_NVIC_SetPriority)
    [Anonymous Symbol]                       0x08000538   Section        0  stm32g4xx_hal_cortex.o(.text.HAL_NVIC_SetPriorityGrouping)
    [Anonymous Symbol]                       0x08000558   Section        0  stm32g4xx_hal_pcd_ex.o(.text.HAL_PCDEx_ActivateLPM)
    [Anonymous Symbol]                       0x08000584   Section        0  usbd_conf.o(.text.HAL_PCDEx_LPM_Callback)
    [Anonymous Symbol]                       0x080005d8   Section        0  stm32g4xx_hal_pcd_ex.o(.text.HAL_PCDEx_PMAConfig)
    [Anonymous Symbol]                       0x08000614   Section        0  usbd_conf.o(.text.HAL_PCD_DataInStageCallback)
    [Anonymous Symbol]                       0x08000628   Section        0  usbd_conf.o(.text.HAL_PCD_DataOutStageCallback)
    [Anonymous Symbol]                       0x08000640   Section        0  stm32g4xx_hal_pcd.o(.text.HAL_PCD_EP_Close)
    [Anonymous Symbol]                       0x08000690   Section        0  stm32g4xx_hal_pcd.o(.text.HAL_PCD_EP_ClrStall)
    [Anonymous Symbol]                       0x080006f4   Section        0  stm32g4xx_hal_pcd.o(.text.HAL_PCD_EP_Open)
    [Anonymous Symbol]                       0x08000758   Section        0  stm32g4xx_hal_pcd.o(.text.HAL_PCD_EP_Receive)
    [Anonymous Symbol]                       0x0800078c   Section        0  stm32g4xx_hal_pcd.o(.text.HAL_PCD_EP_SetStall)
    [Anonymous Symbol]                       0x080007f0   Section        0  stm32g4xx_hal_pcd.o(.text.HAL_PCD_EP_Transmit)
    [Anonymous Symbol]                       0x08000828   Section        0  stm32g4xx_hal_pcd.o(.text.HAL_PCD_IRQHandler)
    [Anonymous Symbol]                       0x08001164   Section        0  stm32g4xx_hal_pcd.o(.text.HAL_PCD_Init)
    [Anonymous Symbol]                       0x0800137c   Section        0  usbd_conf.o(.text.HAL_PCD_MspInit)
    [Anonymous Symbol]                       0x080013e4   Section        0  usbd_conf.o(.text.HAL_PCD_ResetCallback)
    [Anonymous Symbol]                       0x08001408   Section        0  usbd_conf.o(.text.HAL_PCD_ResumeCallback)
    [Anonymous Symbol]                       0x08001430   Section        0  usbd_conf.o(.text.HAL_PCD_SOFCallback)
    [Anonymous Symbol]                       0x08001438   Section        0  stm32g4xx_hal_pcd.o(.text.HAL_PCD_SetAddress)
    [Anonymous Symbol]                       0x08001460   Section        0  usbd_conf.o(.text.HAL_PCD_SetupStageCallback)
    [Anonymous Symbol]                       0x08001470   Section        0  stm32g4xx_hal_pcd.o(.text.HAL_PCD_Start)
    [Anonymous Symbol]                       0x0800149c   Section        0  usbd_conf.o(.text.HAL_PCD_SuspendCallback)
    [Anonymous Symbol]                       0x080014c4   Section        0  stm32g4xx_hal_pwr_ex.o(.text.HAL_PWREx_ControlVoltageScaling)
    [Anonymous Symbol]                       0x080015ec   Section        0  stm32g4xx_hal_pwr_ex.o(.text.HAL_PWREx_DisableUCPDDeadBattery)
    [Anonymous Symbol]                       0x08001600   Section        0  stm32g4xx_hal_rcc_ex.o(.text.HAL_RCCEx_PeriphCLKConfig)
    [Anonymous Symbol]                       0x0800186c   Section        0  stm32g4xx_hal_rcc.o(.text.HAL_RCC_ClockConfig)
    [Anonymous Symbol]                       0x08001b80   Section        0  stm32g4xx_hal_rcc.o(.text.HAL_RCC_OscConfig)
    [Anonymous Symbol]                       0x0800202c   Section        0  stm32g4xx_hal_cortex.o(.text.HAL_SYSTICK_Config)
    [Anonymous Symbol]                       0x08002058   Section        0  stm32g4xx_it.o(.text.HardFault_Handler)
    [Anonymous Symbol]                       0x0800205c   Section        0  usb_device.o(.text.MX_USB_Device_Init)
    [Anonymous Symbol]                       0x080020d0   Section        0  stm32g4xx_it.o(.text.MemManage_Handler)
    [Anonymous Symbol]                       0x080020d4   Section        0  stm32g4xx_it.o(.text.NMI_Handler)
    [Anonymous Symbol]                       0x080020d8   Section        0  stm32g4xx_it.o(.text.PendSV_Handler)
    [Anonymous Symbol]                       0x080020dc   Section        0  stm32g4xx_it.o(.text.SVC_Handler)
    [Anonymous Symbol]                       0x080020e0   Section        0  stm32g4xx_it.o(.text.SysTick_Handler)
    [Anonymous Symbol]                       0x080020e4   Section        0  main.o(.text.SystemClock_Config)
    [Anonymous Symbol]                       0x08002150   Section        0  system_stm32g4xx.o(.text.SystemInit)
    [Anonymous Symbol]                       0x08002164   Section        0  usbd_desc.o(.text.USBD_CUSTOM_HID_ConfigStrDescriptor)
    USBD_CUSTOM_HID_DataIn                   0x08002191   Thumb Code    12  usbd_customhid.o(.text.USBD_CUSTOM_HID_DataIn)
    [Anonymous Symbol]                       0x08002190   Section        0  usbd_customhid.o(.text.USBD_CUSTOM_HID_DataIn)
    USBD_CUSTOM_HID_DataOut                  0x0800219d   Thumb Code    28  usbd_customhid.o(.text.USBD_CUSTOM_HID_DataOut)
    [Anonymous Symbol]                       0x0800219c   Section        0  usbd_customhid.o(.text.USBD_CUSTOM_HID_DataOut)
    USBD_CUSTOM_HID_DeInit                   0x080021b9   Thumb Code    56  usbd_customhid.o(.text.USBD_CUSTOM_HID_DeInit)
    [Anonymous Symbol]                       0x080021b8   Section        0  usbd_customhid.o(.text.USBD_CUSTOM_HID_DeInit)
    [Anonymous Symbol]                       0x080021f0   Section        0  usbd_desc.o(.text.USBD_CUSTOM_HID_DeviceDescriptor)
    USBD_CUSTOM_HID_EP0_RxReady              0x08002201   Thumb Code    40  usbd_customhid.o(.text.USBD_CUSTOM_HID_EP0_RxReady)
    [Anonymous Symbol]                       0x08002200   Section        0  usbd_customhid.o(.text.USBD_CUSTOM_HID_EP0_RxReady)
    USBD_CUSTOM_HID_GetDeviceQualifierDesc   0x08002229   Thumb Code    16  usbd_customhid.o(.text.USBD_CUSTOM_HID_GetDeviceQualifierDesc)
    [Anonymous Symbol]                       0x08002228   Section        0  usbd_customhid.o(.text.USBD_CUSTOM_HID_GetDeviceQualifierDesc)
    USBD_CUSTOM_HID_GetFSCfgDesc             0x08002239   Thumb Code    16  usbd_customhid.o(.text.USBD_CUSTOM_HID_GetFSCfgDesc)
    [Anonymous Symbol]                       0x08002238   Section        0  usbd_customhid.o(.text.USBD_CUSTOM_HID_GetFSCfgDesc)
    USBD_CUSTOM_HID_GetHSCfgDesc             0x08002249   Thumb Code    16  usbd_customhid.o(.text.USBD_CUSTOM_HID_GetHSCfgDesc)
    [Anonymous Symbol]                       0x08002248   Section        0  usbd_customhid.o(.text.USBD_CUSTOM_HID_GetHSCfgDesc)
    USBD_CUSTOM_HID_GetOtherSpeedCfgDesc     0x08002259   Thumb Code    16  usbd_customhid.o(.text.USBD_CUSTOM_HID_GetOtherSpeedCfgDesc)
    [Anonymous Symbol]                       0x08002258   Section        0  usbd_customhid.o(.text.USBD_CUSTOM_HID_GetOtherSpeedCfgDesc)
    USBD_CUSTOM_HID_Init                     0x08002269   Thumb Code   106  usbd_customhid.o(.text.USBD_CUSTOM_HID_Init)
    [Anonymous Symbol]                       0x08002268   Section        0  usbd_customhid.o(.text.USBD_CUSTOM_HID_Init)
    [Anonymous Symbol]                       0x080022d4   Section        0  usbd_desc.o(.text.USBD_CUSTOM_HID_InterfaceStrDescriptor)
    [Anonymous Symbol]                       0x08002304   Section        0  usbd_desc.o(.text.USBD_CUSTOM_HID_LangIDStrDescriptor)
    [Anonymous Symbol]                       0x08002314   Section        0  usbd_desc.o(.text.USBD_CUSTOM_HID_ManufacturerStrDescriptor)
    [Anonymous Symbol]                       0x08002340   Section        0  usbd_desc.o(.text.USBD_CUSTOM_HID_ProductStrDescriptor)
    [Anonymous Symbol]                       0x08002378   Section        0  usbd_customhid.o(.text.USBD_CUSTOM_HID_ReceivePacket)
    [Anonymous Symbol]                       0x08002390   Section        0  usbd_customhid.o(.text.USBD_CUSTOM_HID_RegisterInterface)
    [Anonymous Symbol]                       0x080023a0   Section        0  usbd_desc.o(.text.USBD_CUSTOM_HID_SerialStrDescriptor)
    USBD_CUSTOM_HID_Setup                    0x0800250d   Thumb Code   302  usbd_customhid.o(.text.USBD_CUSTOM_HID_Setup)
    [Anonymous Symbol]                       0x0800250c   Section        0  usbd_customhid.o(.text.USBD_CUSTOM_HID_Setup)
    [Anonymous Symbol]                       0x0800263c   Section        0  usbd_core.o(.text.USBD_ClrClassConfig)
    [Anonymous Symbol]                       0x0800264c   Section        0  usbd_ioreq.o(.text.USBD_CtlContinueRx)
    [Anonymous Symbol]                       0x0800265c   Section        0  usbd_ioreq.o(.text.USBD_CtlContinueSendData)
    [Anonymous Symbol]                       0x0800266c   Section        0  usbd_ctlreq.o(.text.USBD_CtlError)
    [Anonymous Symbol]                       0x08002684   Section        0  usbd_ioreq.o(.text.USBD_CtlPrepareRx)
    [Anonymous Symbol]                       0x080026a0   Section        0  usbd_ioreq.o(.text.USBD_CtlReceiveStatus)
    [Anonymous Symbol]                       0x080026b8   Section        0  usbd_ioreq.o(.text.USBD_CtlSendData)
    [Anonymous Symbol]                       0x080026d4   Section        0  usbd_ioreq.o(.text.USBD_CtlSendStatus)
    [Anonymous Symbol]                       0x080026ec   Section        0  usbd_ctlreq.o(.text.USBD_GetString)
    [Anonymous Symbol]                       0x080027c8   Section        0  usbd_core.o(.text.USBD_Init)
    [Anonymous Symbol]                       0x080027f4   Section        0  usbd_conf.o(.text.USBD_LL_ClearStallEP)
    [Anonymous Symbol]                       0x08002818   Section        0  usbd_conf.o(.text.USBD_LL_CloseEP)
    [Anonymous Symbol]                       0x0800283c   Section        0  usbd_core.o(.text.USBD_LL_DataInStage)
    [Anonymous Symbol]                       0x080028e4   Section        0  usbd_core.o(.text.USBD_LL_DataOutStage)
    [Anonymous Symbol]                       0x08002954   Section        0  usbd_conf.o(.text.USBD_LL_Init)
    [Anonymous Symbol]                       0x080029c8   Section        0  usbd_conf.o(.text.USBD_LL_IsStallEP)
    [Anonymous Symbol]                       0x080029ec   Section        0  usbd_conf.o(.text.USBD_LL_OpenEP)
    [Anonymous Symbol]                       0x08002a14   Section        0  usbd_conf.o(.text.USBD_LL_PrepareReceive)
    [Anonymous Symbol]                       0x08002a38   Section        0  usbd_core.o(.text.USBD_LL_Reset)
    [Anonymous Symbol]                       0x08002aa0   Section        0  usbd_core.o(.text.USBD_LL_Resume)
    [Anonymous Symbol]                       0x08002ab4   Section        0  usbd_core.o(.text.USBD_LL_SOF)
    [Anonymous Symbol]                       0x08002ad4   Section        0  usbd_core.o(.text.USBD_LL_SetSpeed)
    [Anonymous Symbol]                       0x08002adc   Section        0  usbd_conf.o(.text.USBD_LL_SetUSBAddress)
    [Anonymous Symbol]                       0x08002b00   Section        0  usbd_core.o(.text.USBD_LL_SetupStage)
    [Anonymous Symbol]                       0x08002b64   Section        0  usbd_conf.o(.text.USBD_LL_StallEP)
    [Anonymous Symbol]                       0x08002b88   Section        0  usbd_conf.o(.text.USBD_LL_Start)
    [Anonymous Symbol]                       0x08002bac   Section        0  usbd_core.o(.text.USBD_LL_Suspend)
    [Anonymous Symbol]                       0x08002bc0   Section        0  usbd_conf.o(.text.USBD_LL_Transmit)
    [Anonymous Symbol]                       0x08002be4   Section        0  usbd_ctlreq.o(.text.USBD_ParseSetupRequest)
    [Anonymous Symbol]                       0x08002bfc   Section        0  usbd_core.o(.text.USBD_RegisterClass)
    [Anonymous Symbol]                       0x08002c2c   Section        0  usbd_core.o(.text.USBD_SetClassConfig)
    [Anonymous Symbol]                       0x08002c3c   Section        0  usbd_core.o(.text.USBD_Start)
    [Anonymous Symbol]                       0x08002c40   Section        0  usbd_ctlreq.o(.text.USBD_StdDevReq)
    [Anonymous Symbol]                       0x08002fb4   Section        0  usbd_ctlreq.o(.text.USBD_StdEPReq)
    [Anonymous Symbol]                       0x080030fc   Section        0  usbd_ctlreq.o(.text.USBD_StdItfReq)
    [Anonymous Symbol]                       0x08003178   Section        0  usbd_conf.o(.text.USBD_static_free)
    [Anonymous Symbol]                       0x0800317c   Section        0  usbd_conf.o(.text.USBD_static_malloc)
    [Anonymous Symbol]                       0x08003188   Section        0  stm32g4xx_ll_usb.o(.text.USB_ActivateEndpoint)
    [Anonymous Symbol]                       0x08003468   Section        0  stm32g4xx_ll_usb.o(.text.USB_DeactivateEndpoint)
    [Anonymous Symbol]                       0x0800354c   Section        0  stm32g4xx_ll_usb.o(.text.USB_DevConnect)
    [Anonymous Symbol]                       0x08003560   Section        0  stm32g4xx_ll_usb.o(.text.USB_DevDisconnect)
    [Anonymous Symbol]                       0x08003574   Section        0  stm32g4xx_ll_usb.o(.text.USB_DevInit)
    [Anonymous Symbol]                       0x08003590   Section        0  stm32g4xx_ll_usb.o(.text.USB_DisableGlobalInt)
    [Anonymous Symbol]                       0x080035a4   Section        0  stm32g4xx_ll_usb.o(.text.USB_EPClearStall)
    [Anonymous Symbol]                       0x08003620   Section        0  stm32g4xx_ll_usb.o(.text.USB_EPSetStall)
    [Anonymous Symbol]                       0x08003654   Section        0  stm32g4xx_ll_usb.o(.text.USB_EPStartXfer)
    [Anonymous Symbol]                       0x08003d04   Section        0  stm32g4xx_ll_usb.o(.text.USB_EnableGlobalInt)
    [Anonymous Symbol]                       0x08003d18   Section        0  stm32g4xx_it.o(.text.USB_LP_IRQHandler)
    [Anonymous Symbol]                       0x08003d24   Section        0  stm32g4xx_ll_usb.o(.text.USB_ReadInterrupts)
    [Anonymous Symbol]                       0x08003d2c   Section        0  stm32g4xx_ll_usb.o(.text.USB_ReadPMA)
    [Anonymous Symbol]                       0x08003dc8   Section        0  stm32g4xx_ll_usb.o(.text.USB_SetDevAddress)
    [Anonymous Symbol]                       0x08003dd8   Section        0  stm32g4xx_ll_usb.o(.text.USB_WritePMA)
    [Anonymous Symbol]                       0x08003e5c   Section        0  stm32g4xx_it.o(.text.UsageFault_Handler)
    [Anonymous Symbol]                       0x08003e60   Section        0  main.o(.text.main)
    $v0                                      0x08003f12   Number         0  fpinit.o(x$fpl$fpinit)
    x$fpl$fpinit                             0x08003f12   Section       26  fpinit.o(x$fpl$fpinit)
    .L_MergedGlobals                         0x20000000   Data           8  stm32g4xx_hal.o(.data..L_MergedGlobals)
    [Anonymous Symbol]                       0x20000000   Section        0  stm32g4xx_hal.o(.data..L_MergedGlobals)
    CUSTOM_HID_ReportDesc_FS                 0x20000028   Data          34  usbd_custom_hid_if.o(.data.CUSTOM_HID_ReportDesc_FS)
    [Anonymous Symbol]                       0x20000028   Section        0  usbd_custom_hid_if.o(.data.CUSTOM_HID_ReportDesc_FS)
    USBD_CUSTOM_HID_CfgFSDesc                0x20000088   Data          41  usbd_customhid.o(.data.USBD_CUSTOM_HID_CfgFSDesc)
    [Anonymous Symbol]                       0x20000088   Section        0  usbd_customhid.o(.data.USBD_CUSTOM_HID_CfgFSDesc)
    USBD_CUSTOM_HID_CfgHSDesc                0x200000b4   Data          41  usbd_customhid.o(.data.USBD_CUSTOM_HID_CfgHSDesc)
    [Anonymous Symbol]                       0x200000b4   Section        0  usbd_customhid.o(.data.USBD_CUSTOM_HID_CfgHSDesc)
    USBD_CUSTOM_HID_Desc                     0x200000e0   Data           9  usbd_customhid.o(.data.USBD_CUSTOM_HID_Desc)
    [Anonymous Symbol]                       0x200000e0   Section        0  usbd_customhid.o(.data.USBD_CUSTOM_HID_Desc)
    USBD_CUSTOM_HID_DeviceQualifierDesc      0x20000100   Data          10  usbd_customhid.o(.data.USBD_CUSTOM_HID_DeviceQualifierDesc)
    [Anonymous Symbol]                       0x20000100   Section        0  usbd_customhid.o(.data.USBD_CUSTOM_HID_DeviceQualifierDesc)
    USBD_CUSTOM_HID_OtherSpeedCfgDesc        0x2000010c   Data          41  usbd_customhid.o(.data.USBD_CUSTOM_HID_OtherSpeedCfgDesc)
    [Anonymous Symbol]                       0x2000010c   Section        0  usbd_customhid.o(.data.USBD_CUSTOM_HID_OtherSpeedCfgDesc)
    .bss                                     0x20000168   Section       96  libspace.o(.bss)
    USBD_SetConfig.cfgidx                    0x200001c8   Data           1  usbd_ctlreq.o(.bss.USBD_SetConfig.cfgidx)
    [Anonymous Symbol]                       0x200001c8   Section        0  usbd_ctlreq.o(.bss.USBD_SetConfig.cfgidx)
    USBD_static_malloc.mem                   0x200003cc   Data          28  usbd_conf.o(.bss.USBD_static_malloc.mem)
    [Anonymous Symbol]                       0x200003cc   Section        0  usbd_conf.o(.bss.USBD_static_malloc.mem)
    Heap_Mem                                 0x20000998   Data         512  startup_stm32g431xx.o(HEAP)
    HEAP                                     0x20000998   Section      512  startup_stm32g431xx.o(HEAP)
    Stack_Mem                                0x20000b98   Data        1024  startup_stm32g431xx.o(STACK)
    STACK                                    0x20000b98   Section     1024  startup_stm32g431xx.o(STACK)
    __initial_sp                             0x20000f98   Data           0  startup_stm32g431xx.o(STACK)

    Global Symbols

    Symbol Name                              Value     Ov Type        Size  Object(Section)

    BuildAttributes$$THM_ISAv4$E$P$D$K$B$S$7EM$VFPi3$EXTD16$VFPS$VFMA$PE$A:L22UL41UL21$X:L11$S22US41US21$IEEE1$IW$~IW$USESV6$~STKCKD$USESV7$~SHL$OTIME$ROPI$EBA8$UX$STANDARDLIB$REQ8$PRES8$EABIv2 0x00000000   Number         0  anon$$obj.o ABSOLUTE
    __ARM_exceptions_init                     - Undefined Weak Reference
    __alloca_initialize                       - Undefined Weak Reference
    __arm_preinit_                            - Undefined Weak Reference
    __arm_relocate_pie_                       - Undefined Weak Reference
    __cpp_initialize__aeabi_                  - Undefined Weak Reference
    __cxa_finalize                            - Undefined Weak Reference
    __rt_locale                               - Undefined Weak Reference
    __sigvec_lookup                           - Undefined Weak Reference
    _atexit_init                              - Undefined Weak Reference
    _call_atexit_fns                          - Undefined Weak Reference
    _clock_init                               - Undefined Weak Reference
    _fp_trap_init                             - Undefined Weak Reference
    _fp_trap_shutdown                         - Undefined Weak Reference
    _get_lc_collate                           - Undefined Weak Reference
    _get_lc_ctype                             - Undefined Weak Reference
    _get_lc_monetary                          - Undefined Weak Reference
    _get_lc_numeric                           - Undefined Weak Reference
    _get_lc_time                              - Undefined Weak Reference
    _getenv_init                              - Undefined Weak Reference
    _handle_redirection                       - Undefined Weak Reference
    _init_alloc                               - Undefined Weak Reference
    _init_user_alloc                          - Undefined Weak Reference
    _initio                                   - Undefined Weak Reference
    _rand_init                                - Undefined Weak Reference
    _signal_finish                            - Undefined Weak Reference
    _signal_init                              - Undefined Weak Reference
    _terminate_alloc                          - Undefined Weak Reference
    _terminate_user_alloc                     - Undefined Weak Reference
    _terminateio                              - Undefined Weak Reference
    __Vectors_Size                           0x000001d8   Number         0  startup_stm32g431xx.o ABSOLUTE
    __Vectors                                0x08000000   Data           4  startup_stm32g431xx.o(RESET)
    __Vectors_End                            0x080001d8   Data           0  startup_stm32g431xx.o(RESET)
    __main                                   0x080001d9   Thumb Code     8  __main.o(!!!main)
    __scatterload                            0x080001e1   Thumb Code     0  __scatter.o(!!!scatter)
    __scatterload_rt2                        0x080001e1   Thumb Code    44  __scatter.o(!!!scatter)
    __scatterload_rt2_thumb_only             0x080001e1   Thumb Code     0  __scatter.o(!!!scatter)
    __scatterload_null                       0x080001ef   Thumb Code     0  __scatter.o(!!!scatter)
    __decompress                             0x08000215   Thumb Code    90  __dczerorl2.o(!!dczerorl2)
    __decompress1                            0x08000215   Thumb Code     0  __dczerorl2.o(!!dczerorl2)
    __scatterload_zeroinit                   0x08000271   Thumb Code    28  __scatter_zi.o(!!handler_zi)
    __rt_lib_init                            0x0800028d   Thumb Code     0  libinit.o(.ARM.Collect$$libinit$$00000000)
    __rt_lib_init_fp_1                       0x0800028f   Thumb Code     0  libinit2.o(.ARM.Collect$$libinit$$00000001)
    __rt_lib_init_alloca_1                   0x08000293   Thumb Code     0  libinit2.o(.ARM.Collect$$libinit$$00000030)
    __rt_lib_init_argv_1                     0x08000293   Thumb Code     0  libinit2.o(.ARM.Collect$$libinit$$0000002E)
    __rt_lib_init_atexit_1                   0x08000293   Thumb Code     0  libinit2.o(.ARM.Collect$$libinit$$0000001D)
    __rt_lib_init_clock_1                    0x08000293   Thumb Code     0  libinit2.o(.ARM.Collect$$libinit$$00000023)
    __rt_lib_init_cpp_1                      0x08000293   Thumb Code     0  libinit2.o(.ARM.Collect$$libinit$$00000034)
    __rt_lib_init_exceptions_1               0x08000293   Thumb Code     0  libinit2.o(.ARM.Collect$$libinit$$00000032)
    __rt_lib_init_fp_trap_1                  0x08000293   Thumb Code     0  libinit2.o(.ARM.Collect$$libinit$$00000021)
    __rt_lib_init_getenv_1                   0x08000293   Thumb Code     0  libinit2.o(.ARM.Collect$$libinit$$00000025)
    __rt_lib_init_heap_1                     0x08000293   Thumb Code     0  libinit2.o(.ARM.Collect$$libinit$$0000000C)
    __rt_lib_init_lc_collate_1               0x08000293   Thumb Code     0  libinit2.o(.ARM.Collect$$libinit$$00000013)
    __rt_lib_init_lc_ctype_1                 0x08000293   Thumb Code     0  libinit2.o(.ARM.Collect$$libinit$$00000015)
    __rt_lib_init_lc_monetary_1              0x08000293   Thumb Code     0  libinit2.o(.ARM.Collect$$libinit$$00000017)
    __rt_lib_init_lc_numeric_1               0x08000293   Thumb Code     0  libinit2.o(.ARM.Collect$$libinit$$00000019)
    __rt_lib_init_lc_time_1                  0x08000293   Thumb Code     0  libinit2.o(.ARM.Collect$$libinit$$0000001B)
    __rt_lib_init_preinit_1                  0x08000293   Thumb Code     0  libinit2.o(.ARM.Collect$$libinit$$00000006)
    __rt_lib_init_rand_1                     0x08000293   Thumb Code     0  libinit2.o(.ARM.Collect$$libinit$$00000010)
    __rt_lib_init_relocate_pie_1             0x08000293   Thumb Code     0  libinit2.o(.ARM.Collect$$libinit$$00000004)
    __rt_lib_init_return                     0x08000293   Thumb Code     0  libinit2.o(.ARM.Collect$$libinit$$00000035)
    __rt_lib_init_signal_1                   0x08000293   Thumb Code     0  libinit2.o(.ARM.Collect$$libinit$$0000001F)
    __rt_lib_init_stdio_1                    0x08000293   Thumb Code     0  libinit2.o(.ARM.Collect$$libinit$$00000027)
    __rt_lib_init_user_alloc_1               0x08000293   Thumb Code     0  libinit2.o(.ARM.Collect$$libinit$$0000000E)
    __rt_lib_shutdown                        0x08000295   Thumb Code     0  libshutdown.o(.ARM.Collect$$libshutdown$$00000000)
    __rt_lib_shutdown_cpp_1                  0x08000297   Thumb Code     0  libshutdown2.o(.ARM.Collect$$libshutdown$$00000002)
    __rt_lib_shutdown_fp_trap_1              0x08000297   Thumb Code     0  libshutdown2.o(.ARM.Collect$$libshutdown$$00000007)
    __rt_lib_shutdown_heap_1                 0x08000297   Thumb Code     0  libshutdown2.o(.ARM.Collect$$libshutdown$$0000000F)
    __rt_lib_shutdown_return                 0x08000297   Thumb Code     0  libshutdown2.o(.ARM.Collect$$libshutdown$$00000010)
    __rt_lib_shutdown_signal_1               0x08000297   Thumb Code     0  libshutdown2.o(.ARM.Collect$$libshutdown$$0000000A)
    __rt_lib_shutdown_stdio_1                0x08000297   Thumb Code     0  libshutdown2.o(.ARM.Collect$$libshutdown$$00000004)
    __rt_lib_shutdown_user_alloc_1           0x08000297   Thumb Code     0  libshutdown2.o(.ARM.Collect$$libshutdown$$0000000C)
    __rt_entry                               0x08000299   Thumb Code     0  __rtentry.o(.ARM.Collect$$rtentry$$00000000)
    __rt_entry_presh_1                       0x08000299   Thumb Code     0  __rtentry2.o(.ARM.Collect$$rtentry$$00000002)
    __rt_entry_sh                            0x08000299   Thumb Code     0  __rtentry4.o(.ARM.Collect$$rtentry$$00000004)
    __rt_entry_li                            0x0800029f   Thumb Code     0  __rtentry2.o(.ARM.Collect$$rtentry$$0000000A)
    __rt_entry_postsh_1                      0x0800029f   Thumb Code     0  __rtentry2.o(.ARM.Collect$$rtentry$$00000009)
    __rt_entry_main                          0x080002a3   Thumb Code     0  __rtentry2.o(.ARM.Collect$$rtentry$$0000000D)
    __rt_entry_postli_1                      0x080002a3   Thumb Code     0  __rtentry2.o(.ARM.Collect$$rtentry$$0000000C)
    __rt_exit                                0x080002ab   Thumb Code     0  rtexit.o(.ARM.Collect$$rtexit$$00000000)
    __rt_exit_ls                             0x080002ad   Thumb Code     0  rtexit2.o(.ARM.Collect$$rtexit$$00000003)
    __rt_exit_prels_1                        0x080002ad   Thumb Code     0  rtexit2.o(.ARM.Collect$$rtexit$$00000002)
    __rt_exit_exit                           0x080002b1   Thumb Code     0  rtexit2.o(.ARM.Collect$$rtexit$$00000004)
    Reset_Handler                            0x080002b9   Thumb Code     8  startup_stm32g431xx.o(.text)
    ADC1_2_IRQHandler                        0x080002d3   Thumb Code     0  startup_stm32g431xx.o(.text)
    COMP1_2_3_IRQHandler                     0x080002d3   Thumb Code     0  startup_stm32g431xx.o(.text)
    COMP4_IRQHandler                         0x080002d3   Thumb Code     0  startup_stm32g431xx.o(.text)
    CORDIC_IRQHandler                        0x080002d3   Thumb Code     0  startup_stm32g431xx.o(.text)
    CRS_IRQHandler                           0x080002d3   Thumb Code     0  startup_stm32g431xx.o(.text)
    DMA1_Channel1_IRQHandler                 0x080002d3   Thumb Code     0  startup_stm32g431xx.o(.text)
    DMA1_Channel2_IRQHandler                 0x080002d3   Thumb Code     0  startup_stm32g431xx.o(.text)
    DMA1_Channel3_IRQHandler                 0x080002d3   Thumb Code     0  startup_stm32g431xx.o(.text)
    DMA1_Channel4_IRQHandler                 0x080002d3   Thumb Code     0  startup_stm32g431xx.o(.text)
    DMA1_Channel5_IRQHandler                 0x080002d3   Thumb Code     0  startup_stm32g431xx.o(.text)
    DMA1_Channel6_IRQHandler                 0x080002d3   Thumb Code     0  startup_stm32g431xx.o(.text)
    DMA2_Channel1_IRQHandler                 0x080002d3   Thumb Code     0  startup_stm32g431xx.o(.text)
    DMA2_Channel2_IRQHandler                 0x080002d3   Thumb Code     0  startup_stm32g431xx.o(.text)
    DMA2_Channel3_IRQHandler                 0x080002d3   Thumb Code     0  startup_stm32g431xx.o(.text)
    DMA2_Channel4_IRQHandler                 0x080002d3   Thumb Code     0  startup_stm32g431xx.o(.text)
    DMA2_Channel5_IRQHandler                 0x080002d3   Thumb Code     0  startup_stm32g431xx.o(.text)
    DMA2_Channel6_IRQHandler                 0x080002d3   Thumb Code     0  startup_stm32g431xx.o(.text)
    DMAMUX_OVR_IRQHandler                    0x080002d3   Thumb Code     0  startup_stm32g431xx.o(.text)
    EXTI0_IRQHandler                         0x080002d3   Thumb Code     0  startup_stm32g431xx.o(.text)
    EXTI15_10_IRQHandler                     0x080002d3   Thumb Code     0  startup_stm32g431xx.o(.text)
    EXTI1_IRQHandler                         0x080002d3   Thumb Code     0  startup_stm32g431xx.o(.text)
    EXTI2_IRQHandler                         0x080002d3   Thumb Code     0  startup_stm32g431xx.o(.text)
    EXTI3_IRQHandler                         0x080002d3   Thumb Code     0  startup_stm32g431xx.o(.text)
    EXTI4_IRQHandler                         0x080002d3   Thumb Code     0  startup_stm32g431xx.o(.text)
    EXTI9_5_IRQHandler                       0x080002d3   Thumb Code     0  startup_stm32g431xx.o(.text)
    FDCAN1_IT0_IRQHandler                    0x080002d3   Thumb Code     0  startup_stm32g431xx.o(.text)
    FDCAN1_IT1_IRQHandler                    0x080002d3   Thumb Code     0  startup_stm32g431xx.o(.text)
    FLASH_IRQHandler                         0x080002d3   Thumb Code     0  startup_stm32g431xx.o(.text)
    FMAC_IRQHandler                          0x080002d3   Thumb Code     0  startup_stm32g431xx.o(.text)
    FPU_IRQHandler                           0x080002d3   Thumb Code     0  startup_stm32g431xx.o(.text)
    I2C1_ER_IRQHandler                       0x080002d3   Thumb Code     0  startup_stm32g431xx.o(.text)
    I2C1_EV_IRQHandler                       0x080002d3   Thumb Code     0  startup_stm32g431xx.o(.text)
    I2C2_ER_IRQHandler                       0x080002d3   Thumb Code     0  startup_stm32g431xx.o(.text)
    I2C2_EV_IRQHandler                       0x080002d3   Thumb Code     0  startup_stm32g431xx.o(.text)
    I2C3_ER_IRQHandler                       0x080002d3   Thumb Code     0  startup_stm32g431xx.o(.text)
    I2C3_EV_IRQHandler                       0x080002d3   Thumb Code     0  startup_stm32g431xx.o(.text)
    LPTIM1_IRQHandler                        0x080002d3   Thumb Code     0  startup_stm32g431xx.o(.text)
    LPUART1_IRQHandler                       0x080002d3   Thumb Code     0  startup_stm32g431xx.o(.text)
    PVD_PVM_IRQHandler                       0x080002d3   Thumb Code     0  startup_stm32g431xx.o(.text)
    RCC_IRQHandler                           0x080002d3   Thumb Code     0  startup_stm32g431xx.o(.text)
    RNG_IRQHandler                           0x080002d3   Thumb Code     0  startup_stm32g431xx.o(.text)
    RTC_Alarm_IRQHandler                     0x080002d3   Thumb Code     0  startup_stm32g431xx.o(.text)
    RTC_TAMP_LSECSS_IRQHandler               0x080002d3   Thumb Code     0  startup_stm32g431xx.o(.text)
    RTC_WKUP_IRQHandler                      0x080002d3   Thumb Code     0  startup_stm32g431xx.o(.text)
    SAI1_IRQHandler                          0x080002d3   Thumb Code     0  startup_stm32g431xx.o(.text)
    SPI1_IRQHandler                          0x080002d3   Thumb Code     0  startup_stm32g431xx.o(.text)
    SPI2_IRQHandler                          0x080002d3   Thumb Code     0  startup_stm32g431xx.o(.text)
    SPI3_IRQHandler                          0x080002d3   Thumb Code     0  startup_stm32g431xx.o(.text)
    TIM1_BRK_TIM15_IRQHandler                0x080002d3   Thumb Code     0  startup_stm32g431xx.o(.text)
    TIM1_CC_IRQHandler                       0x080002d3   Thumb Code     0  startup_stm32g431xx.o(.text)
    TIM1_TRG_COM_TIM17_IRQHandler            0x080002d3   Thumb Code     0  startup_stm32g431xx.o(.text)
    TIM1_UP_TIM16_IRQHandler                 0x080002d3   Thumb Code     0  startup_stm32g431xx.o(.text)
    TIM2_IRQHandler                          0x080002d3   Thumb Code     0  startup_stm32g431xx.o(.text)
    TIM3_IRQHandler                          0x080002d3   Thumb Code     0  startup_stm32g431xx.o(.text)
    TIM4_IRQHandler                          0x080002d3   Thumb Code     0  startup_stm32g431xx.o(.text)
    TIM6_DAC_IRQHandler                      0x080002d3   Thumb Code     0  startup_stm32g431xx.o(.text)
    TIM7_IRQHandler                          0x080002d3   Thumb Code     0  startup_stm32g431xx.o(.text)
    TIM8_BRK_IRQHandler                      0x080002d3   Thumb Code     0  startup_stm32g431xx.o(.text)
    TIM8_CC_IRQHandler                       0x080002d3   Thumb Code     0  startup_stm32g431xx.o(.text)
    TIM8_TRG_COM_IRQHandler                  0x080002d3   Thumb Code     0  startup_stm32g431xx.o(.text)
    TIM8_UP_IRQHandler                       0x080002d3   Thumb Code     0  startup_stm32g431xx.o(.text)
    UART4_IRQHandler                         0x080002d3   Thumb Code     0  startup_stm32g431xx.o(.text)
    UCPD1_IRQHandler                         0x080002d3   Thumb Code     0  startup_stm32g431xx.o(.text)
    USART1_IRQHandler                        0x080002d3   Thumb Code     0  startup_stm32g431xx.o(.text)
    USART2_IRQHandler                        0x080002d3   Thumb Code     0  startup_stm32g431xx.o(.text)
    USART3_IRQHandler                        0x080002d3   Thumb Code     0  startup_stm32g431xx.o(.text)
    USBWakeUp_IRQHandler                     0x080002d3   Thumb Code     0  startup_stm32g431xx.o(.text)
    USB_HP_IRQHandler                        0x080002d3   Thumb Code     0  startup_stm32g431xx.o(.text)
    WWDG_IRQHandler                          0x080002d3   Thumb Code     0  startup_stm32g431xx.o(.text)
    __user_initial_stackheap                 0x080002d5   Thumb Code     0  startup_stm32g431xx.o(.text)
    __aeabi_memclr4                          0x080002f9   Thumb Code     0  rt_memclr_w.o(.text)
    __aeabi_memclr8                          0x080002f9   Thumb Code     0  rt_memclr_w.o(.text)
    __rt_memclr_w                            0x080002f9   Thumb Code     0  rt_memclr_w.o(.text)
    _memset_w                                0x080002fd   Thumb Code    74  rt_memclr_w.o(.text)
    __use_two_region_memory                  0x08000347   Thumb Code     2  heapauxi.o(.text)
    __rt_heap_escrow$2region                 0x08000349   Thumb Code     2  heapauxi.o(.text)
    __rt_heap_expand$2region                 0x0800034b   Thumb Code     2  heapauxi.o(.text)
    __user_setup_stackheap                   0x0800034d   Thumb Code    74  sys_stackheap_outer.o(.text)
    exit                                     0x08000397   Thumb Code    18  exit.o(.text)
    __user_libspace                          0x080003a9   Thumb Code     8  libspace.o(.text)
    __user_perproc_libspace                  0x080003a9   Thumb Code     0  libspace.o(.text)
    __user_perthread_libspace                0x080003a9   Thumb Code     0  libspace.o(.text)
    _sys_exit                                0x080003b1   Thumb Code     8  sys_exit.o(.text)
    __I$use$semihosting                      0x080003bd   Thumb Code     0  use_no_semi.o(.text)
    __use_no_semihosting_swi                 0x080003bd   Thumb Code     2  use_no_semi.o(.text)
    __semihosting_library_function           0x080003bf   Thumb Code     0  indicate_semi.o(.text)
    BusFault_Handler                         0x080003c1   Thumb Code     2  stm32g4xx_it.o(.text.BusFault_Handler)
    DebugMon_Handler                         0x080003e1   Thumb Code     2  stm32g4xx_it.o(.text.DebugMon_Handler)
    Error_Handler                            0x080003e5   Thumb Code    10  main.o(.text.Error_Handler)
    HAL_GetTick                              0x080003f1   Thumb Code    12  stm32g4xx_hal.o(.text.HAL_GetTick)
    HAL_IncTick                              0x080003fd   Thumb Code    26  stm32g4xx_hal.o(.text.HAL_IncTick)
    HAL_Init                                 0x08000419   Thumb Code    30  stm32g4xx_hal.o(.text.HAL_Init)
    HAL_InitTick                             0x08000439   Thumb Code    76  stm32g4xx_hal.o(.text.HAL_InitTick)
    HAL_MspInit                              0x08000485   Thumb Code    52  stm32g4xx_hal_msp.o(.text.HAL_MspInit)
    HAL_NVIC_EnableIRQ                       0x080004b9   Thumb Code    38  stm32g4xx_hal_cortex.o(.text.HAL_NVIC_EnableIRQ)
    HAL_NVIC_SetPriority                     0x080004e1   Thumb Code    86  stm32g4xx_hal_cortex.o(.text.HAL_NVIC_SetPriority)
    HAL_NVIC_SetPriorityGrouping             0x08000539   Thumb Code    32  stm32g4xx_hal_cortex.o(.text.HAL_NVIC_SetPriorityGrouping)
    HAL_PCDEx_ActivateLPM                    0x08000559   Thumb Code    42  stm32g4xx_hal_pcd_ex.o(.text.HAL_PCDEx_ActivateLPM)
    HAL_PCDEx_LPM_Callback                   0x08000585   Thumb Code    82  usbd_conf.o(.text.HAL_PCDEx_LPM_Callback)
    HAL_PCDEx_PMAConfig                      0x080005d9   Thumb Code    58  stm32g4xx_hal_pcd_ex.o(.text.HAL_PCDEx_PMAConfig)
    HAL_PCD_DataInStageCallback              0x08000615   Thumb Code    20  usbd_conf.o(.text.HAL_PCD_DataInStageCallback)
    HAL_PCD_DataOutStageCallback             0x08000629   Thumb Code    22  usbd_conf.o(.text.HAL_PCD_DataOutStageCallback)
    HAL_PCD_EP_Close                         0x08000641   Thumb Code    78  stm32g4xx_hal_pcd.o(.text.HAL_PCD_EP_Close)
    HAL_PCD_EP_ClrStall                      0x08000691   Thumb Code    98  stm32g4xx_hal_pcd.o(.text.HAL_PCD_EP_ClrStall)
    HAL_PCD_EP_Open                          0x080006f5   Thumb Code   100  stm32g4xx_hal_pcd.o(.text.HAL_PCD_EP_Open)
    HAL_PCD_EP_Receive                       0x08000759   Thumb Code    50  stm32g4xx_hal_pcd.o(.text.HAL_PCD_EP_Receive)
    HAL_PCD_EP_SetStall                      0x0800078d   Thumb Code   100  stm32g4xx_hal_pcd.o(.text.HAL_PCD_EP_SetStall)
    HAL_PCD_EP_Transmit                      0x080007f1   Thumb Code    54  stm32g4xx_hal_pcd.o(.text.HAL_PCD_EP_Transmit)
    HAL_PCD_IRQHandler                       0x08000829   Thumb Code  2362  stm32g4xx_hal_pcd.o(.text.HAL_PCD_IRQHandler)
    HAL_PCD_Init                             0x08001165   Thumb Code   534  stm32g4xx_hal_pcd.o(.text.HAL_PCD_Init)
    HAL_PCD_MspInit                          0x0800137d   Thumb Code   102  usbd_conf.o(.text.HAL_PCD_MspInit)
    HAL_PCD_ResetCallback                    0x080013e5   Thumb Code    36  usbd_conf.o(.text.HAL_PCD_ResetCallback)
    HAL_PCD_ResumeCallback                   0x08001409   Thumb Code    40  usbd_conf.o(.text.HAL_PCD_ResumeCallback)
    HAL_PCD_SOFCallback                      0x08001431   Thumb Code     8  usbd_conf.o(.text.HAL_PCD_SOFCallback)
    HAL_PCD_SetAddress                       0x08001439   Thumb Code    38  stm32g4xx_hal_pcd.o(.text.HAL_PCD_SetAddress)
    HAL_PCD_SetupStageCallback               0x08001461   Thumb Code    14  usbd_conf.o(.text.HAL_PCD_SetupStageCallback)
    HAL_PCD_Start                            0x08001471   Thumb Code    42  stm32g4xx_hal_pcd.o(.text.HAL_PCD_Start)
    HAL_PCD_SuspendCallback                  0x0800149d   Thumb Code    38  usbd_conf.o(.text.HAL_PCD_SuspendCallback)
    HAL_PWREx_ControlVoltageScaling          0x080014c5   Thumb Code   294  stm32g4xx_hal_pwr_ex.o(.text.HAL_PWREx_ControlVoltageScaling)
    HAL_PWREx_DisableUCPDDeadBattery         0x080015ed   Thumb Code    18  stm32g4xx_hal_pwr_ex.o(.text.HAL_PWREx_DisableUCPDDeadBattery)
    HAL_RCCEx_PeriphCLKConfig                0x08001601   Thumb Code   618  stm32g4xx_hal_rcc_ex.o(.text.HAL_RCCEx_PeriphCLKConfig)
    HAL_RCC_ClockConfig                      0x0800186d   Thumb Code   788  stm32g4xx_hal_rcc.o(.text.HAL_RCC_ClockConfig)
    HAL_RCC_OscConfig                        0x08001b81   Thumb Code  1194  stm32g4xx_hal_rcc.o(.text.HAL_RCC_OscConfig)
    HAL_SYSTICK_Config                       0x0800202d   Thumb Code    44  stm32g4xx_hal_cortex.o(.text.HAL_SYSTICK_Config)
    HardFault_Handler                        0x08002059   Thumb Code     2  stm32g4xx_it.o(.text.HardFault_Handler)
    MX_USB_Device_Init                       0x0800205d   Thumb Code   114  usb_device.o(.text.MX_USB_Device_Init)
    MemManage_Handler                        0x080020d1   Thumb Code     2  stm32g4xx_it.o(.text.MemManage_Handler)
    NMI_Handler                              0x080020d5   Thumb Code     2  stm32g4xx_it.o(.text.NMI_Handler)
    PendSV_Handler                           0x080020d9   Thumb Code     2  stm32g4xx_it.o(.text.PendSV_Handler)
    SVC_Handler                              0x080020dd   Thumb Code     2  stm32g4xx_it.o(.text.SVC_Handler)
    SysTick_Handler                          0x080020e1   Thumb Code     4  stm32g4xx_it.o(.text.SysTick_Handler)
    SystemClock_Config                       0x080020e5   Thumb Code   108  main.o(.text.SystemClock_Config)
    SystemInit                               0x08002151   Thumb Code    18  system_stm32g4xx.o(.text.SystemInit)
    USBD_CUSTOM_HID_ConfigStrDescriptor      0x08002165   Thumb Code    24  usbd_desc.o(.text.USBD_CUSTOM_HID_ConfigStrDescriptor)
    USBD_CUSTOM_HID_DeviceDescriptor         0x080021f1   Thumb Code    14  usbd_desc.o(.text.USBD_CUSTOM_HID_DeviceDescriptor)
    USBD_CUSTOM_HID_InterfaceStrDescriptor   0x080022d5   Thumb Code    24  usbd_desc.o(.text.USBD_CUSTOM_HID_InterfaceStrDescriptor)
    USBD_CUSTOM_HID_LangIDStrDescriptor      0x08002305   Thumb Code    14  usbd_desc.o(.text.USBD_CUSTOM_HID_LangIDStrDescriptor)
    USBD_CUSTOM_HID_ManufacturerStrDescriptor 0x08002315   Thumb Code    24  usbd_desc.o(.text.USBD_CUSTOM_HID_ManufacturerStrDescriptor)
    USBD_CUSTOM_HID_ProductStrDescriptor     0x08002341   Thumb Code    24  usbd_desc.o(.text.USBD_CUSTOM_HID_ProductStrDescriptor)
    USBD_CUSTOM_HID_ReceivePacket            0x08002379   Thumb Code    24  usbd_customhid.o(.text.USBD_CUSTOM_HID_ReceivePacket)
    USBD_CUSTOM_HID_RegisterInterface        0x08002391   Thumb Code    14  usbd_customhid.o(.text.USBD_CUSTOM_HID_RegisterInterface)
    USBD_CUSTOM_HID_SerialStrDescriptor      0x080023a1   Thumb Code   364  usbd_desc.o(.text.USBD_CUSTOM_HID_SerialStrDescriptor)
    USBD_ClrClassConfig                      0x0800263d   Thumb Code    16  usbd_core.o(.text.USBD_ClrClassConfig)
    USBD_CtlContinueRx                       0x0800264d   Thumb Code    16  usbd_ioreq.o(.text.USBD_CtlContinueRx)
    USBD_CtlContinueSendData                 0x0800265d   Thumb Code    16  usbd_ioreq.o(.text.USBD_CtlContinueSendData)
    USBD_CtlError                            0x0800266d   Thumb Code    22  usbd_ctlreq.o(.text.USBD_CtlError)
    USBD_CtlPrepareRx                        0x08002685   Thumb Code    26  usbd_ioreq.o(.text.USBD_CtlPrepareRx)
    USBD_CtlReceiveStatus                    0x080026a1   Thumb Code    22  usbd_ioreq.o(.text.USBD_CtlReceiveStatus)
    USBD_CtlSendData                         0x080026b9   Thumb Code    26  usbd_ioreq.o(.text.USBD_CtlSendData)
    USBD_CtlSendStatus                       0x080026d5   Thumb Code    22  usbd_ioreq.o(.text.USBD_CtlSendStatus)
    USBD_GetString                           0x080026ed   Thumb Code   218  usbd_ctlreq.o(.text.USBD_GetString)
    USBD_Init                                0x080027c9   Thumb Code    42  usbd_core.o(.text.USBD_Init)
    USBD_LL_ClearStallEP                     0x080027f5   Thumb Code    34  usbd_conf.o(.text.USBD_LL_ClearStallEP)
    USBD_LL_CloseEP                          0x08002819   Thumb Code    34  usbd_conf.o(.text.USBD_LL_CloseEP)
    USBD_LL_DataInStage                      0x0800283d   Thumb Code   168  usbd_core.o(.text.USBD_LL_DataInStage)
    USBD_LL_DataOutStage                     0x080028e5   Thumb Code   110  usbd_core.o(.text.USBD_LL_DataOutStage)
    USBD_LL_Init                             0x08002955   Thumb Code   116  usbd_conf.o(.text.USBD_LL_Init)
    USBD_LL_IsStallEP                        0x080029c9   Thumb Code    34  usbd_conf.o(.text.USBD_LL_IsStallEP)
    USBD_LL_OpenEP                           0x080029ed   Thumb Code    40  usbd_conf.o(.text.USBD_LL_OpenEP)
    USBD_LL_PrepareReceive                   0x08002a15   Thumb Code    34  usbd_conf.o(.text.USBD_LL_PrepareReceive)
    USBD_LL_Reset                            0x08002a39   Thumb Code   104  usbd_core.o(.text.USBD_LL_Reset)
    USBD_LL_Resume                           0x08002aa1   Thumb Code    20  usbd_core.o(.text.USBD_LL_Resume)
    USBD_LL_SOF                              0x08002ab5   Thumb Code    32  usbd_core.o(.text.USBD_LL_SOF)
    USBD_LL_SetSpeed                         0x08002ad5   Thumb Code     8  usbd_core.o(.text.USBD_LL_SetSpeed)
    USBD_LL_SetUSBAddress                    0x08002add   Thumb Code    34  usbd_conf.o(.text.USBD_LL_SetUSBAddress)
    USBD_LL_SetupStage                       0x08002b01   Thumb Code    98  usbd_core.o(.text.USBD_LL_SetupStage)
    USBD_LL_StallEP                          0x08002b65   Thumb Code    34  usbd_conf.o(.text.USBD_LL_StallEP)
    USBD_LL_Start                            0x08002b89   Thumb Code    34  usbd_conf.o(.text.USBD_LL_Start)
    USBD_LL_Suspend                          0x08002bad   Thumb Code    20  usbd_core.o(.text.USBD_LL_Suspend)
    USBD_LL_Transmit                         0x08002bc1   Thumb Code    34  usbd_conf.o(.text.USBD_LL_Transmit)
    USBD_ParseSetupRequest                   0x08002be5   Thumb Code    22  usbd_ctlreq.o(.text.USBD_ParseSetupRequest)
    USBD_RegisterClass                       0x08002bfd   Thumb Code    46  usbd_core.o(.text.USBD_RegisterClass)
    USBD_SetClassConfig                      0x08002c2d   Thumb Code    16  usbd_core.o(.text.USBD_SetClassConfig)
    USBD_Start                               0x08002c3d   Thumb Code     4  usbd_core.o(.text.USBD_Start)
    USBD_StdDevReq                           0x08002c41   Thumb Code   884  usbd_ctlreq.o(.text.USBD_StdDevReq)
    USBD_StdEPReq                            0x08002fb5   Thumb Code   326  usbd_ctlreq.o(.text.USBD_StdEPReq)
    USBD_StdItfReq                           0x080030fd   Thumb Code   122  usbd_ctlreq.o(.text.USBD_StdItfReq)
    USBD_static_free                         0x08003179   Thumb Code     2  usbd_conf.o(.text.USBD_static_free)
    USBD_static_malloc                       0x0800317d   Thumb Code    10  usbd_conf.o(.text.USBD_static_malloc)
    USB_ActivateEndpoint                     0x08003189   Thumb Code   734  stm32g4xx_ll_usb.o(.text.USB_ActivateEndpoint)
    USB_DeactivateEndpoint                   0x08003469   Thumb Code   226  stm32g4xx_ll_usb.o(.text.USB_DeactivateEndpoint)
    USB_DevConnect                           0x0800354d   Thumb Code    18  stm32g4xx_ll_usb.o(.text.USB_DevConnect)
    USB_DevDisconnect                        0x08003561   Thumb Code    18  stm32g4xx_ll_usb.o(.text.USB_DevDisconnect)
    USB_DevInit                              0x08003575   Thumb Code    26  stm32g4xx_ll_usb.o(.text.USB_DevInit)
    USB_DisableGlobalInt                     0x08003591   Thumb Code    20  stm32g4xx_ll_usb.o(.text.USB_DisableGlobalInt)
    USB_EPClearStall                         0x080035a5   Thumb Code   124  stm32g4xx_ll_usb.o(.text.USB_EPClearStall)
    USB_EPSetStall                           0x08003621   Thumb Code    50  stm32g4xx_ll_usb.o(.text.USB_EPSetStall)
    USB_EPStartXfer                          0x08003655   Thumb Code  1710  stm32g4xx_ll_usb.o(.text.USB_EPStartXfer)
    USB_EnableGlobalInt                      0x08003d05   Thumb Code    20  stm32g4xx_ll_usb.o(.text.USB_EnableGlobalInt)
    USB_LP_IRQHandler                        0x08003d19   Thumb Code    12  stm32g4xx_it.o(.text.USB_LP_IRQHandler)
    USB_ReadInterrupts                       0x08003d25   Thumb Code     6  stm32g4xx_ll_usb.o(.text.USB_ReadInterrupts)
    USB_ReadPMA                              0x08003d2d   Thumb Code   156  stm32g4xx_ll_usb.o(.text.USB_ReadPMA)
    USB_SetDevAddress                        0x08003dc9   Thumb Code    14  stm32g4xx_ll_usb.o(.text.USB_SetDevAddress)
    USB_WritePMA                             0x08003dd9   Thumb Code   130  stm32g4xx_ll_usb.o(.text.USB_WritePMA)
    UsageFault_Handler                       0x08003e5d   Thumb Code     2  stm32g4xx_it.o(.text.UsageFault_Handler)
    main                                     0x08003e61   Thumb Code   178  main.o(.text.main)
    _fp_init                                 0x08003f13   Thumb Code    26  fpinit.o(x$fpl$fpinit)
    __fplib_config_fpu_vfp                   0x08003f2b   Thumb Code     0  fpinit.o(x$fpl$fpinit)
    __fplib_config_pureend_doubles           0x08003f2b   Thumb Code     0  fpinit.o(x$fpl$fpinit)
    AHBPrescTable                            0x08003f2c   Data          16  system_stm32g4xx.o(.rodata.AHBPrescTable)
    Region$$Table$$Base                      0x08003f3c   Number         0  anon$$obj.o(Region$$Table)
    Region$$Table$$Limit                     0x08003f5c   Number         0  anon$$obj.o(Region$$Table)
    APP_RESETI                               0x0800bfe8   Data           4  main.o(.ARM.__at_0x0800BFE8)
    APP_KEY0                                 0x0800bfec   Data           4  main.o(.ARM.__at_0x0800BFEC)
    APP_KEY1                                 0x0800bff0   Data           4  main.o(.ARM.__at_0x0800BFF0)
    APP_KEY2                                 0x0800bff4   Data           4  main.o(.ARM.__at_0x0800BFF4)
    APP_KEY3                                 0x0800bff8   Data           4  main.o(.ARM.__at_0x0800BFF8)
    APP_VER_F                                0x0800bffc   Data           4  main.o(.ARM.__at_0x0800BFFC)
    uwTickPrio                               0x20000000   Data           4  stm32g4xx_hal.o(.data..L_MergedGlobals)
    uwTickFreq                               0x20000004   Data           4  stm32g4xx_hal.o(.data..L_MergedGlobals)
    CUSTOM_HID_Desc                          0x20000008   Data          32  usbd_desc.o(.data.CUSTOM_HID_Desc)
    SystemCoreClock                          0x2000004c   Data           4  system_stm32g4xx.o(.data.SystemCoreClock)
    USBD_CUSTOM_HID                          0x20000050   Data          56  usbd_customhid.o(.data.USBD_CUSTOM_HID)
    USBD_CUSTOM_HID_DeviceDesc               0x200000ec   Data          18  usbd_desc.o(.data.USBD_CUSTOM_HID_DeviceDesc)
    USBD_CustomHID_fops_FS                   0x20000138   Data          16  usbd_custom_hid_if.o(.data.USBD_CustomHID_fops_FS)
    USBD_LangIDDesc                          0x20000148   Data           4  usbd_desc.o(.data.USBD_LangIDDesc)
    USBD_StringSerial                        0x2000014c   Data          26  usbd_desc.o(.data.USBD_StringSerial)
    __libspace_start                         0x20000168   Data          96  libspace.o(.bss)
    __temporary_stack_top$libspace           0x200001c8   Data           0  libspace.o(.bss)
    USBD_StrDesc                             0x200001cc   Data         512  usbd_desc.o(.bss.USBD_StrDesc)
    hUsbDeviceFS                             0x200003e8   Data         720  usb_device.o(.bss.hUsbDeviceFS)
    hpcd_USB_FS                              0x200006b8   Data         732  usbd_conf.o(.bss.hpcd_USB_FS)
    uwTick                                   0x20000994   Data           4  stm32g4xx_hal.o(.bss.uwTick)



==============================================================================

Memory Map of the image

  Image Entry point : 0x080001d9

  Load Region LR_IROM1 (Base: 0x08000000, Size: 0x000040c8, Max: 0x0000bfe7, ABSOLUTE, COMPRESSED[0x00004008])

    Execution Region ER_IROM1 (Exec base: 0x08000000, Load base: 0x08000000, Size: 0x00003f5c, Max: 0x0000bfe7, ABSOLUTE)

    Exec Addr    Load Addr    Size         Type   Attr      Idx    E Section Name        Object

    0x08000000   0x08000000   0x000001d8   Data   RO            3    RESET               startup_stm32g431xx.o
    0x080001d8   0x080001d8   0x00000008   Code   RO         1032  * !!!main             c_w.l(__main.o)
    0x080001e0   0x080001e0   0x00000034   Code   RO         1199    !!!scatter          c_w.l(__scatter.o)
    0x08000214   0x08000214   0x0000005a   Code   RO         1197    !!dczerorl2         c_w.l(__dczerorl2.o)
    0x0800026e   0x0800026e   0x00000002   PAD
    0x08000270   0x08000270   0x0000001c   Code   RO         1201    !!handler_zi        c_w.l(__scatter_zi.o)
    0x0800028c   0x0800028c   0x00000002   Code   RO         1059    .ARM.Collect$$libinit$$00000000  c_w.l(libinit.o)
    0x0800028e   0x0800028e   0x00000004   Code   RO         1065    .ARM.Collect$$libinit$$00000001  c_w.l(libinit2.o)
    0x08000292   0x08000292   0x00000000   Code   RO         1068    .ARM.Collect$$libinit$$00000004  c_w.l(libinit2.o)
    0x08000292   0x08000292   0x00000000   Code   RO         1070    .ARM.Collect$$libinit$$00000006  c_w.l(libinit2.o)
    0x08000292   0x08000292   0x00000000   Code   RO         1073    .ARM.Collect$$libinit$$0000000C  c_w.l(libinit2.o)
    0x08000292   0x08000292   0x00000000   Code   RO         1075    .ARM.Collect$$libinit$$0000000E  c_w.l(libinit2.o)
    0x08000292   0x08000292   0x00000000   Code   RO         1077    .ARM.Collect$$libinit$$00000010  c_w.l(libinit2.o)
    0x08000292   0x08000292   0x00000000   Code   RO         1080    .ARM.Collect$$libinit$$00000013  c_w.l(libinit2.o)
    0x08000292   0x08000292   0x00000000   Code   RO         1082    .ARM.Collect$$libinit$$00000015  c_w.l(libinit2.o)
    0x08000292   0x08000292   0x00000000   Code   RO         1084    .ARM.Collect$$libinit$$00000017  c_w.l(libinit2.o)
    0x08000292   0x08000292   0x00000000   Code   RO         1086    .ARM.Collect$$libinit$$00000019  c_w.l(libinit2.o)
    0x08000292   0x08000292   0x00000000   Code   RO         1088    .ARM.Collect$$libinit$$0000001B  c_w.l(libinit2.o)
    0x08000292   0x08000292   0x00000000   Code   RO         1090    .ARM.Collect$$libinit$$0000001D  c_w.l(libinit2.o)
    0x08000292   0x08000292   0x00000000   Code   RO         1092    .ARM.Collect$$libinit$$0000001F  c_w.l(libinit2.o)
    0x08000292   0x08000292   0x00000000   Code   RO         1094    .ARM.Collect$$libinit$$00000021  c_w.l(libinit2.o)
    0x08000292   0x08000292   0x00000000   Code   RO         1096    .ARM.Collect$$libinit$$00000023  c_w.l(libinit2.o)
    0x08000292   0x08000292   0x00000000   Code   RO         1098    .ARM.Collect$$libinit$$00000025  c_w.l(libinit2.o)
    0x08000292   0x08000292   0x00000000   Code   RO         1100    .ARM.Collect$$libinit$$00000027  c_w.l(libinit2.o)
    0x08000292   0x08000292   0x00000000   Code   RO         1104    .ARM.Collect$$libinit$$0000002E  c_w.l(libinit2.o)
    0x08000292   0x08000292   0x00000000   Code   RO         1106    .ARM.Collect$$libinit$$00000030  c_w.l(libinit2.o)
    0x08000292   0x08000292   0x00000000   Code   RO         1108    .ARM.Collect$$libinit$$00000032  c_w.l(libinit2.o)
    0x08000292   0x08000292   0x00000000   Code   RO         1110    .ARM.Collect$$libinit$$00000034  c_w.l(libinit2.o)
    0x08000292   0x08000292   0x00000002   Code   RO         1111    .ARM.Collect$$libinit$$00000035  c_w.l(libinit2.o)
    0x08000294   0x08000294   0x00000002   Code   RO         1133    .ARM.Collect$$libshutdown$$00000000  c_w.l(libshutdown.o)
    0x08000296   0x08000296   0x00000000   Code   RO         1148    .ARM.Collect$$libshutdown$$00000002  c_w.l(libshutdown2.o)
    0x08000296   0x08000296   0x00000000   Code   RO         1150    .ARM.Collect$$libshutdown$$00000004  c_w.l(libshutdown2.o)
    0x08000296   0x08000296   0x00000000   Code   RO         1153    .ARM.Collect$$libshutdown$$00000007  c_w.l(libshutdown2.o)
    0x08000296   0x08000296   0x00000000   Code   RO         1156    .ARM.Collect$$libshutdown$$0000000A  c_w.l(libshutdown2.o)
    0x08000296   0x08000296   0x00000000   Code   RO         1158    .ARM.Collect$$libshutdown$$0000000C  c_w.l(libshutdown2.o)
    0x08000296   0x08000296   0x00000000   Code   RO         1161    .ARM.Collect$$libshutdown$$0000000F  c_w.l(libshutdown2.o)
    0x08000296   0x08000296   0x00000002   Code   RO         1162    .ARM.Collect$$libshutdown$$00000010  c_w.l(libshutdown2.o)
    0x08000298   0x08000298   0x00000000   Code   RO         1034    .ARM.Collect$$rtentry$$00000000  c_w.l(__rtentry.o)
    0x08000298   0x08000298   0x00000000   Code   RO         1036    .ARM.Collect$$rtentry$$00000002  c_w.l(__rtentry2.o)
    0x08000298   0x08000298   0x00000006   Code   RO         1048    .ARM.Collect$$rtentry$$00000004  c_w.l(__rtentry4.o)
    0x0800029e   0x0800029e   0x00000000   Code   RO         1038    .ARM.Collect$$rtentry$$00000009  c_w.l(__rtentry2.o)
    0x0800029e   0x0800029e   0x00000004   Code   RO         1039    .ARM.Collect$$rtentry$$0000000A  c_w.l(__rtentry2.o)
    0x080002a2   0x080002a2   0x00000000   Code   RO         1041    .ARM.Collect$$rtentry$$0000000C  c_w.l(__rtentry2.o)
    0x080002a2   0x080002a2   0x00000008   Code   RO         1042    .ARM.Collect$$rtentry$$0000000D  c_w.l(__rtentry2.o)
    0x080002aa   0x080002aa   0x00000002   Code   RO         1063    .ARM.Collect$$rtexit$$00000000  c_w.l(rtexit.o)
    0x080002ac   0x080002ac   0x00000000   Code   RO         1113    .ARM.Collect$$rtexit$$00000002  c_w.l(rtexit2.o)
    0x080002ac   0x080002ac   0x00000004   Code   RO         1114    .ARM.Collect$$rtexit$$00000003  c_w.l(rtexit2.o)
    0x080002b0   0x080002b0   0x00000006   Code   RO         1115    .ARM.Collect$$rtexit$$00000004  c_w.l(rtexit2.o)
    0x080002b6   0x080002b6   0x00000002   PAD
    0x080002b8   0x080002b8   0x00000040   Code   RO            4    .text               startup_stm32g431xx.o
    0x080002f8   0x080002f8   0x0000004e   Code   RO         1028    .text               c_w.l(rt_memclr_w.o)
    0x08000346   0x08000346   0x00000006   Code   RO         1030    .text               c_w.l(heapauxi.o)
    0x0800034c   0x0800034c   0x0000004a   Code   RO         1050    .text               c_w.l(sys_stackheap_outer.o)
    0x08000396   0x08000396   0x00000012   Code   RO         1052    .text               c_w.l(exit.o)
    0x080003a8   0x080003a8   0x00000008   Code   RO         1060    .text               c_w.l(libspace.o)
    0x080003b0   0x080003b0   0x0000000c   Code   RO         1123    .text               c_w.l(sys_exit.o)
    0x080003bc   0x080003bc   0x00000002   Code   RO         1138    .text               c_w.l(use_no_semi.o)
    0x080003be   0x080003be   0x00000000   Code   RO         1140    .text               c_w.l(indicate_semi.o)
    0x080003be   0x080003be   0x00000002   PAD
    0x080003c0   0x080003c0   0x00000002   Code   RO           37    .text.BusFault_Handler  stm32g4xx_it.o
    0x080003c2   0x080003c2   0x00000002   PAD
    0x080003c4   0x080003c4   0x00000004   Code   RO          176    .text.CUSTOM_HID_DeInit_FS  usbd_custom_hid_if.o
    0x080003c8   0x080003c8   0x00000004   Code   RO          174    .text.CUSTOM_HID_Init_FS  usbd_custom_hid_if.o
    0x080003cc   0x080003cc   0x00000012   Code   RO          178    .text.CUSTOM_HID_OutEvent_FS  usbd_custom_hid_if.o
    0x080003de   0x080003de   0x00000002   PAD
    0x080003e0   0x080003e0   0x00000002   Code   RO           43    .text.DebugMon_Handler  stm32g4xx_it.o
    0x080003e2   0x080003e2   0x00000002   PAD
    0x080003e4   0x080003e4   0x0000000a   Code   RO           15    .text.Error_Handler  main.o
    0x080003ee   0x080003ee   0x00000002   PAD
    0x080003f0   0x080003f0   0x0000000c   Code   RO          351    .text.HAL_GetTick   stm32g4xx_hal.o
    0x080003fc   0x080003fc   0x0000001a   Code   RO          349    .text.HAL_IncTick   stm32g4xx_hal.o
    0x08000416   0x08000416   0x00000002   PAD
    0x08000418   0x08000418   0x0000001e   Code   RO          339    .text.HAL_Init      stm32g4xx_hal.o
    0x08000436   0x08000436   0x00000002   PAD
    0x08000438   0x08000438   0x0000004c   Code   RO          341    .text.HAL_InitTick  stm32g4xx_hal.o
    0x08000484   0x08000484   0x00000034   Code   RO           58    .text.HAL_MspInit   stm32g4xx_hal_msp.o
    0x080004b8   0x080004b8   0x00000026   Code   RO          805    .text.HAL_NVIC_EnableIRQ  stm32g4xx_hal_cortex.o
    0x080004de   0x080004de   0x00000002   PAD
    0x080004e0   0x080004e0   0x00000056   Code   RO          803    .text.HAL_NVIC_SetPriority  stm32g4xx_hal_cortex.o
    0x08000536   0x08000536   0x00000002   PAD
    0x08000538   0x08000538   0x00000020   Code   RO          801    .text.HAL_NVIC_SetPriorityGrouping  stm32g4xx_hal_cortex.o
    0x08000558   0x08000558   0x0000002a   Code   RO          273    .text.HAL_PCDEx_ActivateLPM  stm32g4xx_hal_pcd_ex.o
    0x08000582   0x08000582   0x00000002   PAD
    0x08000584   0x08000584   0x00000052   Code   RO          120    .text.HAL_PCDEx_LPM_Callback  usbd_conf.o
    0x080005d6   0x080005d6   0x00000002   PAD
    0x080005d8   0x080005d8   0x0000003a   Code   RO          263    .text.HAL_PCDEx_PMAConfig  stm32g4xx_hal_pcd_ex.o
    0x08000612   0x08000612   0x00000002   PAD
    0x08000614   0x08000614   0x00000014   Code   RO           74    .text.HAL_PCD_DataInStageCallback  usbd_conf.o
    0x08000628   0x08000628   0x00000016   Code   RO           72    .text.HAL_PCD_DataOutStageCallback  usbd_conf.o
    0x0800063e   0x0800063e   0x00000002   PAD
    0x08000640   0x08000640   0x0000004e   Code   RO          233    .text.HAL_PCD_EP_Close  stm32g4xx_hal_pcd.o
    0x0800068e   0x0800068e   0x00000002   PAD
    0x08000690   0x08000690   0x00000062   Code   RO          243    .text.HAL_PCD_EP_ClrStall  stm32g4xx_hal_pcd.o
    0x080006f2   0x080006f2   0x00000002   PAD
    0x080006f4   0x080006f4   0x00000064   Code   RO          231    .text.HAL_PCD_EP_Open  stm32g4xx_hal_pcd.o
    0x08000758   0x08000758   0x00000032   Code   RO          235    .text.HAL_PCD_EP_Receive  stm32g4xx_hal_pcd.o
    0x0800078a   0x0800078a   0x00000002   PAD
    0x0800078c   0x0800078c   0x00000064   Code   RO          241    .text.HAL_PCD_EP_SetStall  stm32g4xx_hal_pcd.o
    0x080007f0   0x080007f0   0x00000036   Code   RO          239    .text.HAL_PCD_EP_Transmit  stm32g4xx_hal_pcd.o
    0x08000826   0x08000826   0x00000002   PAD
    0x08000828   0x08000828   0x0000093a   Code   RO          201    .text.HAL_PCD_IRQHandler  stm32g4xx_hal_pcd.o
    0x08001162   0x08001162   0x00000002   PAD
    0x08001164   0x08001164   0x00000216   Code   RO          189    .text.HAL_PCD_Init  stm32g4xx_hal_pcd.o
    0x0800137a   0x0800137a   0x00000002   PAD
    0x0800137c   0x0800137c   0x00000066   Code   RO           66    .text.HAL_PCD_MspInit  usbd_conf.o
    0x080013e2   0x080013e2   0x00000002   PAD
    0x080013e4   0x080013e4   0x00000024   Code   RO           78    .text.HAL_PCD_ResetCallback  usbd_conf.o
    0x08001408   0x08001408   0x00000028   Code   RO           82    .text.HAL_PCD_ResumeCallback  usbd_conf.o
    0x08001430   0x08001430   0x00000008   Code   RO           76    .text.HAL_PCD_SOFCallback  usbd_conf.o
    0x08001438   0x08001438   0x00000026   Code   RO          205    .text.HAL_PCD_SetAddress  stm32g4xx_hal_pcd.o
    0x0800145e   0x0800145e   0x00000002   PAD
    0x08001460   0x08001460   0x0000000e   Code   RO           70    .text.HAL_PCD_SetupStageCallback  usbd_conf.o
    0x0800146e   0x0800146e   0x00000002   PAD
    0x08001470   0x08001470   0x0000002a   Code   RO          197    .text.HAL_PCD_Start  stm32g4xx_hal_pcd.o
    0x0800149a   0x0800149a   0x00000002   PAD
    0x0800149c   0x0800149c   0x00000026   Code   RO           80    .text.HAL_PCD_SuspendCallback  usbd_conf.o
    0x080014c2   0x080014c2   0x00000002   PAD
    0x080014c4   0x080014c4   0x00000126   Code   RO          721    .text.HAL_PWREx_ControlVoltageScaling  stm32g4xx_hal_pwr_ex.o
    0x080015ea   0x080015ea   0x00000002   PAD
    0x080015ec   0x080015ec   0x00000012   Code   RO          791    .text.HAL_PWREx_DisableUCPDDeadBattery  stm32g4xx_hal_pwr_ex.o
    0x080015fe   0x080015fe   0x00000002   PAD
    0x08001600   0x08001600   0x0000026a   Code   RO          463    .text.HAL_RCCEx_PeriphCLKConfig  stm32g4xx_hal_rcc_ex.o
    0x0800186a   0x0800186a   0x00000002   PAD
    0x0800186c   0x0800186c   0x00000314   Code   RO          429    .text.HAL_RCC_ClockConfig  stm32g4xx_hal_rcc.o
    0x08001b80   0x08001b80   0x000004aa   Code   RO          427    .text.HAL_RCC_OscConfig  stm32g4xx_hal_rcc.o
    0x0800202a   0x0800202a   0x00000002   PAD
    0x0800202c   0x0800202c   0x0000002c   Code   RO          813    .text.HAL_SYSTICK_Config  stm32g4xx_hal_cortex.o
    0x08002058   0x08002058   0x00000002   Code   RO           33    .text.HardFault_Handler  stm32g4xx_it.o
    0x0800205a   0x0800205a   0x00000002   PAD
    0x0800205c   0x0800205c   0x00000072   Code   RO          138    .text.MX_USB_Device_Init  usb_device.o
    0x080020ce   0x080020ce   0x00000002   PAD
    0x080020d0   0x080020d0   0x00000002   Code   RO           35    .text.MemManage_Handler  stm32g4xx_it.o
    0x080020d2   0x080020d2   0x00000002   PAD
    0x080020d4   0x080020d4   0x00000002   Code   RO           31    .text.NMI_Handler   stm32g4xx_it.o
    0x080020d6   0x080020d6   0x00000002   PAD
    0x080020d8   0x080020d8   0x00000002   Code   RO           45    .text.PendSV_Handler  stm32g4xx_it.o
    0x080020da   0x080020da   0x00000002   PAD
    0x080020dc   0x080020dc   0x00000002   Code   RO           41    .text.SVC_Handler   stm32g4xx_it.o
    0x080020de   0x080020de   0x00000002   PAD
    0x080020e0   0x080020e0   0x00000004   Code   RO           47    .text.SysTick_Handler  stm32g4xx_it.o
    0x080020e4   0x080020e4   0x0000006c   Code   RO           13    .text.SystemClock_Config  main.o
    0x08002150   0x08002150   0x00000012   Code   RO          851    .text.SystemInit    system_stm32g4xx.o
    0x08002162   0x08002162   0x00000002   PAD
    0x08002164   0x08002164   0x0000002c   Code   RO          157    .text.USBD_CUSTOM_HID_ConfigStrDescriptor  usbd_desc.o
    0x08002190   0x08002190   0x0000000c   Code   RO          965    .text.USBD_CUSTOM_HID_DataIn  usbd_customhid.o
    0x0800219c   0x0800219c   0x0000001c   Code   RO          967    .text.USBD_CUSTOM_HID_DataOut  usbd_customhid.o
    0x080021b8   0x080021b8   0x00000038   Code   RO          959    .text.USBD_CUSTOM_HID_DeInit  usbd_customhid.o
    0x080021f0   0x080021f0   0x0000000e   Code   RO          147    .text.USBD_CUSTOM_HID_DeviceDescriptor  usbd_desc.o
    0x080021fe   0x080021fe   0x00000002   PAD
    0x08002200   0x08002200   0x00000028   Code   RO          963    .text.USBD_CUSTOM_HID_EP0_RxReady  usbd_customhid.o
    0x08002228   0x08002228   0x00000010   Code   RO          975    .text.USBD_CUSTOM_HID_GetDeviceQualifierDesc  usbd_customhid.o
    0x08002238   0x08002238   0x00000010   Code   RO          971    .text.USBD_CUSTOM_HID_GetFSCfgDesc  usbd_customhid.o
    0x08002248   0x08002248   0x00000010   Code   RO          969    .text.USBD_CUSTOM_HID_GetHSCfgDesc  usbd_customhid.o
    0x08002258   0x08002258   0x00000010   Code   RO          973    .text.USBD_CUSTOM_HID_GetOtherSpeedCfgDesc  usbd_customhid.o
    0x08002268   0x08002268   0x0000006a   Code   RO          957    .text.USBD_CUSTOM_HID_Init  usbd_customhid.o
    0x080022d2   0x080022d2   0x00000002   PAD
    0x080022d4   0x080022d4   0x00000030   Code   RO          159    .text.USBD_CUSTOM_HID_InterfaceStrDescriptor  usbd_desc.o
    0x08002304   0x08002304   0x0000000e   Code   RO          149    .text.USBD_CUSTOM_HID_LangIDStrDescriptor  usbd_desc.o
    0x08002312   0x08002312   0x00000002   PAD
    0x08002314   0x08002314   0x0000002c   Code   RO          151    .text.USBD_CUSTOM_HID_ManufacturerStrDescriptor  usbd_desc.o
    0x08002340   0x08002340   0x00000038   Code   RO          153    .text.USBD_CUSTOM_HID_ProductStrDescriptor  usbd_desc.o
    0x08002378   0x08002378   0x00000018   Code   RO          979    .text.USBD_CUSTOM_HID_ReceivePacket  usbd_customhid.o
    0x08002390   0x08002390   0x0000000e   Code   RO          981    .text.USBD_CUSTOM_HID_RegisterInterface  usbd_customhid.o
    0x0800239e   0x0800239e   0x00000002   PAD
    0x080023a0   0x080023a0   0x0000016c   Code   RO          155    .text.USBD_CUSTOM_HID_SerialStrDescriptor  usbd_desc.o
    0x0800250c   0x0800250c   0x0000012e   Code   RO          961    .text.USBD_CUSTOM_HID_Setup  usbd_customhid.o
    0x0800263a   0x0800263a   0x00000002   PAD
    0x0800263c   0x0800263c   0x00000010   Code   RO          880    .text.USBD_ClrClassConfig  usbd_core.o
    0x0800264c   0x0800264c   0x00000010   Code   RO          941    .text.USBD_CtlContinueRx  usbd_ioreq.o
    0x0800265c   0x0800265c   0x00000010   Code   RO          937    .text.USBD_CtlContinueSendData  usbd_ioreq.o
    0x0800266c   0x0800266c   0x00000016   Code   RO          916    .text.USBD_CtlError  usbd_ctlreq.o
    0x08002682   0x08002682   0x00000002   PAD
    0x08002684   0x08002684   0x0000001a   Code   RO          939    .text.USBD_CtlPrepareRx  usbd_ioreq.o
    0x0800269e   0x0800269e   0x00000002   PAD
    0x080026a0   0x080026a0   0x00000016   Code   RO          945    .text.USBD_CtlReceiveStatus  usbd_ioreq.o
    0x080026b6   0x080026b6   0x00000002   PAD
    0x080026b8   0x080026b8   0x0000001a   Code   RO          935    .text.USBD_CtlSendData  usbd_ioreq.o
    0x080026d2   0x080026d2   0x00000002   PAD
    0x080026d4   0x080026d4   0x00000016   Code   RO          943    .text.USBD_CtlSendStatus  usbd_ioreq.o
    0x080026ea   0x080026ea   0x00000002   PAD
    0x080026ec   0x080026ec   0x000000da   Code   RO          924    .text.USBD_GetString  usbd_ctlreq.o
    0x080027c6   0x080027c6   0x00000002   PAD
    0x080027c8   0x080027c8   0x0000002a   Code   RO          866    .text.USBD_Init     usbd_core.o
    0x080027f2   0x080027f2   0x00000002   PAD
    0x080027f4   0x080027f4   0x00000022   Code   RO          108    .text.USBD_LL_ClearStallEP  usbd_conf.o
    0x08002816   0x08002816   0x00000002   PAD
    0x08002818   0x08002818   0x00000022   Code   RO          102    .text.USBD_LL_CloseEP  usbd_conf.o
    0x0800283a   0x0800283a   0x00000002   PAD
    0x0800283c   0x0800283c   0x000000a8   Code   RO          886    .text.USBD_LL_DataInStage  usbd_core.o
    0x080028e4   0x080028e4   0x0000006e   Code   RO          884    .text.USBD_LL_DataOutStage  usbd_core.o
    0x08002952   0x08002952   0x00000002   PAD
    0x08002954   0x08002954   0x00000074   Code   RO           92    .text.USBD_LL_Init  usbd_conf.o
    0x080029c8   0x080029c8   0x00000022   Code   RO          110    .text.USBD_LL_IsStallEP  usbd_conf.o
    0x080029ea   0x080029ea   0x00000002   PAD
    0x080029ec   0x080029ec   0x00000028   Code   RO          100    .text.USBD_LL_OpenEP  usbd_conf.o
    0x08002a14   0x08002a14   0x00000022   Code   RO          116    .text.USBD_LL_PrepareReceive  usbd_conf.o
    0x08002a36   0x08002a36   0x00000002   PAD
    0x08002a38   0x08002a38   0x00000068   Code   RO          888    .text.USBD_LL_Reset  usbd_core.o
    0x08002aa0   0x08002aa0   0x00000014   Code   RO          894    .text.USBD_LL_Resume  usbd_core.o
    0x08002ab4   0x08002ab4   0x00000020   Code   RO          896    .text.USBD_LL_SOF   usbd_core.o
    0x08002ad4   0x08002ad4   0x00000008   Code   RO          890    .text.USBD_LL_SetSpeed  usbd_core.o
    0x08002adc   0x08002adc   0x00000022   Code   RO          112    .text.USBD_LL_SetUSBAddress  usbd_conf.o
    0x08002afe   0x08002afe   0x00000002   PAD
    0x08002b00   0x08002b00   0x00000062   Code   RO          882    .text.USBD_LL_SetupStage  usbd_core.o
    0x08002b62   0x08002b62   0x00000002   PAD
    0x08002b64   0x08002b64   0x00000022   Code   RO          106    .text.USBD_LL_StallEP  usbd_conf.o
    0x08002b86   0x08002b86   0x00000002   PAD
    0x08002b88   0x08002b88   0x00000022   Code   RO           96    .text.USBD_LL_Start  usbd_conf.o
    0x08002baa   0x08002baa   0x00000002   PAD
    0x08002bac   0x08002bac   0x00000014   Code   RO          892    .text.USBD_LL_Suspend  usbd_core.o
    0x08002bc0   0x08002bc0   0x00000022   Code   RO          114    .text.USBD_LL_Transmit  usbd_conf.o
    0x08002be2   0x08002be2   0x00000002   PAD
    0x08002be4   0x08002be4   0x00000016   Code   RO          922    .text.USBD_ParseSetupRequest  usbd_ctlreq.o
    0x08002bfa   0x08002bfa   0x00000002   PAD
    0x08002bfc   0x08002bfc   0x0000002e   Code   RO          870    .text.USBD_RegisterClass  usbd_core.o
    0x08002c2a   0x08002c2a   0x00000002   PAD
    0x08002c2c   0x08002c2c   0x00000010   Code   RO          878    .text.USBD_SetClassConfig  usbd_core.o
    0x08002c3c   0x08002c3c   0x00000004   Code   RO          872    .text.USBD_Start    usbd_core.o
    0x08002c40   0x08002c40   0x00000374   Code   RO          914    .text.USBD_StdDevReq  usbd_ctlreq.o
    0x08002fb4   0x08002fb4   0x00000146   Code   RO          920    .text.USBD_StdEPReq  usbd_ctlreq.o
    0x080030fa   0x080030fa   0x00000002   PAD
    0x080030fc   0x080030fc   0x0000007a   Code   RO          918    .text.USBD_StdItfReq  usbd_ctlreq.o
    0x08003176   0x08003176   0x00000002   PAD
    0x08003178   0x08003178   0x00000002   Code   RO          126    .text.USBD_static_free  usbd_conf.o
    0x0800317a   0x0800317a   0x00000002   PAD
    0x0800317c   0x0800317c   0x0000000a   Code   RO          124    .text.USBD_static_malloc  usbd_conf.o
    0x08003186   0x08003186   0x00000002   PAD
    0x08003188   0x08003188   0x000002de   Code   RO          301    .text.USB_ActivateEndpoint  stm32g4xx_ll_usb.o
    0x08003466   0x08003466   0x00000002   PAD
    0x08003468   0x08003468   0x000000e2   Code   RO          303    .text.USB_DeactivateEndpoint  stm32g4xx_ll_usb.o
    0x0800354a   0x0800354a   0x00000002   PAD
    0x0800354c   0x0800354c   0x00000012   Code   RO          319    .text.USB_DevConnect  stm32g4xx_ll_usb.o
    0x0800355e   0x0800355e   0x00000002   PAD
    0x08003560   0x08003560   0x00000012   Code   RO          321    .text.USB_DevDisconnect  stm32g4xx_ll_usb.o
    0x08003572   0x08003572   0x00000002   PAD
    0x08003574   0x08003574   0x0000001a   Code   RO          295    .text.USB_DevInit   stm32g4xx_ll_usb.o
    0x0800358e   0x0800358e   0x00000002   PAD
    0x08003590   0x08003590   0x00000014   Code   RO          291    .text.USB_DisableGlobalInt  stm32g4xx_ll_usb.o
    0x080035a4   0x080035a4   0x0000007c   Code   RO          311    .text.USB_EPClearStall  stm32g4xx_ll_usb.o
    0x08003620   0x08003620   0x00000032   Code   RO          309    .text.USB_EPSetStall  stm32g4xx_ll_usb.o
    0x08003652   0x08003652   0x00000002   PAD
    0x08003654   0x08003654   0x000006ae   Code   RO          305    .text.USB_EPStartXfer  stm32g4xx_ll_usb.o
    0x08003d02   0x08003d02   0x00000002   PAD
    0x08003d04   0x08003d04   0x00000014   Code   RO          289    .text.USB_EnableGlobalInt  stm32g4xx_ll_usb.o
    0x08003d18   0x08003d18   0x0000000c   Code   RO           49    .text.USB_LP_IRQHandler  stm32g4xx_it.o
    0x08003d24   0x08003d24   0x00000006   Code   RO          323    .text.USB_ReadInterrupts  stm32g4xx_ll_usb.o
    0x08003d2a   0x08003d2a   0x00000002   PAD
    0x08003d2c   0x08003d2c   0x0000009c   Code   RO          329    .text.USB_ReadPMA   stm32g4xx_ll_usb.o
    0x08003dc8   0x08003dc8   0x0000000e   Code   RO          317    .text.USB_SetDevAddress  stm32g4xx_ll_usb.o
    0x08003dd6   0x08003dd6   0x00000002   PAD
    0x08003dd8   0x08003dd8   0x00000082   Code   RO          307    .text.USB_WritePMA  stm32g4xx_ll_usb.o
    0x08003e5a   0x08003e5a   0x00000002   PAD
    0x08003e5c   0x08003e5c   0x00000002   Code   RO           39    .text.UsageFault_Handler  stm32g4xx_it.o
    0x08003e5e   0x08003e5e   0x00000002   PAD
    0x08003e60   0x08003e60   0x000000b2   Code   RO           11    .text.main          main.o
    0x08003f12   0x08003f12   0x0000001a   Code   RO         1121    x$fpl$fpinit        fz_wm.l(fpinit.o)
    0x08003f2c   0x08003f2c   0x00000010   Data   RO          856    .rodata.AHBPrescTable  system_stm32g4xx.o
    0x08003f3c   0x08003f3c   0x00000020   Data   RO         1196    Region$$Table       anon$$obj.o


    Execution Region RW_IRAM1 (Exec base: 0x20000000, Load base: 0x08003f60, Size: 0x00000f98, Max: 0x00008000, ABSOLUTE, COMPRESSED[0x000000a8])

    Exec Addr    Load Addr    Size         Type   Attr      Idx    E Section Name        Object

    0x20000000   COMPRESSED   0x00000008   Data   RW          416    .data..L_MergedGlobals  stm32g4xx_hal.o
    0x20000008   COMPRESSED   0x00000020   Data   RW          161    .data.CUSTOM_HID_Desc  usbd_desc.o
    0x20000028   COMPRESSED   0x00000022   Data   RW          181    .data.CUSTOM_HID_ReportDesc_FS  usbd_custom_hid_if.o
    0x2000004a   COMPRESSED   0x00000002   PAD
    0x2000004c   COMPRESSED   0x00000004   Data   RW          855    .data.SystemCoreClock  system_stm32g4xx.o
    0x20000050   COMPRESSED   0x00000038   Data   RW          983    .data.USBD_CUSTOM_HID  usbd_customhid.o
    0x20000088   COMPRESSED   0x00000029   Data   RW          985    .data.USBD_CUSTOM_HID_CfgFSDesc  usbd_customhid.o
    0x200000b1   COMPRESSED   0x00000003   PAD
    0x200000b4   COMPRESSED   0x00000029   Data   RW          986    .data.USBD_CUSTOM_HID_CfgHSDesc  usbd_customhid.o
    0x200000dd   COMPRESSED   0x00000003   PAD
    0x200000e0   COMPRESSED   0x00000009   Data   RW          984    .data.USBD_CUSTOM_HID_Desc  usbd_customhid.o
    0x200000e9   COMPRESSED   0x00000003   PAD
    0x200000ec   COMPRESSED   0x00000012   Data   RW          162    .data.USBD_CUSTOM_HID_DeviceDesc  usbd_desc.o
    0x200000fe   COMPRESSED   0x00000002   PAD
    0x20000100   COMPRESSED   0x0000000a   Data   RW          988    .data.USBD_CUSTOM_HID_DeviceQualifierDesc  usbd_customhid.o
    0x2000010a   COMPRESSED   0x00000002   PAD
    0x2000010c   COMPRESSED   0x00000029   Data   RW          987    .data.USBD_CUSTOM_HID_OtherSpeedCfgDesc  usbd_customhid.o
    0x20000135   COMPRESSED   0x00000003   PAD
    0x20000138   COMPRESSED   0x00000010   Data   RW          180    .data.USBD_CustomHID_fops_FS  usbd_custom_hid_if.o
    0x20000148   COMPRESSED   0x00000004   Data   RW          163    .data.USBD_LangIDDesc  usbd_desc.o
    0x2000014c   COMPRESSED   0x0000001a   Data   RW          164    .data.USBD_StringSerial  usbd_desc.o
    0x20000166   COMPRESSED   0x00000002   PAD
    0x20000168        -       0x00000060   Zero   RW         1061    .bss                c_w.l(libspace.o)
    0x200001c8        -       0x00000001   Zero   RW          926    .bss.USBD_SetConfig.cfgidx  usbd_ctlreq.o
    0x200001c9   COMPRESSED   0x00000003   PAD
    0x200001cc        -       0x00000200   Zero   RW          165    .bss.USBD_StrDesc   usbd_desc.o
    0x200003cc        -       0x0000001c   Zero   RW          129    .bss.USBD_static_malloc.mem  usbd_conf.o
    0x200003e8        -       0x000002d0   Zero   RW          140    .bss.hUsbDeviceFS   usb_device.o
    0x200006b8        -       0x000002dc   Zero   RW          128    .bss.hpcd_USB_FS    usbd_conf.o
    0x20000994        -       0x00000004   Zero   RW          415    .bss.uwTick         stm32g4xx_hal.o
    0x20000998        -       0x00000200   Zero   RW            2    HEAP                startup_stm32g431xx.o
    0x20000b98        -       0x00000400   Zero   RW            1    STACK               startup_stm32g431xx.o



  Load Region LR$$.ARM.__at_0x0800BFE8 (Base: 0x0800bfe8, Size: 0x00000004, Max: 0x00000004, ABSOLUTE)

    Execution Region ER$$.ARM.__at_0x0800BFE8 (Exec base: 0x0800bfe8, Load base: 0x0800bfe8, Size: 0x00000004, Max: 0x00000004, ABSOLUTE, UNINIT)

    Exec Addr    Load Addr    Size         Type   Attr      Idx    E Section Name        Object

    0x0800bfe8   0x0800bfe8   0x00000004   Data   RO           17    .ARM.__at_0x0800BFE8  main.o



  Load Region LR$$.ARM.__at_0x0800BFEC (Base: 0x0800bfec, Size: 0x00000004, Max: 0x00000004, ABSOLUTE)

    Execution Region ER$$.ARM.__at_0x0800BFEC (Exec base: 0x0800bfec, Load base: 0x0800bfec, Size: 0x00000004, Max: 0x00000004, ABSOLUTE, UNINIT)

    Exec Addr    Load Addr    Size         Type   Attr      Idx    E Section Name        Object

    0x0800bfec   0x0800bfec   0x00000004   Data   RO           18    .ARM.__at_0x0800BFEC  main.o



  Load Region LR$$.ARM.__at_0x0800BFF0 (Base: 0x0800bff0, Size: 0x00000004, Max: 0x00000004, ABSOLUTE)

    Execution Region ER$$.ARM.__at_0x0800BFF0 (Exec base: 0x0800bff0, Load base: 0x0800bff0, Size: 0x00000004, Max: 0x00000004, ABSOLUTE, UNINIT)

    Exec Addr    Load Addr    Size         Type   Attr      Idx    E Section Name        Object

    0x0800bff0   0x0800bff0   0x00000004   Data   RO           19    .ARM.__at_0x0800BFF0  main.o



  Load Region LR$$.ARM.__at_0x0800BFF4 (Base: 0x0800bff4, Size: 0x00000004, Max: 0x00000004, ABSOLUTE)

    Execution Region ER$$.ARM.__at_0x0800BFF4 (Exec base: 0x0800bff4, Load base: 0x0800bff4, Size: 0x00000004, Max: 0x00000004, ABSOLUTE, UNINIT)

    Exec Addr    Load Addr    Size         Type   Attr      Idx    E Section Name        Object

    0x0800bff4   0x0800bff4   0x00000004   Data   RO           20    .ARM.__at_0x0800BFF4  main.o



  Load Region LR$$.ARM.__at_0x0800BFF8 (Base: 0x0800bff8, Size: 0x00000004, Max: 0x00000004, ABSOLUTE)

    Execution Region ER$$.ARM.__at_0x0800BFF8 (Exec base: 0x0800bff8, Load base: 0x0800bff8, Size: 0x00000004, Max: 0x00000004, ABSOLUTE, UNINIT)

    Exec Addr    Load Addr    Size         Type   Attr      Idx    E Section Name        Object

    0x0800bff8   0x0800bff8   0x00000004   Data   RO           21    .ARM.__at_0x0800BFF8  main.o



  Load Region LR$$.ARM.__at_0x0800BFFC (Base: 0x0800bffc, Size: 0x00000004, Max: 0x00000004, ABSOLUTE)

    Execution Region ER$$.ARM.__at_0x0800BFFC (Exec base: 0x0800bffc, Load base: 0x0800bffc, Size: 0x00000004, Max: 0x00000004, ABSOLUTE, UNINIT)

    Exec Addr    Load Addr    Size         Type   Attr      Idx    E Section Name        Object

    0x0800bffc   0x0800bffc   0x00000004   Data   RO           22    .ARM.__at_0x0800BFFC  main.o


==============================================================================

Image component sizes


      Code (inc. data)   RO Data    RW Data    ZI Data      Debug   Object Name

       296          0         24          0          0       3957   main.o
        64         26        472          0       1536        836   startup_stm32g431xx.o
       144          0          0          8          4       8846   stm32g4xx_hal.o
       200          0          0          0          0      10480   stm32g4xx_hal_cortex.o
        52          0          0          0          0       1731   stm32g4xx_hal_msp.o
      3456          0          0          0          0      15840   stm32g4xx_hal_pcd.o
       100          0          0          0          0       5584   stm32g4xx_hal_pcd_ex.o
       312          0          0          0          0       9766   stm32g4xx_hal_pwr_ex.o
      1982          0          0          0          0       9927   stm32g4xx_hal_rcc.o
       618          0          0          0          0      10667   stm32g4xx_hal_rcc_ex.o
        32          0          0          0          0       3869   stm32g4xx_it.o
      3252          4          0          0          0      20197   stm32g4xx_ll_usb.o
        18          0         16          4          0       2760   system_stm32g4xx.o
       114          0          0          0        720       3067   usb_device.o
       802          0          0          0        760      18563   usbd_conf.o
       684          0          0          0          0       8426   usbd_core.o
      1594         44          0          0          1      10001   usbd_ctlreq.o
        26          0          0         50          0       1575   usbd_custom_hid_if.o
       646         24          0        198          0       8472   usbd_customhid.o
       584         96          0         80        512       4379   usbd_desc.o
       128          0          0          0          0       4603   usbd_ioreq.o

    ----------------------------------------------------------------------
     15250        194        544        360       3536     163546   Object Totals
         0          0         32          0          0          0   (incl. Generated)
       146          0          0         20          3          0   (incl. Padding)

    ----------------------------------------------------------------------

      Code (inc. data)   RO Data    RW Data    ZI Data      Debug   Library Member Name

        90          0          0          0          0          0   __dczerorl2.o
         8          0          0          0          0         68   __main.o
         0          0          0          0          0          0   __rtentry.o
        12          0          0          0          0          0   __rtentry2.o
         6          0          0          0          0          0   __rtentry4.o
        52          8          0          0          0          0   __scatter.o
        28          0          0          0          0          0   __scatter_zi.o
        18          0          0          0          0         80   exit.o
         6          0          0          0          0        152   heapauxi.o
         0          0          0          0          0          0   indicate_semi.o
         2          0          0          0          0          0   libinit.o
         6          0          0          0          0          0   libinit2.o
         2          0          0          0          0          0   libshutdown.o
         2          0          0          0          0          0   libshutdown2.o
         8          4          0          0         96         68   libspace.o
        78          0          0          0          0         80   rt_memclr_w.o
         2          0          0          0          0          0   rtexit.o
        10          0          0          0          0          0   rtexit2.o
        12          4          0          0          0         68   sys_exit.o
        74          0          0          0          0         80   sys_stackheap_outer.o
         2          0          0          0          0         68   use_no_semi.o
        26          0          0          0          0        116   fpinit.o

    ----------------------------------------------------------------------
       450         16          0          0         96        780   Library Totals
         6          0          0          0          0          0   (incl. Padding)

    ----------------------------------------------------------------------

      Code (inc. data)   RO Data    RW Data    ZI Data      Debug   Library Name

       418         16          0          0         96        664   c_w.l
        26          0          0          0          0        116   fz_wm.l

    ----------------------------------------------------------------------
       450         16          0          0         96        780   Library Totals

    ----------------------------------------------------------------------

==============================================================================


      Code (inc. data)   RO Data    RW Data    ZI Data      Debug   

     15700        210        544        360       3632     163738   Grand Totals
     15700        210        544        168       3632     163738   ELF Image Totals (compressed)
     15700        210        544        168          0          0   ROM Totals

==============================================================================

    Total RO  Size (Code + RO Data)                16244 (  15.86kB)
    Total RW  Size (RW Data + ZI Data)              3992 (   3.90kB)
    Total ROM Size (Code + RO Data + RW Data)      16412 (  16.03kB)

==============================================================================

